Archive member included because of file (symbol)

c:/program files (x86)/atmel/atmel toolchain/arm gcc/native/4.8.1429/arm-gnu-toolchain/bin/../lib/gcc/arm-none-eabi/4.8.3/../../../../arm-none-eabi/lib/armv7-m\libc.a(lib_a-atoi.o)
                              src/parser.o (atoi)
c:/program files (x86)/atmel/atmel toolchain/arm gcc/native/4.8.1429/arm-gnu-toolchain/bin/../lib/gcc/arm-none-eabi/4.8.3/../../../../arm-none-eabi/lib/armv7-m\libc.a(lib_a-exit.o)
                              c:/program files (x86)/atmel/atmel toolchain/arm gcc/native/4.8.1429/arm-gnu-toolchain/bin/../lib/gcc/arm-none-eabi/4.8.3/../../../../arm-none-eabi/lib/armv7-m/crt0.o (exit)
c:/program files (x86)/atmel/atmel toolchain/arm gcc/native/4.8.1429/arm-gnu-toolchain/bin/../lib/gcc/arm-none-eabi/4.8.3/../../../../arm-none-eabi/lib/armv7-m\libc.a(lib_a-impure.o)
                              c:/program files (x86)/atmel/atmel toolchain/arm gcc/native/4.8.1429/arm-gnu-toolchain/bin/../lib/gcc/arm-none-eabi/4.8.3/../../../../arm-none-eabi/lib/armv7-m\libc.a(lib_a-exit.o) (_global_impure_ptr)
c:/program files (x86)/atmel/atmel toolchain/arm gcc/native/4.8.1429/arm-gnu-toolchain/bin/../lib/gcc/arm-none-eabi/4.8.3/../../../../arm-none-eabi/lib/armv7-m\libc.a(lib_a-init.o)
                              c:/program files (x86)/atmel/atmel toolchain/arm gcc/native/4.8.1429/arm-gnu-toolchain/bin/../lib/gcc/arm-none-eabi/4.8.3/../../../../arm-none-eabi/lib/armv7-m/crt0.o (__libc_init_array)
c:/program files (x86)/atmel/atmel toolchain/arm gcc/native/4.8.1429/arm-gnu-toolchain/bin/../lib/gcc/arm-none-eabi/4.8.3/../../../../arm-none-eabi/lib/armv7-m\libc.a(lib_a-iprintf.o)
                              src/ASF/sam/drivers/adc/adc.o (iprintf)
c:/program files (x86)/atmel/atmel toolchain/arm gcc/native/4.8.1429/arm-gnu-toolchain/bin/../lib/gcc/arm-none-eabi/4.8.3/../../../../arm-none-eabi/lib/armv7-m\libc.a(lib_a-memcpy-stub.o)
                              src/ASF/common/services/usb/class/cdc/device/udi_cdc.o (memcpy)
c:/program files (x86)/atmel/atmel toolchain/arm gcc/native/4.8.1429/arm-gnu-toolchain/bin/../lib/gcc/arm-none-eabi/4.8.3/../../../../arm-none-eabi/lib/armv7-m\libc.a(lib_a-memset.o)
                              c:/program files (x86)/atmel/atmel toolchain/arm gcc/native/4.8.1429/arm-gnu-toolchain/bin/../lib/gcc/arm-none-eabi/4.8.3/../../../../arm-none-eabi/lib/armv7-m/crt0.o (memset)
c:/program files (x86)/atmel/atmel toolchain/arm gcc/native/4.8.1429/arm-gnu-toolchain/bin/../lib/gcc/arm-none-eabi/4.8.3/../../../../arm-none-eabi/lib/armv7-m\libc.a(lib_a-puts.o)
                              src/ASF/sam/drivers/adc/adc.o (puts)
c:/program files (x86)/atmel/atmel toolchain/arm gcc/native/4.8.1429/arm-gnu-toolchain/bin/../lib/gcc/arm-none-eabi/4.8.3/../../../../arm-none-eabi/lib/armv7-m\libc.a(lib_a-sprintf.o)
                              src/parser.o (sprintf)
c:/program files (x86)/atmel/atmel toolchain/arm gcc/native/4.8.1429/arm-gnu-toolchain/bin/../lib/gcc/arm-none-eabi/4.8.3/../../../../arm-none-eabi/lib/armv7-m\libc.a(lib_a-strlen.o)
                              c:/program files (x86)/atmel/atmel toolchain/arm gcc/native/4.8.1429/arm-gnu-toolchain/bin/../lib/gcc/arm-none-eabi/4.8.3/../../../../arm-none-eabi/lib/armv7-m\libc.a(lib_a-puts.o) (strlen)
c:/program files (x86)/atmel/atmel toolchain/arm gcc/native/4.8.1429/arm-gnu-toolchain/bin/../lib/gcc/arm-none-eabi/4.8.3/../../../../arm-none-eabi/lib/armv7-m\libc.a(lib_a-strpbrk.o)
                              src/parser.o (strpbrk)
c:/program files (x86)/atmel/atmel toolchain/arm gcc/native/4.8.1429/arm-gnu-toolchain/bin/../lib/gcc/arm-none-eabi/4.8.3/../../../../arm-none-eabi/lib/armv7-m\libc.a(lib_a-strtol.o)
                              c:/program files (x86)/atmel/atmel toolchain/arm gcc/native/4.8.1429/arm-gnu-toolchain/bin/../lib/gcc/arm-none-eabi/4.8.3/../../../../arm-none-eabi/lib/armv7-m\libc.a(lib_a-atoi.o) (_strtol_r)
c:/program files (x86)/atmel/atmel toolchain/arm gcc/native/4.8.1429/arm-gnu-toolchain/bin/../lib/gcc/arm-none-eabi/4.8.3/../../../../arm-none-eabi/lib/armv7-m\libc.a(lib_a-svfprintf.o)
                              c:/program files (x86)/atmel/atmel toolchain/arm gcc/native/4.8.1429/arm-gnu-toolchain/bin/../lib/gcc/arm-none-eabi/4.8.3/../../../../arm-none-eabi/lib/armv7-m\libc.a(lib_a-sprintf.o) (_svfprintf_r)
c:/program files (x86)/atmel/atmel toolchain/arm gcc/native/4.8.1429/arm-gnu-toolchain/bin/../lib/gcc/arm-none-eabi/4.8.3/../../../../arm-none-eabi/lib/armv7-m\libc.a(lib_a-vfiprintf.o)
                              c:/program files (x86)/atmel/atmel toolchain/arm gcc/native/4.8.1429/arm-gnu-toolchain/bin/../lib/gcc/arm-none-eabi/4.8.3/../../../../arm-none-eabi/lib/armv7-m\libc.a(lib_a-iprintf.o) (_vfiprintf_r)
c:/program files (x86)/atmel/atmel toolchain/arm gcc/native/4.8.1429/arm-gnu-toolchain/bin/../lib/gcc/arm-none-eabi/4.8.3/../../../../arm-none-eabi/lib/armv7-m\libc.a(lib_a-wsetup.o)
[...]
Memory Configuration

Name             Origin             Length             Attributes
rom              0x00400000         0x00040000         xr
ram              0x20000000         0x0000c000         xrw
*default*        0x00000000         0xffffffff

Linker script and memory map

LOAD c:/program files (x86)/atmel/atmel toolchain/arm gcc/native/4.8.1429/arm-gnu-toolchain/bin/../lib/gcc/arm-none-eabi/4.8.3/armv7-m/crti.o
LOAD c:/program files (x86)/atmel/atmel toolchain/arm gcc/native/4.8.1429/arm-gnu-toolchain/bin/../lib/gcc/arm-none-eabi/4.8.3/armv7-m/crtbegin.o
LOAD c:/program files (x86)/atmel/atmel toolchain/arm gcc/native/4.8.1429/arm-gnu-toolchain/bin/../lib/gcc/arm-none-eabi/4.8.3/../../../../arm-none-eabi/lib/armv7-m/crt0.o
LOAD src/ADC_core.o
LOAD src/DAC.o
LOAD src/parser.o
LOAD src/ASF/common/boards/user_board/init.o
LOAD src/ASF/common/services/clock/sam3s/sysclk.o
LOAD src/ASF/common/services/delay/sam/cycle_counter.o
LOAD src/ASF/common/services/sleepmgr/sam/sleepmgr.o
LOAD src/ASF/common/services/usb/class/cdc/device/udi_cdc.o
LOAD src/ASF/common/services/usb/class/cdc/device/udi_cdc_desc.o
LOAD src/ASF/common/services/usb/udc/udc.o
LOAD src/ASF/common/utils/interrupt/interrupt_sam_nvic.o
LOAD src/ASF/sam/drivers/adc/adc.o
LOAD src/ASF/sam/drivers/adc/adc_sam3u.o
LOAD src/ASF/sam/drivers/dacc/dacc.o
LOAD src/ASF/sam/drivers/pio/pio.o
LOAD src/ASF/sam/drivers/pio/pio_handler.o
LOAD src/ASF/sam/drivers/pmc/pmc.o
LOAD src/ASF/sam/drivers/pmc/sleep.o
LOAD src/ASF/sam/drivers/tc/tc.o
LOAD src/ASF/sam/drivers/udp/udp_device.o
LOAD src/ASF/sam/drivers/wdt/wdt.o
LOAD src/ASF/sam/utils/cmsis/sam3s/source/templates/exceptions.o
LOAD src/ASF/sam/utils/cmsis/sam3s/source/templates/gcc/startup_sam3s.o
LOAD src/ASF/sam/utils/cmsis/sam3s/source/templates/system_sam3s.o
LOAD src/ASF/sam/utils/syscalls/gcc/syscalls.o
LOAD src/main.o
START GROUP
LOAD ../src/ASF/thirdparty/CMSIS/Lib/GCC\libarm_cortexM3l_math.a
LOAD c:/program files (x86)/atmel/atmel toolchain/arm gcc/native/4.8.1429/arm-gnu-toolchain/bin/../lib/gcc/arm-none-eabi/4.8.3/../../../../arm-none-eabi/lib/armv7-m\libm.a
END GROUP
START GROUP
LOAD c:/program files (x86)/atmel/atmel toolchain/arm gcc/native/4.8.1429/arm-gnu-toolchain/bin/../lib/gcc/arm-none-eabi/4.8.3/armv7-m\libgcc.a
LOAD c:/program files (x86)/atmel/atmel toolchain/arm gcc/native/4.8.1429/arm-gnu-toolchain/bin/../lib/gcc/arm-none-eabi/4.8.3/../../../../arm-none-eabi/lib/armv7-m\libc.a
END GROUP
LOAD c:/program files (x86)/atmel/atmel toolchain/arm gcc/native/4.8.1429/arm-gnu-toolchain/bin/../lib/gcc/arm-none-eabi/4.8.3/armv7-m/crtend.o
LOAD c:/program files (x86)/atmel/atmel toolchain/arm gcc/native/4.8.1429/arm-gnu-toolchain/bin/../lib/gcc/arm-none-eabi/4.8.3/armv7-m/crtn.o
                0x00002000                __stack_size__ = DEFINED (__stack_size__)?__stack_size__:0x2000
                0x2000bffc                __ram_end__ = ((ORIGIN (ram) + 0xc000) - 0x4)

.text           0x00400000     0x814c
                0x00400000                . = ALIGN (0x4)
                0x00400000                _sfixed = .
 *(.vectors .vectors.*)
 .vectors       0x00400000       0xd0 src/ASF/sam/utils/cmsis/sam3s/source/templates/gcc/startup_sam3s.o
                0x00400000                exception_table
 *(.text .text.* .gnu.linkonce.t.*)
 .text          0x004000d0       0xb0 c:/program files (x86)/atmel/atmel toolchain/arm gcc/native/4.8.1429/arm-gnu-toolchain/bin/../lib/gcc/arm-none-eabi/4.8.3/armv7-m/crtbegin.o
 .text.ADC_Handler
                0x00400180       0x94 src/ADC_core.o
                0x00400180                ADC_Handler
 .text.dac_init
                0x00400214       0x80 src/DAC.o
                0x00400214                dac_init
 .text.dac_set  0x00400294       0x3c src/DAC.o
                0x00400294                dac_set
 .text.print_formating_error
                0x004002d0       0x30 src/parser.o
                0x004002d0                print_formating_error
 .text.parse_comands
                0x00400300      0x420 src/parser.o
                0x00400300                parse_comands
 .text.get_current_DAQ_settings
                0x00400720       0x14 src/parser.o
                0x00400720                get_current_DAQ_settings
 .text.board_init
                0x00400734       0x5c src/ASF/common/boards/user_board/init.o
                0x00400734                board_init
 .text.sysclk_enable_usb
                0x00400790       0x50 src/ASF/common/services/clock/sam3s/sysclk.o
                0x00400790                sysclk_enable_usb
 .text.sysclk_init
                0x004007e0       0x60 src/ASF/common/services/clock/sam3s/sysclk.o
                0x004007e0                sysclk_init
 .text.udi_cdc_comm_enable
                0x00400840       0x4c src/ASF/common/services/usb/class/cdc/device/udi_cdc.o
                0x00400840                udi_cdc_comm_enable
 .text.udi_cdc_comm_disable
                0x0040088c       0x10 src/ASF/common/services/usb/class/cdc/device/udi_cdc.o
                0x0040088c                udi_cdc_comm_disable
 .text.udi_cdc_data_disable
                0x0040089c       0x1c src/ASF/common/services/usb/class/cdc/device/udi_cdc.o
                0x0040089c                udi_cdc_data_disable
 .text.udi_cdc_data_setup
                0x004008b8        0x4 src/ASF/common/services/usb/class/cdc/device/udi_cdc.o
                0x004008b8                udi_cdc_data_setup
 .text.udi_cdc_getsetting
                0x004008bc        0x4 src/ASF/common/services/usb/class/cdc/device/udi_cdc.o
                0x004008bc                udi_cdc_getsetting
 .text.udi_cdc_comm_setup
                0x004008c0       0x84 src/ASF/common/services/usb/class/cdc/device/udi_cdc.o
                0x004008c0                udi_cdc_comm_setup
 .text.udi_cdc_line_coding_received
                0x00400944        0x4 src/ASF/common/services/usb/class/cdc/device/udi_cdc.o
 .text.udi_cdc_tx_send
                0x00400948      0x144 src/ASF/common/services/usb/class/cdc/device/udi_cdc.o
 .text.udi_cdc_data_sent
                0x00400a8c       0x3c src/ASF/common/services/usb/class/cdc/device/udi_cdc.o
 .text.udi_cdc_data_sof_notify
                0x00400ac8       0x10 src/ASF/common/services/usb/class/cdc/device/udi_cdc.o
                0x00400ac8                udi_cdc_data_sof_notify
 .text.udi_cdc_multi_get_nb_received_data
                0x00400ad8       0x44 src/ASF/common/services/usb/class/cdc/device/udi_cdc.o
                0x00400ad8                udi_cdc_multi_get_nb_received_data
 .text.udi_cdc_multi_is_rx_ready
                0x00400b1c       0x14 src/ASF/common/services/usb/class/cdc/device/udi_cdc.o
                0x00400b1c                udi_cdc_multi_is_rx_ready
 .text.udi_cdc_rx_start
                0x00400b30       0xb8 src/ASF/common/services/usb/class/cdc/device/udi_cdc.o
 .text.udi_cdc_data_enable
                0x00400be8       0x90 src/ASF/common/services/usb/class/cdc/device/udi_cdc.o
                0x00400be8                udi_cdc_data_enable
 .text.udi_cdc_data_received
                0x00400c78       0x5c src/ASF/common/services/usb/class/cdc/device/udi_cdc.o
 .text.udi_cdc_is_rx_ready
                0x00400cd4       0x10 src/ASF/common/services/usb/class/cdc/device/udi_cdc.o
                0x00400cd4                udi_cdc_is_rx_ready
 .text.udi_cdc_multi_getc
                0x00400ce4       0xac src/ASF/common/services/usb/class/cdc/device/udi_cdc.o
                0x00400ce4                udi_cdc_multi_getc
 .text.udi_cdc_getc
                0x00400d90       0x10 src/ASF/common/services/usb/class/cdc/device/udi_cdc.o
                0x00400d90                udi_cdc_getc
 .text.udi_cdc_multi_get_free_tx_buffer
                0x00400da0       0x80 src/ASF/common/services/usb/class/cdc/device/udi_cdc.o
                0x00400da0                udi_cdc_multi_get_free_tx_buffer
 .text.udi_cdc_multi_is_tx_ready
                0x00400e20       0x14 src/ASF/common/services/usb/class/cdc/device/udi_cdc.o
                0x00400e20                udi_cdc_multi_is_tx_ready
 .text.udi_cdc_multi_putc
                0x00400e34       0x90 src/ASF/common/services/usb/class/cdc/device/udi_cdc.o
                0x00400e34                udi_cdc_multi_putc
 .text.udi_cdc_putc
                0x00400ec4       0x10 src/ASF/common/services/usb/class/cdc/device/udi_cdc.o
                0x00400ec4                udi_cdc_putc
 .text.udi_cdc_multi_write_buf
                0x00400ed4       0xa8 src/ASF/common/services/usb/class/cdc/device/udi_cdc.o
                0x00400ed4                udi_cdc_multi_write_buf
 .text.udi_cdc_write_buf
                0x00400f7c       0x14 src/ASF/common/services/usb/class/cdc/device/udi_cdc.o
                0x00400f7c                udi_cdc_write_buf
 .text.udc_next_desc_in_iface
                0x00400f90       0x44 src/ASF/common/services/usb/udc/udc.o
 .text.udc_valid_address
                0x00400fd4       0x18 src/ASF/common/services/usb/udc/udc.o
 .text.udc_update_iface_desc
                0x00400fec       0x68 src/ASF/common/services/usb/udc/udc.o
 .text.udc_iface_disable
                0x00401054       0x68 src/ASF/common/services/usb/udc/udc.o
 .text.udc_iface_enable
                0x004010bc       0x5c src/ASF/common/services/usb/udc/udc.o
 .text.udc_start
                0x00401118        0xc src/ASF/common/services/usb/udc/udc.o
                0x00401118                udc_start
 .text.udc_reset
                0x00401124       0x48 src/ASF/common/services/usb/udc/udc.o
                0x00401124                udc_reset
 .text.udc_sof_notify
                0x0040116c       0x3c src/ASF/common/services/usb/udc/udc.o
                0x0040116c                udc_sof_notify
 .text.udc_process_setup
                0x004011a8      0x42c src/ASF/common/services/usb/udc/udc.o
                0x004011a8                udc_process_setup
 .text.adc_enable_channel
                0x004015d4        0xc src/ASF/sam/drivers/adc/adc.o
                0x004015d4                adc_enable_channel
 .text.adc_disable_all_channel
                0x004015e0        0x8 src/ASF/sam/drivers/adc/adc.o
                0x004015e0                adc_disable_all_channel
 .text.adc_get_latest_value
                0x004015e8        0x4 src/ASF/sam/drivers/adc/adc.o
                0x004015e8                adc_get_latest_value
 .text.dacc_reset
                0x004015ec        0x8 src/ASF/sam/drivers/dacc/dacc.o
                0x004015ec                dacc_reset
 .text.dacc_disable_trigger
                0x004015f4        0xc src/ASF/sam/drivers/dacc/dacc.o
                0x004015f4                dacc_disable_trigger
 .text.dacc_write_conversion_data
                0x00401600        0x4 src/ASF/sam/drivers/dacc/dacc.o
                0x00401600                dacc_write_conversion_data
 .text.dacc_set_writeprotect
                0x00401604       0x1c src/ASF/sam/drivers/dacc/dacc.o
                0x00401604                dacc_set_writeprotect
 .text.dacc_set_channel_selection
                0x00401620       0x18 src/ASF/sam/drivers/dacc/dacc.o
                0x00401620                dacc_set_channel_selection
 .text.dacc_set_timing
                0x00401638       0x30 src/ASF/sam/drivers/dacc/dacc.o
                0x00401638                dacc_set_timing
 .text.dacc_enable_channel
                0x00401668       0x14 src/ASF/sam/drivers/dacc/dacc.o
                0x00401668                dacc_enable_channel
 .text.pio_set_peripheral
                0x0040167c       0x90 src/ASF/sam/drivers/pio/pio.o
                0x0040167c                pio_set_peripheral
 .text.pio_set_output
                0x0040170c       0x28 src/ASF/sam/drivers/pio/pio.o
                0x0040170c                pio_set_output
 .text.pio_get_interrupt_status
                0x00401734        0x4 src/ASF/sam/drivers/pio/pio.o
                0x00401734                pio_get_interrupt_status
 .text.pio_get_interrupt_mask
                0x00401738        0x4 src/ASF/sam/drivers/pio/pio.o
                0x00401738                pio_get_interrupt_mask
 .text.pio_handler_process
                0x0040173c       0x68 src/ASF/sam/drivers/pio/pio_handler.o
                0x0040173c                pio_handler_process
 .text.PIOA_Handler
                0x004017a4       0x14 src/ASF/sam/drivers/pio/pio_handler.o
                0x004017a4                PIOA_Handler
 .text.PIOB_Handler
                0x004017b8       0x14 src/ASF/sam/drivers/pio/pio_handler.o
                0x004017b8                PIOB_Handler
 .text.pmc_switch_mck_to_pllack
                0x004017cc       0x64 src/ASF/sam/drivers/pmc/pmc.o
                0x004017cc                pmc_switch_mck_to_pllack
 .text.pmc_switch_mainck_to_xtal
                0x00401830       0x54 src/ASF/sam/drivers/pmc/pmc.o
                0x00401830                pmc_switch_mainck_to_xtal
 .text.pmc_osc_is_ready_mainck
                0x00401884       0x10 src/ASF/sam/drivers/pmc/pmc.o
                0x00401884                pmc_osc_is_ready_mainck
 .text.pmc_disable_pllack
                0x00401894       0x10 src/ASF/sam/drivers/pmc/pmc.o
                0x00401894                pmc_disable_pllack
 .text.pmc_is_locked_pllack
                0x004018a4       0x10 src/ASF/sam/drivers/pmc/pmc.o
                0x004018a4                pmc_is_locked_pllack
 .text.pmc_disable_pllbck
                0x004018b4        0xc src/ASF/sam/drivers/pmc/pmc.o
                0x004018b4                pmc_disable_pllbck
 .text.pmc_is_locked_pllbck
                0x004018c0       0x10 src/ASF/sam/drivers/pmc/pmc.o
                0x004018c0                pmc_is_locked_pllbck
 .text.pmc_enable_periph_clk
                0x004018d0       0x58 src/ASF/sam/drivers/pmc/pmc.o
                0x004018d0                pmc_enable_periph_clk
 .text.pmc_disable_periph_clk
                0x00401928       0x58 src/ASF/sam/drivers/pmc/pmc.o
                0x00401928                pmc_disable_periph_clk
 .text.pmc_switch_udpck_to_pllbck
                0x00401980       0x14 src/ASF/sam/drivers/pmc/pmc.o
                0x00401980                pmc_switch_udpck_to_pllbck
 .text.pmc_enable_udpck
                0x00401994        0xc src/ASF/sam/drivers/pmc/pmc.o
                0x00401994                pmc_enable_udpck
 .text.pmc_set_fast_startup_input
                0x004019a0       0x14 src/ASF/sam/drivers/pmc/pmc.o
                0x004019a0                pmc_set_fast_startup_input
 .text.pmc_is_wakeup_clocks_restored
                0x004019b4       0x10 src/ASF/sam/drivers/pmc/sleep.o
                0x004019b4                pmc_is_wakeup_clocks_restored
 .text.tc_stop  0x004019c4        0x8 src/ASF/sam/drivers/tc/tc.o
                0x004019c4                tc_stop
 .text.udd_sleep_mode
                0x004019cc       0x74 src/ASF/sam/drivers/udp/udp_device.o
 .text.udd_ctrl_init
                0x00401a40       0x18 src/ASF/sam/drivers/udp/udp_device.o
 .text.udd_ctrl_stall_data
                0x00401a58       0x48 src/ASF/sam/drivers/udp/udp_device.o
 .text.udd_ctrl_send_zlp_in
                0x00401aa0       0x48 src/ASF/sam/drivers/udp/udp_device.o
 .text.udd_ctrl_endofrequest
                0x00401ae8       0x10 src/ASF/sam/drivers/udp/udp_device.o
 .text.udd_ctrl_in_sent
                0x00401af8      0x200 src/ASF/sam/drivers/udp/udp_device.o
 .text.udd_ep_finish_job
                0x00401cf8       0x40 src/ASF/sam/drivers/udp/udp_device.o
 .text.udd_ep_ack_out_received
                0x00401d38       0xcc src/ASF/sam/drivers/udp/udp_device.o
 .text.udd_ep_in_sent
                0x00401e04      0x160 src/ASF/sam/drivers/udp/udp_device.o
 .text.UDP_Handler
                0x00401f64      0xa70 src/ASF/sam/drivers/udp/udp_device.o
                0x00401f64                UDP_Handler
 .text.udd_attach
                0x004029d4       0x70 src/ASF/sam/drivers/udp/udp_device.o
                0x004029d4                udd_attach
 .text.udd_enable
                0x00402a44       0xb8 src/ASF/sam/drivers/udp/udp_device.o
                0x00402a44                udd_enable
 .text.udd_is_high_speed
                0x00402afc        0x4 src/ASF/sam/drivers/udp/udp_device.o
                0x00402afc                udd_is_high_speed
 .text.udd_set_address
                0x00402b00       0x38 src/ASF/sam/drivers/udp/udp_device.o
                0x00402b00                udd_set_address
 .text.udd_getaddress
                0x00402b38       0x1c src/ASF/sam/drivers/udp/udp_device.o
                0x00402b38                udd_getaddress
 .text.udd_get_frame_number
                0x00402b54       0x10 src/ASF/sam/drivers/udp/udp_device.o
                0x00402b54                udd_get_frame_number
 .text.udd_get_micro_frame_number
                0x00402b64        0x4 src/ASF/sam/drivers/udp/udp_device.o
                0x00402b64                udd_get_micro_frame_number
 .text.udd_set_setup_payload
                0x00402b68        0xc src/ASF/sam/drivers/udp/udp_device.o
                0x00402b68                udd_set_setup_payload
 .text.udd_ep_alloc
                0x00402b74      0x104 src/ASF/sam/drivers/udp/udp_device.o
                0x00402b74                udd_ep_alloc
 .text.udd_ep_free
                0x00402c78       0x38 src/ASF/sam/drivers/udp/udp_device.o
                0x00402c78                udd_ep_free
 .text.udd_ep_is_halted
                0x00402cb0       0x40 src/ASF/sam/drivers/udp/udp_device.o
                0x00402cb0                udd_ep_is_halted
 .text.udd_ep_set_halt
                0x00402cf0       0xec src/ASF/sam/drivers/udp/udp_device.o
                0x00402cf0                udd_ep_set_halt
 .text.udd_ep_clear_halt
                0x00402ddc       0xd8 src/ASF/sam/drivers/udp/udp_device.o
                0x00402ddc                udd_ep_clear_halt
 .text.udd_ep_run
                0x00402eb4      0x154 src/ASF/sam/drivers/udp/udp_device.o
                0x00402eb4                udd_ep_run
 .text.udd_ep_abort
                0x00403008      0x148 src/ASF/sam/drivers/udp/udp_device.o
                0x00403008                udd_ep_abort
 .text.wdt_disable
                0x00403150        0x8 src/ASF/sam/drivers/wdt/wdt.o
                0x00403150                wdt_disable
 .text.Dummy_Handler
                0x00403158        0x4 src/ASF/sam/utils/cmsis/sam3s/source/templates/exceptions.o
                0x00403158                DACC_Handler
                0x00403158                DebugMon_Handler
                0x00403158                HardFault_Handler
                0x00403158                TC2_Handler
                0x00403158                SPI_Handler
                0x00403158                SysTick_Handler
                0x00403158                TWI1_Handler
                0x00403158                PendSV_Handler
                0x00403158                NMI_Handler
                0x00403158                CRCCU_Handler
                0x00403158                USART0_Handler
                0x00403158                RTT_Handler
                0x00403158                RTC_Handler
                0x00403158                UsageFault_Handler
                0x00403158                WDT_Handler
                0x00403158                TC1_Handler
                0x00403158                HSMCI_Handler
                0x00403158                UART1_Handler
                0x00403158                Dummy_Handler
                0x00403158                TWI0_Handler
                0x00403158                USART1_Handler
                0x00403158                SSC_Handler
                0x00403158                ACC_Handler
                0x00403158                PMC_Handler
                0x00403158                PWM_Handler
                0x00403158                MemManage_Handler
                0x00403158                SUPC_Handler
                0x00403158                SVC_Handler
                0x00403158                EFC_Handler
                0x00403158                UART0_Handler
                0x00403158                BusFault_Handler
                0x00403158                RSTC_Handler
                0x00403158                TC0_Handler
 .text.Reset_Handler
                0x0040315c       0xb0 src/ASF/sam/utils/cmsis/sam3s/source/templates/gcc/startup_sam3s.o
                0x0040315c                Reset_Handler
 .text.SystemCoreClockUpdate
                0x0040320c      0x114 src/ASF/sam/utils/cmsis/sam3s/source/templates/system_sam3s.o
                0x0040320c                SystemCoreClockUpdate
 .text.system_init_flash
                0x00403320       0x44 src/ASF/sam/utils/cmsis/sam3s/source/templates/system_sam3s.o
                0x00403320                system_init_flash
 .text._sbrk    0x00403364       0x34 src/ASF/sam/utils/syscalls/gcc/syscalls.o
                0x00403364                _sbrk
 .text.main     0x00403398       0x34 src/main.o
                0x00403398                main
 .text          0x004033cc       0x10 c:/program files (x86)/atmel/atmel toolchain/arm gcc/native/4.8.1429/arm-gnu-toolchain/bin/../lib/gcc/arm-none-eabi/4.8.3/../../../../arm-none-eabi/lib/armv7-m\libc.a(lib_a-atoi.o)
                0x004033cc                atoi
                0x004033d4                _atoi_r
 .text          0x004033dc       0x4c c:/program files (x86)/atmel/atmel toolchain/arm gcc/native/4.8.1429/arm-gnu-toolchain/bin/../lib/gcc/arm-none-eabi/4.8.3/../../../../arm-none-eabi/lib/armv7-m\libc.a(lib_a-init.o)
                0x004033dc                __libc_init_array
 .text          0x00403428       0x12 c:/program files (x86)/atmel/atmel toolchain/arm gcc/native/4.8.1429/arm-gnu-toolchain/bin/../lib/gcc/arm-none-eabi/4.8.3/../../../../arm-none-eabi/lib/armv7-m\libc.a(lib_a-memcpy-stub.o)
                0x00403428                memcpy
 .text          0x0040343a       0x10 c:/program files (x86)/atmel/atmel toolchain/arm gcc/native/4.8.1429/arm-gnu-toolchain/bin/../lib/gcc/arm-none-eabi/4.8.3/../../../../arm-none-eabi/lib/armv7-m\libc.a(lib_a-memset.o)
                0x0040343a                memset
 *fill*         0x0040344a        0x2 
 .text          0x0040344c       0x88 c:/program files (x86)/atmel/atmel toolchain/arm gcc/native/4.8.1429/arm-gnu-toolchain/bin/../lib/gcc/arm-none-eabi/4.8.3/../../../../arm-none-eabi/lib/armv7-m\libc.a(lib_a-sprintf.o)
                0x0040344c                _sprintf_r
                0x0040348c                sprintf
 .text          0x004034d4       0x10 c:/program files (x86)/atmel/atmel toolchain/arm gcc/native/4.8.1429/arm-gnu-toolchain/bin/../lib/gcc/arm-none-eabi/4.8.3/../../../../arm-none-eabi/lib/armv7-m\libc.a(lib_a-strlen.o)
                0x004034d4                strlen
 .text          0x004034e4       0x30 c:/program files (x86)/atmel/atmel toolchain/arm gcc/native/4.8.1429/arm-gnu-toolchain/bin/../lib/gcc/arm-none-eabi/4.8.3/../../../../arm-none-eabi/lib/armv7-m\libc.a(lib_a-strpbrk.o)
                0x004034e4                strpbrk
 .text          0x00403514      0x120 c:/program files (x86)/atmel/atmel toolchain/arm gcc/native/4.8.1429/arm-gnu-toolchain/bin/../lib/gcc/arm-none-eabi/4.8.3/../../../../arm-none-eabi/lib/armv7-m\libc.a(lib_a-strtol.o)
                0x00403514                _strtol_r
                0x00403618                strtol
 .text          0x00403634      0xf30 c:/program files (x86)/atmel/atmel toolchain/arm gcc/native/4.8.1429/arm-gnu-toolchain/bin/../lib/gcc/arm-none-eabi/4.8.3/../../../../arm-none-eabi/lib/armv7-m\libc.a(lib_a-svfprintf.o)
                0x00403634                _svfprintf_r
 .text.startup  0x00404564       0x14 c:/program files (x86)/atmel/atmel toolchain/arm gcc/native/4.8.1429/arm-gnu-toolchain/bin/../lib/gcc/arm-none-eabi/4.8.3/../../../../arm-none-eabi/lib/armv7-m\libc.a(lib_a-__call_atexit.o)
 .text          0x00404578        0xc c:/program files (x86)/atmel/atmel toolchain/arm gcc/native/4.8.1429/arm-gnu-toolchain/bin/../lib/gcc/arm-none-eabi/4.8.3/../../../../arm-none-eabi/lib/armv7-m\libc.a(lib_a-atexit.o)
                0x00404578                atexit
 *fill*         0x00404584        0x4 
 .text          0x00404588      0xc80 c:/program files (x86)/atmel/atmel toolchain/arm gcc/native/4.8.1429/arm-gnu-toolchain/bin/../lib/gcc/arm-none-eabi/4.8.3/../../../../arm-none-eabi/lib/armv7-m\libc.a(lib_a-dtoa.o)
                0x004046a6                _dtoa_r
 .text          0x00405208       0x2c c:/program files (x86)/atmel/atmel toolchain/arm gcc/native/4.8.1429/arm-gnu-toolchain/bin/../lib/gcc/arm-none-eabi/4.8.3/../../../../arm-none-eabi/lib/armv7-m\libc.a(lib_a-fini.o)
                0x00405208                __libc_fini_array
 .text          0x00405234      0x20c c:/program files (x86)/atmel/atmel toolchain/arm gcc/native/4.8.1429/arm-gnu-toolchain/bin/../lib/gcc/arm-none-eabi/4.8.3/../../../../arm-none-eabi/lib/armv7-m\libc.a(lib_a-freer.o)
                0x00405234                _malloc_trim_r
                0x004052d0                _free_r
 .text          0x00405440       0x84 c:/program files (x86)/atmel/atmel toolchain/arm gcc/native/4.8.1429/arm-gnu-toolchain/bin/../lib/gcc/arm-none-eabi/4.8.3/../../../../arm-none-eabi/lib/armv7-m\libc.a(lib_a-locale.o)
                0x00405440                _setlocale_r
                0x00405480                __locale_charset
                0x00405488                __locale_mb_cur_max
                0x00405494                __locale_msgcharset
                0x0040549c                __locale_cjk_lang
                0x004054a0                _localeconv_r
                0x004054a8                setlocale
                0x004054bc                localeconv
 .text          0x004054c4      0x410 c:/program files (x86)/atmel/atmel toolchain/arm gcc/native/4.8.1429/arm-gnu-toolchain/bin/../lib/gcc/arm-none-eabi/4.8.3/../../../../arm-none-eabi/lib/armv7-m\libc.a(lib_a-mallocr.o)
                0x004054c4                _malloc_r
 .text          0x004058d4       0x1c c:/program files (x86)/atmel/atmel toolchain/arm gcc/native/4.8.1429/arm-gnu-toolchain/bin/../lib/gcc/arm-none-eabi/4.8.3/../../../../arm-none-eabi/lib/armv7-m\libc.a(lib_a-memchr-stub.o)
                0x004058d4                memchr
 .text          0x004058f0       0x36 c:/program files (x86)/atmel/atmel toolchain/arm gcc/native/4.8.1429/arm-gnu-toolchain/bin/../lib/gcc/arm-none-eabi/4.8.3/../../../../arm-none-eabi/lib/armv7-m\libc.a(lib_a-memmove.o)
                0x004058f0                memmove
 .text          0x00405926        0x4 c:/program files (x86)/atmel/atmel toolchain/arm gcc/native/4.8.1429/arm-gnu-toolchain/bin/../lib/gcc/arm-none-eabi/4.8.3/../../../../arm-none-eabi/lib/armv7-m\libc.a(lib_a-mlock.o)
                0x00405926                __malloc_lock
                0x00405928                __malloc_unlock
 *fill*         0x0040592a        0x2 
 .text          0x0040592c      0x7d4 c:/program files (x86)/atmel/atmel toolchain/arm gcc/native/4.8.1429/arm-gnu-toolchain/bin/../lib/gcc/arm-none-eabi/4.8.3/../../../../arm-none-eabi/lib/armv7-m\libc.a(lib_a-mprec.o)
                0x0040592c                _Balloc
                0x00405978                _Bfree
                0x0040598a                __multadd
                0x004059fe                __s2b
                0x00405a82                __hi0bits
                0x00405ac2                __lo0bits
                0x00405b1c                __i2b
                0x00405b2e                __multiply
                0x00405c5e                __pow5mult
                0x00405cdc                __lshift
                0x00405d82                __mcmp
                0x00405dbc                __mdiff
                0x00405e7a                __ulp
                0x00405ebc                __b2d
                0x00405f62                __d2b
                0x00406006                __ratio
                0x00406050                _mprec_log10
                0x00406084                __copybits
                0x004060b6                __any_on
 .text          0x00406100      0x354 c:/program files (x86)/atmel/atmel toolchain/arm gcc/native/4.8.1429/arm-gnu-toolchain/bin/../lib/gcc/arm-none-eabi/4.8.3/../../../../arm-none-eabi/lib/armv7-m\libc.a(lib_a-reallocr.o)
                0x00406100                _realloc_r
 .text          0x00406454       0x44 c:/program files (x86)/atmel/atmel toolchain/arm gcc/native/4.8.1429/arm-gnu-toolchain/bin/../lib/gcc/arm-none-eabi/4.8.3/../../../../arm-none-eabi/lib/armv7-m\libc.a(lib_a-s_fpclassify.o)
                0x00406454                __fpclassifyd
 .text          0x00406498       0x20 c:/program files (x86)/atmel/atmel toolchain/arm gcc/native/4.8.1429/arm-gnu-toolchain/bin/../lib/gcc/arm-none-eabi/4.8.3/../../../../arm-none-eabi/lib/armv7-m\libc.a(lib_a-sbrkr.o)
                0x00406498                _sbrk_r
 .text          0x004064b8       0x14 c:/program files (x86)/atmel/atmel toolchain/arm gcc/native/4.8.1429/arm-gnu-toolchain/bin/../lib/gcc/arm-none-eabi/4.8.3/../../../../arm-none-eabi/lib/armv7-m\libc.a(lib_a-strcmp.o)
                0x004064b8                strcmp
 .text          0x004064cc      0x8d8 c:/program files (x86)/atmel/atmel toolchain/arm gcc/native/4.8.1429/arm-gnu-toolchain/bin/../lib/gcc/arm-none-eabi/4.8.3/../../../../arm-none-eabi/lib/armv7-m\libc.a(lib_a-svfiprintf.o)
                0x004064cc                __ssprint_r
                0x004065be                _svfiprintf_r
 .text          0x00406da4       0x98 c:/program files (x86)/atmel/atmel toolchain/arm gcc/native/4.8.1429/arm-gnu-toolchain/bin/../lib/gcc/arm-none-eabi/4.8.3/../../../../arm-none-eabi/lib/armv7-m\libc.a(lib_a-__atexit.o)
                0x00406da4                __register_exitproc
 .text          0x00406e3c       0x5a c:/program files (x86)/atmel/atmel toolchain/arm gcc/native/4.8.1429/arm-gnu-toolchain/bin/../lib/gcc/arm-none-eabi/4.8.3/../../../../arm-none-eabi/lib/armv7-m\libc.a(lib_a-callocr.o)
                0x00406e3c                _calloc_r
 *fill*         0x00406e96        0x2 
 .text          0x00406e98      0x370 c:/program files (x86)/atmel/atmel toolchain/arm gcc/native/4.8.1429/arm-gnu-toolchain/bin/../lib/gcc/arm-none-eabi/4.8.3/armv7-m\libgcc.a(_arm_addsubdf3.o)
                0x00406e98                __aeabi_drsub
                0x00406ea0                __aeabi_dsub
                0x00406ea0                __subdf3
                0x00406ea4                __aeabi_dadd
                0x00406ea4                __adddf3
                0x0040711c                __floatunsidf
                0x0040711c                __aeabi_ui2d
                0x0040713c                __floatsidf
                0x0040713c                __aeabi_i2d
                0x00407160                __aeabi_f2d
                0x00407160                __extendsfdf2
                0x0040719c                __floatundidf
                0x0040719c                __aeabi_ul2d
                0x004071ac                __floatdidf
                0x004071ac                __aeabi_l2d
 .text          0x00407208      0x424 c:/program files (x86)/atmel/atmel toolchain/arm gcc/native/4.8.1429/arm-gnu-toolchain/bin/../lib/gcc/arm-none-eabi/4.8.3/armv7-m\libgcc.a(_arm_muldivdf3.o)
                0x00407208                __aeabi_dmul
                0x00407208                __muldf3
                0x0040745c                __divdf3
                0x0040745c                __aeabi_ddiv
 .text          0x0040762c      0x110 c:/program files (x86)/atmel/atmel toolchain/arm gcc/native/4.8.1429/arm-gnu-toolchain/bin/../lib/gcc/arm-none-eabi/4.8.3/armv7-m\libgcc.a(_arm_cmpdf2.o)
                0x0040762c                __gtdf2
                0x0040762c                __gedf2
                0x00407634                __ltdf2
                0x00407634                __ledf2
                0x0040763c                __nedf2
                0x0040763c                __eqdf2
                0x0040763c                __cmpdf2
                0x004076b8                __aeabi_cdrcmple
                0x004076c8                __aeabi_cdcmpeq
                0x004076c8                __aeabi_cdcmple
                0x004076d8                __aeabi_dcmpeq
                0x004076ec                __aeabi_dcmplt
                0x00407700                __aeabi_dcmple
                0x00407714                __aeabi_dcmpge
                0x00407728                __aeabi_dcmpgt
 .text          0x0040773c       0x50 c:/program files (x86)/atmel/atmel toolchain/arm gcc/native/4.8.1429/arm-gnu-toolchain/bin/../lib/gcc/arm-none-eabi/4.8.3/armv7-m\libgcc.a(_arm_fixdfsi.o)
                0x0040773c                __aeabi_d2iz
                0x0040773c                __fixdfsi
 .text          0x0040778c       0x2c c:/program files (x86)/atmel/atmel toolchain/arm gcc/native/4.8.1429/arm-gnu-toolchain/bin/../lib/gcc/arm-none-eabi/4.8.3/armv7-m\libgcc.a(_aeabi_uldivmod.o)
                0x0040778c                __aeabi_uldivmod
 .text          0x004077b8       0x60 c:/program files (x86)/atmel/atmel toolchain/arm gcc/native/4.8.1429/arm-gnu-toolchain/bin/../lib/gcc/arm-none-eabi/4.8.3/armv7-m\libgcc.a(bpabi.o)
                0x004077b8                __gnu_ldivmod_helper
                0x004077e8                __gnu_uldivmod_helper
 .text          0x00407818        0x4 c:/program files (x86)/atmel/atmel toolchain/arm gcc/native/4.8.1429/arm-gnu-toolchain/bin/../lib/gcc/arm-none-eabi/4.8.3/armv7-m\libgcc.a(_dvmd_tls.o)
                0x00407818                __aeabi_idiv0
                0x00407818                __aeabi_ldiv0
 .text          0x0040781c      0x2a0 c:/program files (x86)/atmel/atmel toolchain/arm gcc/native/4.8.1429/arm-gnu-toolchain/bin/../lib/gcc/arm-none-eabi/4.8.3/armv7-m\libgcc.a(_divdi3.o)
                0x0040781c                __divdi3
 .text          0x00407abc      0x290 c:/program files (x86)/atmel/atmel toolchain/arm gcc/native/4.8.1429/arm-gnu-toolchain/bin/../lib/gcc/arm-none-eabi/4.8.3/armv7-m\libgcc.a(_udivdi3.o)
                0x00407abc                __udivdi3
 *(.glue_7t)
 .glue_7t       0x00000000        0x0 linker stubs
 *(.glue_7)
 .glue_7        0x00000000        0x0 linker stubs
 *(.rodata .rodata* .gnu.linkonce.r.*)
 .rodata.str1.4
                0x00407d4c      0x120 src/parser.o
 .rodata        0x00407e6c        0x4 c:/program files (x86)/atmel/atmel toolchain/arm gcc/native/4.8.1429/arm-gnu-toolchain/bin/../lib/gcc/arm-none-eabi/4.8.3/../../../../arm-none-eabi/lib/armv7-m\libc.a(lib_a-impure.o)
                0x00407e6c                _global_impure_ptr
 .rodata.str1.1
                0x00407e70        0x2 c:/program files (x86)/atmel/atmel toolchain/arm gcc/native/4.8.1429/arm-gnu-toolchain/bin/../lib/gcc/arm-none-eabi/4.8.3/../../../../arm-none-eabi/lib/armv7-m\libc.a(lib_a-impure.o)
 .rodata        0x00407e72       0x20 c:/program files (x86)/atmel/atmel toolchain/arm gcc/native/4.8.1429/arm-gnu-toolchain/bin/../lib/gcc/arm-none-eabi/4.8.3/../../../../arm-none-eabi/lib/armv7-m\libc.a(lib_a-svfprintf.o)
 .rodata.str1.1
                0x00407e92       0x34 c:/program files (x86)/atmel/atmel toolchain/arm gcc/native/4.8.1429/arm-gnu-toolchain/bin/../lib/gcc/arm-none-eabi/4.8.3/../../../../arm-none-eabi/lib/armv7-m\libc.a(lib_a-svfprintf.o)
 .rodata        0x00407ec6      0x101 c:/program files (x86)/atmel/atmel toolchain/arm gcc/native/4.8.1429/arm-gnu-toolchain/bin/../lib/gcc/arm-none-eabi/4.8.3/../../../../arm-none-eabi/lib/armv7-m\libc.a(lib_a-ctype_.o)
                0x00407ec6                _ctype_
 .rodata.str1.1
                0x00407fc7        0xd c:/program files (x86)/atmel/atmel toolchain/arm gcc/native/4.8.1429/arm-gnu-toolchain/bin/../lib/gcc/arm-none-eabi/4.8.3/../../../../arm-none-eabi/lib/armv7-m\libc.a(lib_a-dtoa.o)
                                  0xf (size before relaxing)
 .rodata.str1.1
                0x00407fd4        0x8 c:/program files (x86)/atmel/atmel toolchain/arm gcc/native/4.8.1429/arm-gnu-toolchain/bin/../lib/gcc/arm-none-eabi/4.8.3/../../../../arm-none-eabi/lib/armv7-m\libc.a(lib_a-locale.o)
                                  0xb (size before relaxing)
 *fill*         0x00407fdc        0x4 
 .rodata        0x00407fe0      0x128 c:/program files (x86)/atmel/atmel toolchain/arm gcc/native/4.8.1429/arm-gnu-toolchain/bin/../lib/gcc/arm-none-eabi/4.8.3/../../../../arm-none-eabi/lib/armv7-m\libc.a(lib_a-mprec.o)
                0x00407ff0                __mprec_tens
                0x004080b8                __mprec_tinytens
                0x004080e0                __mprec_bigtens
 .rodata        0x00408108       0x20 c:/program files (x86)/atmel/atmel toolchain/arm gcc/native/4.8.1429/arm-gnu-toolchain/bin/../lib/gcc/arm-none-eabi/4.8.3/../../../../arm-none-eabi/lib/armv7-m\libc.a(lib_a-svfiprintf.o)
 .rodata.str1.1
                0x00000000       0x22 c:/program files (x86)/atmel/atmel toolchain/arm gcc/native/4.8.1429/arm-gnu-toolchain/bin/../lib/gcc/arm-none-eabi/4.8.3/../../../../arm-none-eabi/lib/armv7-m\libc.a(lib_a-svfiprintf.o)
 *(.ARM.extab* .gnu.linkonce.armextab.*)
                0x00408128                . = ALIGN (0x4)
 *(.init)
 .init          0x00408128        0x4 c:/program files (x86)/atmel/atmel toolchain/arm gcc/native/4.8.1429/arm-gnu-toolchain/bin/../lib/gcc/arm-none-eabi/4.8.3/armv7-m/crti.o
                0x00408128                _init
 .init          0x0040812c        0x8 c:/program files (x86)/atmel/atmel toolchain/arm gcc/native/4.8.1429/arm-gnu-toolchain/bin/../lib/gcc/arm-none-eabi/4.8.3/armv7-m/crtn.o
                0x00408134                . = ALIGN (0x4)
                0x00408134                __preinit_array_start = .
 *(.preinit_array)
                0x00408134                __preinit_array_end = .
                0x00408134                . = ALIGN (0x4)
                0x00408134                __init_array_start = .
 *(SORT(.init_array.*))
 .init_array.00000
                0x00408134        0x4 c:/program files (x86)/atmel/atmel toolchain/arm gcc/native/4.8.1429/arm-gnu-toolchain/bin/../lib/gcc/arm-none-eabi/4.8.3/../../../../arm-none-eabi/lib/armv7-m\libc.a(lib_a-__call_atexit.o)
 *(.init_array)
 .init_array    0x00408138        0x4 c:/program files (x86)/atmel/atmel toolchain/arm gcc/native/4.8.1429/arm-gnu-toolchain/bin/../lib/gcc/arm-none-eabi/4.8.3/armv7-m/crtbegin.o
                0x0040813c                __init_array_end = .
                0x0040813c                . = ALIGN (0x4)
 *crtbegin.o(.ctors)
 *(EXCLUDE_FILE(*crtend.o) .ctors)
 *(SORT(.ctors.*))
 *crtend.o(.ctors)
                0x0040813c                . = ALIGN (0x4)
 *(.fini)
 .fini          0x0040813c        0x4 c:/program files (x86)/atmel/atmel toolchain/arm gcc/native/4.8.1429/arm-gnu-toolchain/bin/../lib/gcc/arm-none-eabi/4.8.3/armv7-m/crti.o
                0x0040813c                _fini
 .fini          0x00408140        0x8 c:/program files (x86)/atmel/atmel toolchain/arm gcc/native/4.8.1429/arm-gnu-toolchain/bin/../lib/gcc/arm-none-eabi/4.8.3/armv7-m/crtn.o
                0x00408148                . = ALIGN (0x4)
                0x00408148                __fini_array_start = .
 *(.fini_array)
 .fini_array    0x00408148        0x4 c:/program files (x86)/atmel/atmel toolchain/arm gcc/native/4.8.1429/arm-gnu-toolchain/bin/../lib/gcc/arm-none-eabi/4.8.3/armv7-m/crtbegin.o
 *(SORT(.fini_array.*))
                0x0040814c                __fini_array_end = .
 *crtbegin.o(.dtors)
 *(EXCLUDE_FILE(*crtend.o) .dtors)
 *(SORT(.dtors.*))
 *crtend.o(.dtors)
                0x0040814c                . = ALIGN (0x4)
                0x0040814c                _efixed = .
                0x0040814c                PROVIDE (__exidx_start, .)

.vfp11_veneer   0x0040814c        0x0
 .vfp11_veneer  0x00000000        0x0 linker stubs

.v4_bx          0x0040814c        0x0
 .v4_bx         0x00000000        0x0 linker stubs

.iplt           0x0040814c        0x0
 .iplt          0x00000000        0x0 c:/program files (x86)/atmel/atmel toolchain/arm gcc/native/4.8.1429/arm-gnu-toolchain/bin/../lib/gcc/arm-none-eabi/4.8.3/armv7-m/crtbegin.o

.ARM.exidx      0x0040814c        0x8
 *(.ARM.exidx* .gnu.linkonce.armexidx.*)
 .ARM.exidx     0x0040814c        0x8 c:/program files (x86)/atmel/atmel toolchain/arm gcc/native/4.8.1429/arm-gnu-toolchain/bin/../lib/gcc/arm-none-eabi/4.8.3/armv7-m\libgcc.a(_divdi3.o)
 .ARM.exidx     0x00408154        0x0 c:/program files (x86)/atmel/atmel toolchain/arm gcc/native/4.8.1429/arm-gnu-toolchain/bin/../lib/gcc/arm-none-eabi/4.8.3/armv7-m\libgcc.a(_udivdi3.o)
                                  0x8 (size before relaxing)
                0x00408154                PROVIDE (__exidx_end, .)

.eh_frame       0x00408154        0x0
 .eh_frame      0x00408154        0x0 c:/program files (x86)/atmel/atmel toolchain/arm gcc/native/4.8.1429/arm-gnu-toolchain/bin/../lib/gcc/arm-none-eabi/4.8.3/armv7-m/crtbegin.o

.rel.dyn        0x00408154        0x0
 .rel.iplt      0x00000000        0x0 c:/program files (x86)/atmel/atmel toolchain/arm gcc/native/4.8.1429/arm-gnu-toolchain/bin/../lib/gcc/arm-none-eabi/4.8.3/armv7-m/crtbegin.o

.jcr            0x00408154        0x0
 .jcr           0x00408154        0x0 c:/program files (x86)/atmel/atmel toolchain/arm gcc/native/4.8.1429/arm-gnu-toolchain/bin/../lib/gcc/arm-none-eabi/4.8.3/armv7-m/crtbegin.o

.tm_clone_table
                0x00408154        0x0
 .tm_clone_table
                0x00408154        0x0 c:/program files (x86)/atmel/atmel toolchain/arm gcc/native/4.8.1429/arm-gnu-toolchain/bin/../lib/gcc/arm-none-eabi/4.8.3/armv7-m/crtbegin.o
 .tm_clone_table
                0x00408154        0x0 c:/program files (x86)/atmel/atmel toolchain/arm gcc/native/4.8.1429/arm-gnu-toolchain/bin/../lib/gcc/arm-none-eabi/4.8.3/armv7-m/crtend.o

.igot.plt       0x00408154        0x0
 .igot.plt      0x00000000        0x0 c:/program files (x86)/atmel/atmel toolchain/arm gcc/native/4.8.1429/arm-gnu-toolchain/bin/../lib/gcc/arm-none-eabi/4.8.3/armv7-m/crtbegin.o
                0x00408154                . = ALIGN (0x4)
                0x00408154                _etext = .

.relocate       0x20000000      0x978 load address 0x00408154
                0x20000000                . = ALIGN (0x4)
                0x20000000                _srelocate = .
 *(.ramfunc .ramfunc.*)
 .ramfunc       0x20000000        0xc src/ASF/common/services/delay/sam/cycle_counter.o
                0x20000000                portable_delay_cycles
 *(.data .data.*)
 .data.sequencePosition
                0x2000000c        0x4 src/ADC_core.o
                0x2000000c                sequencePosition
 .data.udi_api_cdc_data
                0x20000010       0x14 src/ASF/common/services/usb/class/cdc/device/udi_cdc.o
                0x20000010                udi_api_cdc_data
 .data.udi_api_cdc_comm
                0x20000024       0x14 src/ASF/common/services/usb/class/cdc/device/udi_cdc.o
                0x20000024                udi_api_cdc_comm
 .data.udc_config
                0x20000038        0xc src/ASF/common/services/usb/class/cdc/device/udi_cdc_desc.o
                0x20000038                udc_config
 .data.udi_apis
                0x20000044        0x8 src/ASF/common/services/usb/class/cdc/device/udi_cdc_desc.o
                0x20000044                udi_apis
 .data.udc_config_fs
                0x2000004c        0x8 src/ASF/common/services/usb/class/cdc/device/udi_cdc_desc.o
                0x2000004c                udc_config_fs
 .data.udc_device_desc
                0x20000054       0x14 src/ASF/common/services/usb/class/cdc/device/udi_cdc_desc.o
                0x20000054                udc_device_desc
 .data.udc_desc_fs
                0x20000068       0x44 src/ASF/common/services/usb/class/cdc/device/udi_cdc_desc.o
                0x20000068                udc_desc_fs
 .data.udc_string_desc_languageid
                0x200000ac        0x4 src/ASF/common/services/usb/udc/udc.o
 .data.g_interrupt_enabled
                0x200000b0        0x1 src/ASF/common/utils/interrupt/interrupt_sam_nvic.o
                0x200000b0                g_interrupt_enabled
 *fill*         0x200000b1        0x3 
 .data.SystemCoreClock
                0x200000b4        0x4 src/ASF/sam/utils/cmsis/sam3s/source/templates/system_sam3s.o
                0x200000b4                SystemCoreClock
 .data          0x200000b8      0x430 c:/program files (x86)/atmel/atmel toolchain/arm gcc/native/4.8.1429/arm-gnu-toolchain/bin/../lib/gcc/arm-none-eabi/4.8.3/../../../../arm-none-eabi/lib/armv7-m\libc.a(lib_a-impure.o)
                0x200000b8                _impure_ptr
 .data          0x200004e8        0x4 c:/program files (x86)/atmel/atmel toolchain/arm gcc/native/4.8.1429/arm-gnu-toolchain/bin/../lib/gcc/arm-none-eabi/4.8.3/../../../../arm-none-eabi/lib/armv7-m\libc.a(lib_a-ctype_.o)
                0x200004e8                __ctype_ptr__
 .data          0x200004ec       0x7c c:/program files (x86)/atmel/atmel toolchain/arm gcc/native/4.8.1429/arm-gnu-toolchain/bin/../lib/gcc/arm-none-eabi/4.8.3/../../../../arm-none-eabi/lib/armv7-m\libc.a(lib_a-locale.o)
                0x2000050c                __mb_cur_max
 .data          0x20000568      0x410 c:/program files (x86)/atmel/atmel toolchain/arm gcc/native/4.8.1429/arm-gnu-toolchain/bin/../lib/gcc/arm-none-eabi/4.8.3/../../../../arm-none-eabi/lib/armv7-m\libc.a(lib_a-mallocr.o)
                0x20000568                __malloc_av_
                0x20000970                __malloc_sbrk_base
                0x20000974                __malloc_trim_threshold
                0x20000978                . = ALIGN (0x4)
                0x20000978                _erelocate = .

.bss            0x20000978      0x2e0 load address 0x00408acc
                0x20000978                . = ALIGN (0x4)
                0x20000978                _sbss = .
                0x20000978                _szero = .
 *(.bss .bss.*)
 .bss           0x20000978       0x1c c:/program files (x86)/atmel/atmel toolchain/arm gcc/native/4.8.1429/arm-gnu-toolchain/bin/../lib/gcc/arm-none-eabi/4.8.3/armv7-m/crtbegin.o
 .bss.holdingBuffer.7542
                0x20000994       0x14 src/parser.o
 .bss.tempBuffer.7543
                0x200009a8        0xc src/parser.o
 .bss.comandByte.7538
                0x200009b4        0x1 src/parser.o
 .bss.insertPointer.7539
                0x200009b5        0x1 src/parser.o
 *fill*         0x200009b6        0x2 
 .bss.udi_cdc_line_coding
                0x200009b8        0x8 src/ASF/common/services/usb/class/cdc/device/udi_cdc.o
 .bss.udi_cdc_nb_data_enabled
                0x200009c0        0x1 src/ASF/common/services/usb/class/cdc/device/udi_cdc.o
 *fill*         0x200009c1        0x3 
 .bss.udi_cdc_tx_buf_sel
                0x200009c4        0x4 src/ASF/common/services/usb/class/cdc/device/udi_cdc.o
 .bss.udi_cdc_tx_buf_nb
                0x200009c8        0x4 src/ASF/common/services/usb/class/cdc/device/udi_cdc.o
 .bss.udi_cdc_tx_buf
                0x200009cc       0x80 src/ASF/common/services/usb/class/cdc/device/udi_cdc.o
 .bss.udi_cdc_rx_buf_nb
                0x20000a4c        0x4 src/ASF/common/services/usb/class/cdc/device/udi_cdc.o
 .bss.udi_cdc_nb_comm_enabled
                0x20000a50        0x1 src/ASF/common/services/usb/class/cdc/device/udi_cdc.o
 *fill*         0x20000a51        0x3 
 .bss.udi_cdc_rx_pos
                0x20000a54        0x4 src/ASF/common/services/usb/class/cdc/device/udi_cdc.o
 .bss.udi_cdc_tx_sof_num
                0x20000a58        0x4 src/ASF/common/services/usb/class/cdc/device/udi_cdc.o
 .bss.udi_cdc_data_running
                0x20000a5c        0x1 src/ASF/common/services/usb/class/cdc/device/udi_cdc.o
 *fill*         0x20000a5d        0x1 
 .bss.sof_zlp_counter.7490
                0x20000a5e        0x2 src/ASF/common/services/usb/class/cdc/device/udi_cdc.o
 .bss.udi_cdc_rx_buf_sel
                0x20000a60        0x4 src/ASF/common/services/usb/class/cdc/device/udi_cdc.o
 .bss.udi_cdc_tx_trans_ongoing
                0x20000a64        0x4 src/ASF/common/services/usb/class/cdc/device/udi_cdc.o
 .bss.uid_cdc_state_msg
                0x20000a68        0xc src/ASF/common/services/usb/class/cdc/device/udi_cdc.o
 .bss.udi_cdc_rx_buf
                0x20000a74       0x80 src/ASF/common/services/usb/class/cdc/device/udi_cdc.o
 .bss.udi_cdc_rx_trans_ongoing
                0x20000af4        0x4 src/ASF/common/services/usb/class/cdc/device/udi_cdc.o
 .bss.udi_cdc_tx_both_buf_to_send
                0x20000af8        0x4 src/ASF/common/services/usb/class/cdc/device/udi_cdc.o
 .bss.udi_cdc_state
                0x20000afc        0x4 src/ASF/common/services/usb/class/cdc/device/udi_cdc.o
 .bss.udc_iface_setting.7196
                0x20000b00        0x1 src/ASF/common/services/usb/udc/udc.o
 *fill*         0x20000b01        0x3 
 .bss.udc_ptr_conf
                0x20000b04        0x4 src/ASF/common/services/usb/udc/udc.o
 .bss.udc_ep_status.7139
                0x20000b08        0x2 src/ASF/common/services/usb/udc/udc.o
 .bss.udc_device_status
                0x20000b0a        0x2 src/ASF/common/services/usb/udc/udc.o
 .bss.udc_num_configuration
                0x20000b0c        0x1 src/ASF/common/services/usb/udc/udc.o
 *fill*         0x20000b0d        0x3 
 .bss.udc_ptr_iface
                0x20000b10        0x4 src/ASF/common/services/usb/udc/udc.o
 .bss.pio_capture_handler
                0x20000b14        0x4 src/ASF/sam/drivers/pio/pio_handler.o
 .bss.gs_interrupt_sources
                0x20000b18       0x70 src/ASF/sam/drivers/pio/pio_handler.o
 .bss.b_is_sleep_clock_used
                0x20000b88        0x1 src/ASF/sam/drivers/pmc/sleep.o
 *fill*         0x20000b89        0x1 
 .bss.udd_ctrl_prev_payload_nb_trans
                0x20000b8a        0x2 src/ASF/sam/drivers/udp/udp_device.o
 .bss.udd_ep_job
                0x20000b8c       0x3c src/ASF/sam/drivers/udp/udp_device.o
 .bss.udd_b_idle
                0x20000bc8        0x1 src/ASF/sam/drivers/udp/udp_device.o
 *fill*         0x20000bc9        0x1 
 .bss.udd_ctrl_payload_nb_trans
                0x20000bca        0x2 src/ASF/sam/drivers/udp/udp_device.o
 .bss.b_shortpacket.8185
                0x20000bcc        0x1 src/ASF/sam/drivers/udp/udp_device.o
 .bss.udd_ep_control_state
                0x20000bcd        0x1 src/ASF/sam/drivers/udp/udp_device.o
 *fill*         0x20000bce        0x2 
 .bss.heap.5089
                0x20000bd0        0x4 src/ASF/sam/utils/syscalls/gcc/syscalls.o
 .bss           0x20000bd4       0x34 c:/program files (x86)/atmel/atmel toolchain/arm gcc/native/4.8.1429/arm-gnu-toolchain/bin/../lib/gcc/arm-none-eabi/4.8.3/../../../../arm-none-eabi/lib/armv7-m\libc.a(lib_a-mallocr.o)
                0x20000bd4                __malloc_top_pad
                0x20000bd8                __malloc_current_mallinfo
                0x20000c00                __malloc_max_sbrked_mem
                0x20000c04                __malloc_max_total_mem
 *(COMMON)
 COMMON         0x20000c08       0x10 src/ADC_core.o
                0x20000c08                sampleCounter
                0x20000c0c                repetitionCounter
                0x20000c10                result
                0x20000c14                DAQSettingsPtr
 COMMON         0x20000c18       0x18 src/parser.o
                0x20000c18                daqSettings
 COMMON         0x20000c30        0x6 src/ASF/common/services/sleepmgr/sam/sleepmgr.o
                0x20000c30                sleepmgr_locks
 *fill*         0x20000c36        0x2 
 COMMON         0x20000c38        0x4 src/ASF/sam/drivers/pio/pio.o
                0x20000c38                pio_capture_enable_flag
 COMMON         0x20000c3c       0x18 src/ASF/sam/drivers/udp/udp_device.o
                0x20000c3c                udd_g_ctrlreq
 COMMON         0x20000c54        0x4 c:/program files (x86)/atmel/atmel toolchain/arm gcc/native/4.8.1429/arm-gnu-toolchain/bin/../lib/gcc/arm-none-eabi/4.8.3/../../../../arm-none-eabi/lib/armv7-m\libc.a(lib_a-reent.o)
                0x20000c54                errno
                0x20000c58                . = ALIGN (0x4)
                0x20000c58                _ebss = .
                0x20000c58                _ezero = .

.stack          0x20000c58     0x2000 load address 0x00408dac
                0x20000c58                . = ALIGN (0x8)
                0x20000c58                _sstack = .
                0x20002c58                . = (. + __stack_size__)
 *fill*         0x20000c58     0x2000 
                0x20002c58                . = ALIGN (0x8)
                0x20002c58                _estack = .
                0x20002c58                . = ALIGN (0x4)
                0x20002c58                _end = .
OUTPUT(USB_DAQ.elf elf32-littlearm)

.ARM.attributes
                0x00000000       0x29
 .ARM.attributes
                0x00000000       0x1d c:/program files (x86)/atmel/atmel toolchain/arm gcc/native/4.8.1429/arm-gnu-toolchain/bin/../lib/gcc/arm-none-eabi/4.8.3/armv7-m/crti.o
 .ARM.attributes
                0x0000001d       0x2d c:/program files (x86)/atmel/atmel toolchain/arm gcc/native/4.8.1429/arm-gnu-toolchain/bin/../lib/gcc/arm-none-eabi/4.8.3/armv7-m/crtbegin.o
 .ARM.attributes
                0x0000004a       0x33 src/ADC_core.o
 .ARM.attributes
                0x0000007d       0x33 src/DAC.o
 .ARM.attributes
                0x000000b0       0x33 src/parser.o
 .ARM.attributes
                0x000000e3       0x33 src/ASF/common/boards/user_board/init.o
 .ARM.attributes
                0x00000116       0x33 src/ASF/common/services/clock/sam3s/sysclk.o
 .ARM.attributes
                0x00000149       0x33 src/ASF/common/services/delay/sam/cycle_counter.o
 .ARM.attributes
                0x0000017c       0x33 src/ASF/common/services/sleepmgr/sam/sleepmgr.o
 .ARM.attributes
                0x000001af       0x33 src/ASF/common/services/usb/class/cdc/device/udi_cdc.o
 .ARM.attributes
                0x000001e2       0x33 src/ASF/common/services/usb/class/cdc/device/udi_cdc_desc.o
 .ARM.attributes
                0x00000215       0x33 src/ASF/common/services/usb/udc/udc.o
 .ARM.attributes
                0x00000248       0x33 src/ASF/common/utils/interrupt/interrupt_sam_nvic.o
 .ARM.attributes
                0x0000027b       0x33 src/ASF/sam/drivers/adc/adc.o
 .ARM.attributes
                0x000002ae       0x33 src/ASF/sam/drivers/dacc/dacc.o
 .ARM.attributes
                0x000002e1       0x33 src/ASF/sam/drivers/pio/pio.o
 .ARM.attributes
                0x00000314       0x33 src/ASF/sam/drivers/pio/pio_handler.o
 .ARM.attributes
                0x00000347       0x33 src/ASF/sam/drivers/pmc/pmc.o
 .ARM.attributes
                0x0000037a       0x33 src/ASF/sam/drivers/pmc/sleep.o
 .ARM.attributes
                0x000003ad       0x33 src/ASF/sam/drivers/tc/tc.o
 .ARM.attributes
                0x000003e0       0x33 src/ASF/sam/drivers/udp/udp_device.o
 .ARM.attributes
                0x00000413       0x33 src/ASF/sam/drivers/wdt/wdt.o
 .ARM.attributes
                0x00000446       0x33 src/ASF/sam/utils/cmsis/sam3s/source/templates/exceptions.o
 .ARM.attributes
                0x00000479       0x33 src/ASF/sam/utils/cmsis/sam3s/source/templates/gcc/startup_sam3s.o
 .ARM.attributes
                0x000004ac       0x33 src/ASF/sam/utils/cmsis/sam3s/source/templates/system_sam3s.o
 .ARM.attributes
                0x000004df       0x33 src/ASF/sam/utils/syscalls/gcc/syscalls.o
 .ARM.attributes
                0x00000512       0x33 src/main.o
 .ARM.attributes
                0x00000545       0x2d c:/program files (x86)/atmel/atmel toolchain/arm gcc/native/4.8.1429/arm-gnu-toolchain/bin/../lib/gcc/arm-none-eabi/4.8.3/../../../../arm-none-eabi/lib/armv7-m\libc.a(lib_a-atoi.o)
 .ARM.attributes
                0x00000572       0x2d c:/program files (x86)/atmel/atmel toolchain/arm gcc/native/4.8.1429/arm-gnu-toolchain/bin/../lib/gcc/arm-none-eabi/4.8.3/../../../../arm-none-eabi/lib/armv7-m\libc.a(lib_a-impure.o)
 .ARM.attributes
                0x0000059f       0x2d c:/program files (x86)/atmel/atmel toolchain/arm gcc/native/4.8.1429/arm-gnu-toolchain/bin/../lib/gcc/arm-none-eabi/4.8.3/../../../../arm-none-eabi/lib/armv7-m\libc.a(lib_a-init.o)
 .ARM.attributes
                0x000005cc       0x2d c:/program files (x86)/atmel/atmel toolchain/arm gcc/native/4.8.1429/arm-gnu-toolchain/bin/../lib/gcc/arm-none-eabi/4.8.3/../../../../arm-none-eabi/lib/armv7-m\libc.a(lib_a-memcpy-stub.o)
 .ARM.attributes
                0x000005f9       0x2d c:/program files (x86)/atmel/atmel toolchain/arm gcc/native/4.8.1429/arm-gnu-toolchain/bin/../lib/gcc/arm-none-eabi/4.8.3/../../../../arm-none-eabi/lib/armv7-m\libc.a(lib_a-memset.o)
 .ARM.attributes
                0x00000626       0x2d c:/program files (x86)/atmel/atmel toolchain/arm gcc/native/4.8.1429/arm-gnu-toolchain/bin/../lib/gcc/arm-none-eabi/4.8.3/../../../../arm-none-eabi/lib/armv7-m\libc.a(lib_a-sprintf.o)
 .ARM.attributes
                0x00000653       0x2d c:/program files (x86)/atmel/atmel toolchain/arm gcc/native/4.8.1429/arm-gnu-toolchain/bin/../lib/gcc/arm-none-eabi/4.8.3/../../../../arm-none-eabi/lib/armv7-m\libc.a(lib_a-strlen.o)
 .ARM.attributes
                0x00000680       0x2d c:/program files (x86)/atmel/atmel toolchain/arm gcc/native/4.8.1429/arm-gnu-toolchain/bin/../lib/gcc/arm-none-eabi/4.8.3/../../../../arm-none-eabi/lib/armv7-m\libc.a(lib_a-strpbrk.o)
 .ARM.attributes
                0x000006ad       0x2d c:/program files (x86)/atmel/atmel toolchain/arm gcc/native/4.8.1429/arm-gnu-toolchain/bin/../lib/gcc/arm-none-eabi/4.8.3/../../../../arm-none-eabi/lib/armv7-m\libc.a(lib_a-strtol.o)
 .ARM.attributes
                0x000006da       0x2d c:/program files (x86)/atmel/atmel toolchain/arm gcc/native/4.8.1429/arm-gnu-toolchain/bin/../lib/gcc/arm-none-eabi/4.8.3/../../../../arm-none-eabi/lib/armv7-m\libc.a(lib_a-svfprintf.o)
 .ARM.attributes
                0x00000707       0x2d c:/program files (x86)/atmel/atmel toolchain/arm gcc/native/4.8.1429/arm-gnu-toolchain/bin/../lib/gcc/arm-none-eabi/4.8.3/../../../../arm-none-eabi/lib/armv7-m\libc.a(lib_a-__call_atexit.o)
 .ARM.attributes
                0x00000734       0x2d c:/program files (x86)/atmel/atmel toolchain/arm gcc/native/4.8.1429/arm-gnu-toolchain/bin/../lib/gcc/arm-none-eabi/4.8.3/../../../../arm-none-eabi/lib/armv7-m\libc.a(lib_a-atexit.o)
 .ARM.attributes
                0x00000761       0x2d c:/program files (x86)/atmel/atmel toolchain/arm gcc/native/4.8.1429/arm-gnu-toolchain/bin/../lib/gcc/arm-none-eabi/4.8.3/../../../../arm-none-eabi/lib/armv7-m\libc.a(lib_a-ctype_.o)
 .ARM.attributes
                0x0000078e       0x2d c:/program files (x86)/atmel/atmel toolchain/arm gcc/native/4.8.1429/arm-gnu-toolchain/bin/../lib/gcc/arm-none-eabi/4.8.3/../../../../arm-none-eabi/lib/armv7-m\libc.a(lib_a-dtoa.o)
 .ARM.attributes
                0x000007bb       0x2d c:/program files (x86)/atmel/atmel toolchain/arm gcc/native/4.8.1429/arm-gnu-toolchain/bin/../lib/gcc/arm-none-eabi/4.8.3/../../../../arm-none-eabi/lib/armv7-m\libc.a(lib_a-fini.o)
 .ARM.attributes
                0x000007e8       0x2d c:/program files (x86)/atmel/atmel toolchain/arm gcc/native/4.8.1429/arm-gnu-toolchain/bin/../lib/gcc/arm-none-eabi/4.8.3/../../../../arm-none-eabi/lib/armv7-m\libc.a(lib_a-freer.o)
 .ARM.attributes
                0x00000815       0x2d c:/program files (x86)/atmel/atmel toolchain/arm gcc/native/4.8.1429/arm-gnu-toolchain/bin/../lib/gcc/arm-none-eabi/4.8.3/../../../../arm-none-eabi/lib/armv7-m\libc.a(lib_a-locale.o)
 .ARM.attributes
                0x00000842       0x2d c:/program files (x86)/atmel/atmel toolchain/arm gcc/native/4.8.1429/arm-gnu-toolchain/bin/../lib/gcc/arm-none-eabi/4.8.3/../../../../arm-none-eabi/lib/armv7-m\libc.a(lib_a-mallocr.o)
 .ARM.attributes
                0x0000086f       0x2d c:/program files (x86)/atmel/atmel toolchain/arm gcc/native/4.8.1429/arm-gnu-toolchain/bin/../lib/gcc/arm-none-eabi/4.8.3/../../../../arm-none-eabi/lib/armv7-m\libc.a(lib_a-memchr-stub.o)
 .ARM.attributes
                0x0000089c       0x2d c:/program files (x86)/atmel/atmel toolchain/arm gcc/native/4.8.1429/arm-gnu-toolchain/bin/../lib/gcc/arm-none-eabi/4.8.3/../../../../arm-none-eabi/lib/armv7-m\libc.a(lib_a-memmove.o)
 .ARM.attributes
                0x000008c9       0x2d c:/program files (x86)/atmel/atmel toolchain/arm gcc/native/4.8.1429/arm-gnu-toolchain/bin/../lib/gcc/arm-none-eabi/4.8.3/../../../../arm-none-eabi/lib/armv7-m\libc.a(lib_a-mlock.o)
 .ARM.attributes
                0x000008f6       0x2d c:/program files (x86)/atmel/atmel toolchain/arm gcc/native/4.8.1429/arm-gnu-toolchain/bin/../lib/gcc/arm-none-eabi/4.8.3/../../../../arm-none-eabi/lib/armv7-m\libc.a(lib_a-mprec.o)
 .ARM.attributes
                0x00000923       0x2d c:/program files (x86)/atmel/atmel toolchain/arm gcc/native/4.8.1429/arm-gnu-toolchain/bin/../lib/gcc/arm-none-eabi/4.8.3/../../../../arm-none-eabi/lib/armv7-m\libc.a(lib_a-reallocr.o)
 .ARM.attributes
                0x00000950       0x2d c:/program files (x86)/atmel/atmel toolchain/arm gcc/native/4.8.1429/arm-gnu-toolchain/bin/../lib/gcc/arm-none-eabi/4.8.3/../../../../arm-none-eabi/lib/armv7-m\libc.a(lib_a-s_fpclassify.o)
 .ARM.attributes
                0x0000097d       0x2d c:/program files (x86)/atmel/atmel toolchain/arm gcc/native/4.8.1429/arm-gnu-toolchain/bin/../lib/gcc/arm-none-eabi/4.8.3/../../../../arm-none-eabi/lib/armv7-m\libc.a(lib_a-sbrkr.o)
 .ARM.attributes
                0x000009aa       0x1b c:/program files (x86)/atmel/atmel toolchain/arm gcc/native/4.8.1429/arm-gnu-toolchain/bin/../lib/gcc/arm-none-eabi/4.8.3/../../../../arm-none-eabi/lib/armv7-m\libc.a(lib_a-strcmp.o)
 .ARM.attributes
                0x000009c5       0x2d c:/program files (x86)/atmel/atmel toolchain/arm gcc/native/4.8.1429/arm-gnu-toolchain/bin/../lib/gcc/arm-none-eabi/4.8.3/../../../../arm-none-eabi/lib/armv7-m\libc.a(lib_a-svfiprintf.o)
 .ARM.attributes
                0x000009f2       0x2d c:/program files (x86)/atmel/atmel toolchain/arm gcc/native/4.8.1429/arm-gnu-toolchain/bin/../lib/gcc/arm-none-eabi/4.8.3/../../../../arm-none-eabi/lib/armv7-m\libc.a(lib_a-__atexit.o)
 .ARM.attributes
                0x00000a1f       0x2d c:/program files (x86)/atmel/atmel toolchain/arm gcc/native/4.8.1429/arm-gnu-toolchain/bin/../lib/gcc/arm-none-eabi/4.8.3/../../../../arm-none-eabi/lib/armv7-m\libc.a(lib_a-callocr.o)
 .ARM.attributes
                0x00000a4c       0x2d c:/program files (x86)/atmel/atmel toolchain/arm gcc/native/4.8.1429/arm-gnu-toolchain/bin/../lib/gcc/arm-none-eabi/4.8.3/../../../../arm-none-eabi/lib/armv7-m\libc.a(lib_a-reent.o)
 .ARM.attributes
                0x00000a79       0x1d c:/program files (x86)/atmel/atmel toolchain/arm gcc/native/4.8.1429/arm-gnu-toolchain/bin/../lib/gcc/arm-none-eabi/4.8.3/armv7-m\libgcc.a(_arm_addsubdf3.o)
 .ARM.attributes
                0x00000a96       0x1d c:/program files (x86)/atmel/atmel toolchain/arm gcc/native/4.8.1429/arm-gnu-toolchain/bin/../lib/gcc/arm-none-eabi/4.8.3/armv7-m\libgcc.a(_arm_muldivdf3.o)
 .ARM.attributes
                0x00000ab3       0x1d c:/program files (x86)/atmel/atmel toolchain/arm gcc/native/4.8.1429/arm-gnu-toolchain/bin/../lib/gcc/arm-none-eabi/4.8.3/armv7-m\libgcc.a(_arm_cmpdf2.o)
 .ARM.attributes
                0x00000ad0       0x1d c:/program files (x86)/atmel/atmel toolchain/arm gcc/native/4.8.1429/arm-gnu-toolchain/bin/../lib/gcc/arm-none-eabi/4.8.3/armv7-m\libgcc.a(_arm_fixdfsi.o)
 .ARM.attributes
                0x00000aed       0x1d c:/program files (x86)/atmel/atmel toolchain/arm gcc/native/4.8.1429/arm-gnu-toolchain/bin/../lib/gcc/arm-none-eabi/4.8.3/armv7-m\libgcc.a(_aeabi_uldivmod.o)
 .ARM.attributes
                0x00000b0a       0x2d c:/program files (x86)/atmel/atmel toolchain/arm gcc/native/4.8.1429/arm-gnu-toolchain/bin/../lib/gcc/arm-none-eabi/4.8.3/armv7-m\libgcc.a(bpabi.o)
 .ARM.attributes
                0x00000b37       0x1d c:/program files (x86)/atmel/atmel toolchain/arm gcc/native/4.8.1429/arm-gnu-toolchain/bin/../lib/gcc/arm-none-eabi/4.8.3/armv7-m\libgcc.a(_dvmd_tls.o)
 .ARM.attributes
                0x00000b54       0x2d c:/program files (x86)/atmel/atmel toolchain/arm gcc/native/4.8.1429/arm-gnu-toolchain/bin/../lib/gcc/arm-none-eabi/4.8.3/armv7-m\libgcc.a(_divdi3.o)
 .ARM.attributes
                0x00000b81       0x2d c:/program files (x86)/atmel/atmel toolchain/arm gcc/native/4.8.1429/arm-gnu-toolchain/bin/../lib/gcc/arm-none-eabi/4.8.3/armv7-m\libgcc.a(_udivdi3.o)
 .ARM.attributes
                0x00000bae       0x2d c:/program files (x86)/atmel/atmel toolchain/arm gcc/native/4.8.1429/arm-gnu-toolchain/bin/../lib/gcc/arm-none-eabi/4.8.3/armv7-m/crtend.o
 .ARM.attributes
                0x00000bdb       0x1d c:/program files (x86)/atmel/atmel toolchain/arm gcc/native/4.8.1429/arm-gnu-toolchain/bin/../lib/gcc/arm-none-eabi/4.8.3/armv7-m/crtn.o

.comment        0x00000000       0x71
 .comment       0x00000000       0x71 c:/program files (x86)/atmel/atmel toolchain/arm gcc/native/4.8.1429/arm-gnu-toolchain/bin/../lib/gcc/arm-none-eabi/4.8.3/armv7-m/crtbegin.o
                                 0x72 (size before relaxing)
 .comment       0x00000000       0x72 src/ADC_core.o
 .comment       0x00000000       0x72 src/DAC.o
 .comment       0x00000000       0x72 src/parser.o
 .comment       0x00000000       0x72 src/ASF/common/boards/user_board/init.o
 .comment       0x00000000       0x72 src/ASF/common/services/clock/sam3s/sysclk.o
 .comment       0x00000000       0x72 src/ASF/common/services/delay/sam/cycle_counter.o
 .comment       0x00000000       0x72 src/ASF/common/services/sleepmgr/sam/sleepmgr.o
 .comment       0x00000000       0x72 src/ASF/common/services/usb/class/cdc/device/udi_cdc.o
 .comment       0x00000000       0x72 src/ASF/common/services/usb/class/cdc/device/udi_cdc_desc.o
 .comment       0x00000000       0x72 src/ASF/common/services/usb/udc/udc.o
 .comment       0x00000000       0x72 src/ASF/common/utils/interrupt/interrupt_sam_nvic.o
 .comment       0x00000000       0x72 src/ASF/sam/drivers/adc/adc.o
 .comment       0x00000000       0x72 src/ASF/sam/drivers/dacc/dacc.o
 .comment       0x00000000       0x72 src/ASF/sam/drivers/pio/pio.o
 .comment       0x00000000       0x72 src/ASF/sam/drivers/pio/pio_handler.o
 .comment       0x00000000       0x72 src/ASF/sam/drivers/pmc/pmc.o
 .comment       0x00000000       0x72 src/ASF/sam/drivers/pmc/sleep.o
 .comment       0x00000000       0x72 src/ASF/sam/drivers/tc/tc.o
 .comment       0x00000000       0x72 src/ASF/sam/drivers/udp/udp_device.o
 .comment       0x00000000       0x72 src/ASF/sam/drivers/wdt/wdt.o
 .comment       0x00000000       0x72 src/ASF/sam/utils/cmsis/sam3s/source/templates/exceptions.o
 .comment       0x00000000       0x72 src/ASF/sam/utils/cmsis/sam3s/source/templates/gcc/startup_sam3s.o
 .comment       0x00000000       0x72 src/ASF/sam/utils/cmsis/sam3s/source/templates/system_sam3s.o
 .comment       0x00000000       0x72 src/ASF/sam/utils/syscalls/gcc/syscalls.o
 .comment       0x00000000       0x72 src/main.o
 .comment       0x00000000       0x72 c:/program files (x86)/atmel/atmel toolchain/arm gcc/native/4.8.1429/arm-gnu-toolchain/bin/../lib/gcc/arm-none-eabi/4.8.3/../../../../arm-none-eabi/lib/armv7-m\libc.a(lib_a-atoi.o)
 .comment       0x00000000       0x72 c:/program files (x86)/atmel/atmel toolchain/arm gcc/native/4.8.1429/arm-gnu-toolchain/bin/../lib/gcc/arm-none-eabi/4.8.3/../../../../arm-none-eabi/lib/armv7-m\libc.a(lib_a-impure.o)
 .comment       0x00000000       0x72 c:/program files (x86)/atmel/atmel toolchain/arm gcc/native/4.8.1429/arm-gnu-toolchain/bin/../lib/gcc/arm-none-eabi/4.8.3/../../../../arm-none-eabi/lib/armv7-m\libc.a(lib_a-init.o)
 .comment       0x00000000       0x72 c:/program files (x86)/atmel/atmel toolchain/arm gcc/native/4.8.1429/arm-gnu-toolchain/bin/../lib/gcc/arm-none-eabi/4.8.3/../../../../arm-none-eabi/lib/armv7-m\libc.a(lib_a-memcpy-stub.o)
 .comment       0x00000000       0x72 c:/program files (x86)/atmel/atmel toolchain/arm gcc/native/4.8.1429/arm-gnu-toolchain/bin/../lib/gcc/arm-none-eabi/4.8.3/../../../../arm-none-eabi/lib/armv7-m\libc.a(lib_a-memset.o)
 .comment       0x00000000       0x72 c:/program files (x86)/atmel/atmel toolchain/arm gcc/native/4.8.1429/arm-gnu-toolchain/bin/../lib/gcc/arm-none-eabi/4.8.3/../../../../arm-none-eabi/lib/armv7-m\libc.a(lib_a-sprintf.o)
 .comment       0x00000000       0x72 c:/program files (x86)/atmel/atmel toolchain/arm gcc/native/4.8.1429/arm-gnu-toolchain/bin/../lib/gcc/arm-none-eabi/4.8.3/../../../../arm-none-eabi/lib/armv7-m\libc.a(lib_a-strlen.o)
 .comment       0x00000000       0x72 c:/program files (x86)/atmel/atmel toolchain/arm gcc/native/4.8.1429/arm-gnu-toolchain/bin/../lib/gcc/arm-none-eabi/4.8.3/../../../../arm-none-eabi/lib/armv7-m\libc.a(lib_a-strpbrk.o)
 .comment       0x00000000       0x72 c:/program files (x86)/atmel/atmel toolchain/arm gcc/native/4.8.1429/arm-gnu-toolchain/bin/../lib/gcc/arm-none-eabi/4.8.3/../../../../arm-none-eabi/lib/armv7-m\libc.a(lib_a-strtol.o)
 .comment       0x00000000       0x72 c:/program files (x86)/atmel/atmel toolchain/arm gcc/native/4.8.1429/arm-gnu-toolchain/bin/../lib/gcc/arm-none-eabi/4.8.3/../../../../arm-none-eabi/lib/armv7-m\libc.a(lib_a-svfprintf.o)
 .comment       0x00000000       0x72 c:/program files (x86)/atmel/atmel toolchain/arm gcc/native/4.8.1429/arm-gnu-toolchain/bin/../lib/gcc/arm-none-eabi/4.8.3/../../../../arm-none-eabi/lib/armv7-m\libc.a(lib_a-__call_atexit.o)
 .comment       0x00000000       0x72 c:/program files (x86)/atmel/atmel toolchain/arm gcc/native/4.8.1429/arm-gnu-toolchain/bin/../lib/gcc/arm-none-eabi/4.8.3/../../../../arm-none-eabi/lib/armv7-m\libc.a(lib_a-atexit.o)
 .comment       0x00000000       0x72 c:/program files (x86)/atmel/atmel toolchain/arm gcc/native/4.8.1429/arm-gnu-toolchain/bin/../lib/gcc/arm-none-eabi/4.8.3/../../../../arm-none-eabi/lib/armv7-m\libc.a(lib_a-ctype_.o)
 .comment       0x00000000       0x72 c:/program files (x86)/atmel/atmel toolchain/arm gcc/native/4.8.1429/arm-gnu-toolchain/bin/../lib/gcc/arm-none-eabi/4.8.3/../../../../arm-none-eabi/lib/armv7-m\libc.a(lib_a-dtoa.o)
 .comment       0x00000000       0x72 c:/program files (x86)/atmel/atmel toolchain/arm gcc/native/4.8.1429/arm-gnu-toolchain/bin/../lib/gcc/arm-none-eabi/4.8.3/../../../../arm-none-eabi/lib/armv7-m\libc.a(lib_a-fini.o)
 .comment       0x00000000       0x72 c:/program files (x86)/atmel/atmel toolchain/arm gcc/native/4.8.1429/arm-gnu-toolchain/bin/../lib/gcc/arm-none-eabi/4.8.3/../../../../arm-none-eabi/lib/armv7-m\libc.a(lib_a-freer.o)
 .comment       0x00000000       0x72 c:/program files (x86)/atmel/atmel toolchain/arm gcc/native/4.8.1429/arm-gnu-toolchain/bin/../lib/gcc/arm-none-eabi/4.8.3/../../../../arm-none-eabi/lib/armv7-m\libc.a(lib_a-locale.o)
 .comment       0x00000000       0x72 c:/program files (x86)/atmel/atmel toolchain/arm gcc/native/4.8.1429/arm-gnu-toolchain/bin/../lib/gcc/arm-none-eabi/4.8.3/../../../../arm-none-eabi/lib/armv7-m\libc.a(lib_a-mallocr.o)
 .comment       0x00000000       0x72 c:/program files (x86)/atmel/atmel toolchain/arm gcc/native/4.8.1429/arm-gnu-toolchain/bin/../lib/gcc/arm-none-eabi/4.8.3/../../../../arm-none-eabi/lib/armv7-m\libc.a(lib_a-memchr-stub.o)
 .comment       0x00000000       0x72 c:/program files (x86)/atmel/atmel toolchain/arm gcc/native/4.8.1429/arm-gnu-toolchain/bin/../lib/gcc/arm-none-eabi/4.8.3/../../../../arm-none-eabi/lib/armv7-m\libc.a(lib_a-memmove.o)
 .comment       0x00000000       0x72 c:/program files (x86)/atmel/atmel toolchain/arm gcc/native/4.8.1429/arm-gnu-toolchain/bin/../lib/gcc/arm-none-eabi/4.8.3/../../../../arm-none-eabi/lib/armv7-m\libc.a(lib_a-mlock.o)
 .comment       0x00000000       0x72 c:/program files (x86)/atmel/atmel toolchain/arm gcc/native/4.8.1429/arm-gnu-toolchain/bin/../lib/gcc/arm-none-eabi/4.8.3/../../../../arm-none-eabi/lib/armv7-m\libc.a(lib_a-mprec.o)
 .comment       0x00000000       0x72 c:/program files (x86)/atmel/atmel toolchain/arm gcc/native/4.8.1429/arm-gnu-toolchain/bin/../lib/gcc/arm-none-eabi/4.8.3/../../../../arm-none-eabi/lib/armv7-m\libc.a(lib_a-reallocr.o)
 .comment       0x00000000       0x72 c:/program files (x86)/atmel/atmel toolchain/arm gcc/native/4.8.1429/arm-gnu-toolchain/bin/../lib/gcc/arm-none-eabi/4.8.3/../../../../arm-none-eabi/lib/armv7-m\libc.a(lib_a-s_fpclassify.o)
 .comment       0x00000000       0x72 c:/program files (x86)/atmel/atmel toolchain/arm gcc/native/4.8.1429/arm-gnu-toolchain/bin/../lib/gcc/arm-none-eabi/4.8.3/../../../../arm-none-eabi/lib/armv7-m\libc.a(lib_a-sbrkr.o)
 .comment       0x00000000       0x72 c:/program files (x86)/atmel/atmel toolchain/arm gcc/native/4.8.1429/arm-gnu-toolchain/bin/../lib/gcc/arm-none-eabi/4.8.3/../../../../arm-none-eabi/lib/armv7-m\libc.a(lib_a-svfiprintf.o)
 .comment       0x00000000       0x72 c:/program files (x86)/atmel/atmel toolchain/arm gcc/native/4.8.1429/arm-gnu-toolchain/bin/../lib/gcc/arm-none-eabi/4.8.3/../../../../arm-none-eabi/lib/armv7-m\libc.a(lib_a-__atexit.o)
 .comment       0x00000000       0x72 c:/program files (x86)/atmel/atmel toolchain/arm gcc/native/4.8.1429/arm-gnu-toolchain/bin/../lib/gcc/arm-none-eabi/4.8.3/../../../../arm-none-eabi/lib/armv7-m\libc.a(lib_a-callocr.o)
 .comment       0x00000000       0x72 c:/program files (x86)/atmel/atmel toolchain/arm gcc/native/4.8.1429/arm-gnu-toolchain/bin/../lib/gcc/arm-none-eabi/4.8.3/../../../../arm-none-eabi/lib/armv7-m\libc.a(lib_a-reent.o)
 .comment       0x00000000       0x72 c:/program files (x86)/atmel/atmel toolchain/arm gcc/native/4.8.1429/arm-gnu-toolchain/bin/../lib/gcc/arm-none-eabi/4.8.3/armv7-m/crtend.o

.debug_info     0x00000000    0x20875
 .debug_info    0x00000000     0x1210 src/ADC_core.o
 .debug_info    0x00001210      0x9af src/DAC.o
 .debug_info    0x00001bbf      0x579 src/parser.o
 .debug_info    0x00002138      0x75e src/ASF/common/boards/user_board/init.o
 .debug_info    0x00002896      0x85b src/ASF/common/services/clock/sam3s/sysclk.o
 .debug_info    0x000030f1      0x11e src/ASF/common/services/delay/sam/cycle_counter.o
 .debug_info    0x0000320f      0x151 src/ASF/common/services/sleepmgr/sam/sleepmgr.o
 .debug_info    0x00003360     0x1a60 src/ASF/common/services/usb/class/cdc/device/udi_cdc.o
 .debug_info    0x00004dc0      0x834 src/ASF/common/services/usb/class/cdc/device/udi_cdc_desc.o
 .debug_info    0x000055f4      0xfd8 src/ASF/common/services/usb/udc/udc.o
 .debug_info    0x000065cc      0x1d2 src/ASF/common/utils/interrupt/interrupt_sam_nvic.o
 .debug_info    0x0000679e     0x115c src/ASF/sam/drivers/adc/adc.o
 .debug_info    0x000078fa      0x896 src/ASF/sam/drivers/dacc/dacc.o
 .debug_info    0x00008190     0x1969 src/ASF/sam/drivers/pio/pio.o
 .debug_info    0x00009af9      0xf54 src/ASF/sam/drivers/pio/pio_handler.o
 .debug_info    0x0000aa4d     0x1071 src/ASF/sam/drivers/pmc/pmc.o
 .debug_info    0x0000babe      0x9c0 src/ASF/sam/drivers/pmc/sleep.o
 .debug_info    0x0000c47e      0x930 src/ASF/sam/drivers/tc/tc.o
 .debug_info    0x0000cdae     0x2e36 src/ASF/sam/drivers/udp/udp_device.o
 .debug_info    0x0000fbe4      0x2db src/ASF/sam/drivers/wdt/wdt.o
 .debug_info    0x0000febf       0xae src/ASF/sam/utils/cmsis/sam3s/source/templates/exceptions.o
 .debug_info    0x0000ff6d      0x34c src/ASF/sam/utils/cmsis/sam3s/source/templates/gcc/startup_sam3s.o
 .debug_info    0x000102b9      0x479 src/ASF/sam/utils/cmsis/sam3s/source/templates/system_sam3s.o
 .debug_info    0x00010732      0x43f src/ASF/sam/utils/syscalls/gcc/syscalls.o
 .debug_info    0x00010b71      0x1d2 src/main.o
 .debug_info    0x00010d43      0xa27 c:/program files (x86)/atmel/atmel toolchain/arm gcc/native/4.8.1429/arm-gnu-toolchain/bin/../lib/gcc/arm-none-eabi/4.8.3/../../../../arm-none-eabi/lib/armv7-m\libc.a(lib_a-atoi.o)
 .debug_info    0x0001176a      0x96c c:/program files (x86)/atmel/atmel toolchain/arm gcc/native/4.8.1429/arm-gnu-toolchain/bin/../lib/gcc/arm-none-eabi/4.8.3/../../../../arm-none-eabi/lib/armv7-m\libc.a(lib_a-impure.o)
 .debug_info    0x000120d6      0x112 c:/program files (x86)/atmel/atmel toolchain/arm gcc/native/4.8.1429/arm-gnu-toolchain/bin/../lib/gcc/arm-none-eabi/4.8.3/../../../../arm-none-eabi/lib/armv7-m\libc.a(lib_a-init.o)
 .debug_info    0x000121e8      0x103 c:/program files (x86)/atmel/atmel toolchain/arm gcc/native/4.8.1429/arm-gnu-toolchain/bin/../lib/gcc/arm-none-eabi/4.8.3/../../../../arm-none-eabi/lib/armv7-m\libc.a(lib_a-memcpy-stub.o)
 .debug_info    0x000122eb       0xd3 c:/program files (x86)/atmel/atmel toolchain/arm gcc/native/4.8.1429/arm-gnu-toolchain/bin/../lib/gcc/arm-none-eabi/4.8.3/../../../../arm-none-eabi/lib/armv7-m\libc.a(lib_a-memset.o)
 .debug_info    0x000123be      0xada c:/program files (x86)/atmel/atmel toolchain/arm gcc/native/4.8.1429/arm-gnu-toolchain/bin/../lib/gcc/arm-none-eabi/4.8.3/../../../../arm-none-eabi/lib/armv7-m\libc.a(lib_a-sprintf.o)
 .debug_info    0x00012e98       0xcd c:/program files (x86)/atmel/atmel toolchain/arm gcc/native/4.8.1429/arm-gnu-toolchain/bin/../lib/gcc/arm-none-eabi/4.8.3/../../../../arm-none-eabi/lib/armv7-m\libc.a(lib_a-strlen.o)
 .debug_info    0x00012f65       0xc9 c:/program files (x86)/atmel/atmel toolchain/arm gcc/native/4.8.1429/arm-gnu-toolchain/bin/../lib/gcc/arm-none-eabi/4.8.3/../../../../arm-none-eabi/lib/armv7-m\libc.a(lib_a-strpbrk.o)
 .debug_info    0x0001302e      0xa8c c:/program files (x86)/atmel/atmel toolchain/arm gcc/native/4.8.1429/arm-gnu-toolchain/bin/../lib/gcc/arm-none-eabi/4.8.3/../../../../arm-none-eabi/lib/armv7-m\libc.a(lib_a-strtol.o)
 .debug_info    0x00013aba     0x1753 c:/program files (x86)/atmel/atmel toolchain/arm gcc/native/4.8.1429/arm-gnu-toolchain/bin/../lib/gcc/arm-none-eabi/4.8.3/../../../../arm-none-eabi/lib/armv7-m\libc.a(lib_a-svfprintf.o)
 .debug_info    0x0001520d      0xa9d c:/program files (x86)/atmel/atmel toolchain/arm gcc/native/4.8.1429/arm-gnu-toolchain/bin/../lib/gcc/arm-none-eabi/4.8.3/../../../../arm-none-eabi/lib/armv7-m\libc.a(lib_a-__call_atexit.o)
 .debug_info    0x00015caa      0x10f c:/program files (x86)/atmel/atmel toolchain/arm gcc/native/4.8.1429/arm-gnu-toolchain/bin/../lib/gcc/arm-none-eabi/4.8.3/../../../../arm-none-eabi/lib/armv7-m\libc.a(lib_a-atexit.o)
 .debug_info    0x00015db9       0x6d c:/program files (x86)/atmel/atmel toolchain/arm gcc/native/4.8.1429/arm-gnu-toolchain/bin/../lib/gcc/arm-none-eabi/4.8.3/../../../../arm-none-eabi/lib/armv7-m\libc.a(lib_a-ctype_.o)
 .debug_info    0x00015e26     0x13c0 c:/program files (x86)/atmel/atmel toolchain/arm gcc/native/4.8.1429/arm-gnu-toolchain/bin/../lib/gcc/arm-none-eabi/4.8.3/../../../../arm-none-eabi/lib/armv7-m\libc.a(lib_a-dtoa.o)
 .debug_info    0x000171e6       0xf9 c:/program files (x86)/atmel/atmel toolchain/arm gcc/native/4.8.1429/arm-gnu-toolchain/bin/../lib/gcc/arm-none-eabi/4.8.3/../../../../arm-none-eabi/lib/armv7-m\libc.a(lib_a-fini.o)
 .debug_info    0x000172df      0xd1b c:/program files (x86)/atmel/atmel toolchain/arm gcc/native/4.8.1429/arm-gnu-toolchain/bin/../lib/gcc/arm-none-eabi/4.8.3/../../../../arm-none-eabi/lib/armv7-m\libc.a(lib_a-freer.o)
 .debug_info    0x00017ffa      0xd1a c:/program files (x86)/atmel/atmel toolchain/arm gcc/native/4.8.1429/arm-gnu-toolchain/bin/../lib/gcc/arm-none-eabi/4.8.3/../../../../arm-none-eabi/lib/armv7-m\libc.a(lib_a-locale.o)
 .debug_info    0x00018d14      0xe30 c:/program files (x86)/atmel/atmel toolchain/arm gcc/native/4.8.1429/arm-gnu-toolchain/bin/../lib/gcc/arm-none-eabi/4.8.3/../../../../arm-none-eabi/lib/armv7-m\libc.a(lib_a-mallocr.o)
 .debug_info    0x00019b44       0xf9 c:/program files (x86)/atmel/atmel toolchain/arm gcc/native/4.8.1429/arm-gnu-toolchain/bin/../lib/gcc/arm-none-eabi/4.8.3/../../../../arm-none-eabi/lib/armv7-m\libc.a(lib_a-memchr-stub.o)
 .debug_info    0x00019c3d      0x103 c:/program files (x86)/atmel/atmel toolchain/arm gcc/native/4.8.1429/arm-gnu-toolchain/bin/../lib/gcc/arm-none-eabi/4.8.3/../../../../arm-none-eabi/lib/armv7-m\libc.a(lib_a-memmove.o)
 .debug_info    0x00019d40      0x990 c:/program files (x86)/atmel/atmel toolchain/arm gcc/native/4.8.1429/arm-gnu-toolchain/bin/../lib/gcc/arm-none-eabi/4.8.3/../../../../arm-none-eabi/lib/armv7-m\libc.a(lib_a-mlock.o)
 .debug_info    0x0001a6d0     0x174e c:/program files (x86)/atmel/atmel toolchain/arm gcc/native/4.8.1429/arm-gnu-toolchain/bin/../lib/gcc/arm-none-eabi/4.8.3/../../../../arm-none-eabi/lib/armv7-m\libc.a(lib_a-mprec.o)
 .debug_info    0x0001be1e      0xdbb c:/program files (x86)/atmel/atmel toolchain/arm gcc/native/4.8.1429/arm-gnu-toolchain/bin/../lib/gcc/arm-none-eabi/4.8.3/../../../../arm-none-eabi/lib/armv7-m\libc.a(lib_a-reallocr.o)
 .debug_info    0x0001cbd9       0xdc c:/program files (x86)/atmel/atmel toolchain/arm gcc/native/4.8.1429/arm-gnu-toolchain/bin/../lib/gcc/arm-none-eabi/4.8.3/../../../../arm-none-eabi/lib/armv7-m\libc.a(lib_a-s_fpclassify.o)
 .debug_info    0x0001ccb5      0x9d7 c:/program files (x86)/atmel/atmel toolchain/arm gcc/native/4.8.1429/arm-gnu-toolchain/bin/../lib/gcc/arm-none-eabi/4.8.3/../../../../arm-none-eabi/lib/armv7-m\libc.a(lib_a-sbrkr.o)
 .debug_info    0x0001d68c      0x11a c:/program files (x86)/atmel/atmel toolchain/arm gcc/native/4.8.1429/arm-gnu-toolchain/bin/../lib/gcc/arm-none-eabi/4.8.3/../../../../arm-none-eabi/lib/armv7-m\libc.a(lib_a-strcmp.o)
 .debug_info    0x0001d7a6     0x1107 c:/program files (x86)/atmel/atmel toolchain/arm gcc/native/4.8.1429/arm-gnu-toolchain/bin/../lib/gcc/arm-none-eabi/4.8.3/../../../../arm-none-eabi/lib/armv7-m\libc.a(lib_a-svfiprintf.o)
 .debug_info    0x0001e8ad      0xa14 c:/program files (x86)/atmel/atmel toolchain/arm gcc/native/4.8.1429/arm-gnu-toolchain/bin/../lib/gcc/arm-none-eabi/4.8.3/../../../../arm-none-eabi/lib/armv7-m\libc.a(lib_a-__atexit.o)
 .debug_info    0x0001f2c1      0xad5 c:/program files (x86)/atmel/atmel toolchain/arm gcc/native/4.8.1429/arm-gnu-toolchain/bin/../lib/gcc/arm-none-eabi/4.8.3/../../../../arm-none-eabi/lib/armv7-m\libc.a(lib_a-callocr.o)
 .debug_info    0x0001fd96      0xadf c:/program files (x86)/atmel/atmel toolchain/arm gcc/native/4.8.1429/arm-gnu-toolchain/bin/../lib/gcc/arm-none-eabi/4.8.3/../../../../arm-none-eabi/lib/armv7-m\libc.a(lib_a-reent.o)

.debug_abbrev   0x00000000     0x5c32
 .debug_abbrev  0x00000000      0x1f0 src/ADC_core.o
 .debug_abbrev  0x000001f0      0x10d src/DAC.o
 .debug_abbrev  0x000002fd      0x198 src/parser.o
 .debug_abbrev  0x00000495      0x110 src/ASF/common/boards/user_board/init.o
 .debug_abbrev  0x000005a5      0x22a src/ASF/common/services/clock/sam3s/sysclk.o
 .debug_abbrev  0x000007cf       0x9d src/ASF/common/services/delay/sam/cycle_counter.o
 .debug_abbrev  0x0000086c       0xa9 src/ASF/common/services/sleepmgr/sam/sleepmgr.o
 .debug_abbrev  0x00000915      0x3d5 src/ASF/common/services/usb/class/cdc/device/udi_cdc.o
 .debug_abbrev  0x00000cea      0x125 src/ASF/common/services/usb/class/cdc/device/udi_cdc_desc.o
 .debug_abbrev  0x00000e0f      0x34e src/ASF/common/services/usb/udc/udc.o
 .debug_abbrev  0x0000115d       0xef src/ASF/common/utils/interrupt/interrupt_sam_nvic.o
 .debug_abbrev  0x0000124c      0x226 src/ASF/sam/drivers/adc/adc.o
 .debug_abbrev  0x00001472      0x1c6 src/ASF/sam/drivers/dacc/dacc.o
 .debug_abbrev  0x00001638      0x30d src/ASF/sam/drivers/pio/pio.o
 .debug_abbrev  0x00001945      0x280 src/ASF/sam/drivers/pio/pio_handler.o
 .debug_abbrev  0x00001bc5      0x268 src/ASF/sam/drivers/pmc/pmc.o
 .debug_abbrev  0x00001e2d      0x211 src/ASF/sam/drivers/pmc/sleep.o
 .debug_abbrev  0x0000203e      0x1bb src/ASF/sam/drivers/tc/tc.o
 .debug_abbrev  0x000021f9      0x556 src/ASF/sam/drivers/udp/udp_device.o
 .debug_abbrev  0x0000274f      0x12a src/ASF/sam/drivers/wdt/wdt.o
 .debug_abbrev  0x00002879       0x6c src/ASF/sam/utils/cmsis/sam3s/source/templates/exceptions.o
 .debug_abbrev  0x000028e5      0x109 src/ASF/sam/utils/cmsis/sam3s/source/templates/gcc/startup_sam3s.o
 .debug_abbrev  0x000029ee       0xf5 src/ASF/sam/utils/cmsis/sam3s/source/templates/system_sam3s.o
 .debug_abbrev  0x00002ae3      0x14e src/ASF/sam/utils/syscalls/gcc/syscalls.o
 .debug_abbrev  0x00002c31      0x116 src/main.o
 .debug_abbrev  0x00002d47      0x1b1 c:/program files (x86)/atmel/atmel toolchain/arm gcc/native/4.8.1429/arm-gnu-toolchain/bin/../lib/gcc/arm-none-eabi/4.8.3/../../../../arm-none-eabi/lib/armv7-m\libc.a(lib_a-atoi.o)
 .debug_abbrev  0x00002ef8      0x160 c:/program files (x86)/atmel/atmel toolchain/arm gcc/native/4.8.1429/arm-gnu-toolchain/bin/../lib/gcc/arm-none-eabi/4.8.3/../../../../arm-none-eabi/lib/armv7-m\libc.a(lib_a-impure.o)
 .debug_abbrev  0x00003058       0xb8 c:/program files (x86)/atmel/atmel toolchain/arm gcc/native/4.8.1429/arm-gnu-toolchain/bin/../lib/gcc/arm-none-eabi/4.8.3/../../../../arm-none-eabi/lib/armv7-m\libc.a(lib_a-init.o)
 .debug_abbrev  0x00003110       0xa2 c:/program files (x86)/atmel/atmel toolchain/arm gcc/native/4.8.1429/arm-gnu-toolchain/bin/../lib/gcc/arm-none-eabi/4.8.3/../../../../arm-none-eabi/lib/armv7-m\libc.a(lib_a-memcpy-stub.o)
 .debug_abbrev  0x000031b2       0x8c c:/program files (x86)/atmel/atmel toolchain/arm gcc/native/4.8.1429/arm-gnu-toolchain/bin/../lib/gcc/arm-none-eabi/4.8.3/../../../../arm-none-eabi/lib/armv7-m\libc.a(lib_a-memset.o)
 .debug_abbrev  0x0000323e      0x1fa c:/program files (x86)/atmel/atmel toolchain/arm gcc/native/4.8.1429/arm-gnu-toolchain/bin/../lib/gcc/arm-none-eabi/4.8.3/../../../../arm-none-eabi/lib/armv7-m\libc.a(lib_a-sprintf.o)
 .debug_abbrev  0x00003438       0x8a c:/program files (x86)/atmel/atmel toolchain/arm gcc/native/4.8.1429/arm-gnu-toolchain/bin/../lib/gcc/arm-none-eabi/4.8.3/../../../../arm-none-eabi/lib/armv7-m\libc.a(lib_a-strlen.o)
 .debug_abbrev  0x000034c2       0x7f c:/program files (x86)/atmel/atmel toolchain/arm gcc/native/4.8.1429/arm-gnu-toolchain/bin/../lib/gcc/arm-none-eabi/4.8.3/../../../../arm-none-eabi/lib/armv7-m\libc.a(lib_a-strpbrk.o)
 .debug_abbrev  0x00003541      0x1e7 c:/program files (x86)/atmel/atmel toolchain/arm gcc/native/4.8.1429/arm-gnu-toolchain/bin/../lib/gcc/arm-none-eabi/4.8.3/../../../../arm-none-eabi/lib/armv7-m\libc.a(lib_a-strtol.o)
 .debug_abbrev  0x00003728      0x353 c:/program files (x86)/atmel/atmel toolchain/arm gcc/native/4.8.1429/arm-gnu-toolchain/bin/../lib/gcc/arm-none-eabi/4.8.3/../../../../arm-none-eabi/lib/armv7-m\libc.a(lib_a-svfprintf.o)
 .debug_abbrev  0x00003a7b      0x269 c:/program files (x86)/atmel/atmel toolchain/arm gcc/native/4.8.1429/arm-gnu-toolchain/bin/../lib/gcc/arm-none-eabi/4.8.3/../../../../arm-none-eabi/lib/armv7-m\libc.a(lib_a-__call_atexit.o)
 .debug_abbrev  0x00003ce4       0xb6 c:/program files (x86)/atmel/atmel toolchain/arm gcc/native/4.8.1429/arm-gnu-toolchain/bin/../lib/gcc/arm-none-eabi/4.8.3/../../../../arm-none-eabi/lib/armv7-m\libc.a(lib_a-atexit.o)
 .debug_abbrev  0x00003d9a       0x4c c:/program files (x86)/atmel/atmel toolchain/arm gcc/native/4.8.1429/arm-gnu-toolchain/bin/../lib/gcc/arm-none-eabi/4.8.3/../../../../arm-none-eabi/lib/armv7-m\libc.a(lib_a-ctype_.o)
 .debug_abbrev  0x00003de6      0x2b1 c:/program files (x86)/atmel/atmel toolchain/arm gcc/native/4.8.1429/arm-gnu-toolchain/bin/../lib/gcc/arm-none-eabi/4.8.3/../../../../arm-none-eabi/lib/armv7-m\libc.a(lib_a-dtoa.o)
 .debug_abbrev  0x00004097       0xbb c:/program files (x86)/atmel/atmel toolchain/arm gcc/native/4.8.1429/arm-gnu-toolchain/bin/../lib/gcc/arm-none-eabi/4.8.3/../../../../arm-none-eabi/lib/armv7-m\libc.a(lib_a-fini.o)
 .debug_abbrev  0x00004152      0x248 c:/program files (x86)/atmel/atmel toolchain/arm gcc/native/4.8.1429/arm-gnu-toolchain/bin/../lib/gcc/arm-none-eabi/4.8.3/../../../../arm-none-eabi/lib/armv7-m\libc.a(lib_a-freer.o)
 .debug_abbrev  0x0000439a      0x2a1 c:/program files (x86)/atmel/atmel toolchain/arm gcc/native/4.8.1429/arm-gnu-toolchain/bin/../lib/gcc/arm-none-eabi/4.8.3/../../../../arm-none-eabi/lib/armv7-m\libc.a(lib_a-locale.o)
 .debug_abbrev  0x0000463b      0x286 c:/program files (x86)/atmel/atmel toolchain/arm gcc/native/4.8.1429/arm-gnu-toolchain/bin/../lib/gcc/arm-none-eabi/4.8.3/../../../../arm-none-eabi/lib/armv7-m\libc.a(lib_a-mallocr.o)
 .debug_abbrev  0x000048c1       0xa9 c:/program files (x86)/atmel/atmel toolchain/arm gcc/native/4.8.1429/arm-gnu-toolchain/bin/../lib/gcc/arm-none-eabi/4.8.3/../../../../arm-none-eabi/lib/armv7-m\libc.a(lib_a-memchr-stub.o)
 .debug_abbrev  0x0000496a       0x9a c:/program files (x86)/atmel/atmel toolchain/arm gcc/native/4.8.1429/arm-gnu-toolchain/bin/../lib/gcc/arm-none-eabi/4.8.3/../../../../arm-none-eabi/lib/armv7-m\libc.a(lib_a-memmove.o)
 .debug_abbrev  0x00004a04      0x17a c:/program files (x86)/atmel/atmel toolchain/arm gcc/native/4.8.1429/arm-gnu-toolchain/bin/../lib/gcc/arm-none-eabi/4.8.3/../../../../arm-none-eabi/lib/armv7-m\libc.a(lib_a-mlock.o)
 .debug_abbrev  0x00004b7e      0x32e c:/program files (x86)/atmel/atmel toolchain/arm gcc/native/4.8.1429/arm-gnu-toolchain/bin/../lib/gcc/arm-none-eabi/4.8.3/../../../../arm-none-eabi/lib/armv7-m\libc.a(lib_a-mprec.o)
 .debug_abbrev  0x00004eac      0x256 c:/program files (x86)/atmel/atmel toolchain/arm gcc/native/4.8.1429/arm-gnu-toolchain/bin/../lib/gcc/arm-none-eabi/4.8.3/../../../../arm-none-eabi/lib/armv7-m\libc.a(lib_a-reallocr.o)
 .debug_abbrev  0x00005102       0x6d c:/program files (x86)/atmel/atmel toolchain/arm gcc/native/4.8.1429/arm-gnu-toolchain/bin/../lib/gcc/arm-none-eabi/4.8.3/../../../../arm-none-eabi/lib/armv7-m\libc.a(lib_a-s_fpclassify.o)
 .debug_abbrev  0x0000516f      0x1dd c:/program files (x86)/atmel/atmel toolchain/arm gcc/native/4.8.1429/arm-gnu-toolchain/bin/../lib/gcc/arm-none-eabi/4.8.3/../../../../arm-none-eabi/lib/armv7-m\libc.a(lib_a-sbrkr.o)
 .debug_abbrev  0x0000534c       0x14 c:/program files (x86)/atmel/atmel toolchain/arm gcc/native/4.8.1429/arm-gnu-toolchain/bin/../lib/gcc/arm-none-eabi/4.8.3/../../../../arm-none-eabi/lib/armv7-m\libc.a(lib_a-strcmp.o)
 .debug_abbrev  0x00005360      0x2a7 c:/program files (x86)/atmel/atmel toolchain/arm gcc/native/4.8.1429/arm-gnu-toolchain/bin/../lib/gcc/arm-none-eabi/4.8.3/../../../../arm-none-eabi/lib/armv7-m\libc.a(lib_a-svfiprintf.o)
 .debug_abbrev  0x00005607      0x1ef c:/program files (x86)/atmel/atmel toolchain/arm gcc/native/4.8.1429/arm-gnu-toolchain/bin/../lib/gcc/arm-none-eabi/4.8.3/../../../../arm-none-eabi/lib/armv7-m\libc.a(lib_a-__atexit.o)
 .debug_abbrev  0x000057f6      0x1f7 c:/program files (x86)/atmel/atmel toolchain/arm gcc/native/4.8.1429/arm-gnu-toolchain/bin/../lib/gcc/arm-none-eabi/4.8.3/../../../../arm-none-eabi/lib/armv7-m\libc.a(lib_a-callocr.o)
 .debug_abbrev  0x000059ed      0x245 c:/program files (x86)/atmel/atmel toolchain/arm gcc/native/4.8.1429/arm-gnu-toolchain/bin/../lib/gcc/arm-none-eabi/4.8.3/../../../../arm-none-eabi/lib/armv7-m\libc.a(lib_a-reent.o)

.debug_loc      0x00000000     0xf001
 .debug_loc     0x00000000       0x80 src/ADC_core.o
 .debug_loc     0x00000080       0xbc src/DAC.o
 .debug_loc     0x0000013c      0x390 src/parser.o
 .debug_loc     0x000004cc       0x2c src/ASF/common/boards/user_board/init.o
 .debug_loc     0x000004f8      0x12d src/ASF/common/services/clock/sam3s/sysclk.o
 .debug_loc     0x00000625      0xef6 src/ASF/common/services/usb/class/cdc/device/udi_cdc.o
 .debug_loc     0x0000151b      0x511 src/ASF/common/services/usb/udc/udc.o
 .debug_loc     0x00001a2c       0x1e src/ASF/common/utils/interrupt/interrupt_sam_nvic.o
 .debug_loc     0x00001a4a      0x9b7 src/ASF/sam/drivers/adc/adc.o
 .debug_loc     0x00002401      0x3a7 src/ASF/sam/drivers/dacc/dacc.o
 .debug_loc     0x000027a8      0xdda src/ASF/sam/drivers/pio/pio.o
 .debug_loc     0x00003582      0x497 src/ASF/sam/drivers/pio/pio_handler.o
 .debug_loc     0x00003a19      0xc6e src/ASF/sam/drivers/pmc/pmc.o
 .debug_loc     0x00004687      0x28a src/ASF/sam/drivers/pmc/sleep.o
 .debug_loc     0x00004911      0x57a src/ASF/sam/drivers/tc/tc.o
 .debug_loc     0x00004e8b     0x146a src/ASF/sam/drivers/udp/udp_device.o
 .debug_loc     0x000062f5      0x15a src/ASF/sam/drivers/wdt/wdt.o
 .debug_loc     0x0000644f       0x7e src/ASF/sam/utils/cmsis/sam3s/source/templates/gcc/startup_sam3s.o
 .debug_loc     0x000064cd      0x12b src/ASF/sam/utils/syscalls/gcc/syscalls.o
 .debug_loc     0x000065f8       0x20 src/main.o
 .debug_loc     0x00006618       0x63 c:/program files (x86)/atmel/atmel toolchain/arm gcc/native/4.8.1429/arm-gnu-toolchain/bin/../lib/gcc/arm-none-eabi/4.8.3/../../../../arm-none-eabi/lib/armv7-m\libc.a(lib_a-atoi.o)
 .debug_loc     0x0000667b       0x74 c:/program files (x86)/atmel/atmel toolchain/arm gcc/native/4.8.1429/arm-gnu-toolchain/bin/../lib/gcc/arm-none-eabi/4.8.3/../../../../arm-none-eabi/lib/armv7-m\libc.a(lib_a-init.o)
 .debug_loc     0x000066ef       0xcf c:/program files (x86)/atmel/atmel toolchain/arm gcc/native/4.8.1429/arm-gnu-toolchain/bin/../lib/gcc/arm-none-eabi/4.8.3/../../../../arm-none-eabi/lib/armv7-m\libc.a(lib_a-memcpy-stub.o)
 .debug_loc     0x000067be       0x57 c:/program files (x86)/atmel/atmel toolchain/arm gcc/native/4.8.1429/arm-gnu-toolchain/bin/../lib/gcc/arm-none-eabi/4.8.3/../../../../arm-none-eabi/lib/armv7-m\libc.a(lib_a-memset.o)
 .debug_loc     0x00006815      0x107 c:/program files (x86)/atmel/atmel toolchain/arm gcc/native/4.8.1429/arm-gnu-toolchain/bin/../lib/gcc/arm-none-eabi/4.8.3/../../../../arm-none-eabi/lib/armv7-m\libc.a(lib_a-sprintf.o)
 .debug_loc     0x0000691c       0x21 c:/program files (x86)/atmel/atmel toolchain/arm gcc/native/4.8.1429/arm-gnu-toolchain/bin/../lib/gcc/arm-none-eabi/4.8.3/../../../../arm-none-eabi/lib/armv7-m\libc.a(lib_a-strlen.o)
 .debug_loc     0x0000693d       0x96 c:/program files (x86)/atmel/atmel toolchain/arm gcc/native/4.8.1429/arm-gnu-toolchain/bin/../lib/gcc/arm-none-eabi/4.8.3/../../../../arm-none-eabi/lib/armv7-m\libc.a(lib_a-strpbrk.o)
 .debug_loc     0x000069d3      0x368 c:/program files (x86)/atmel/atmel toolchain/arm gcc/native/4.8.1429/arm-gnu-toolchain/bin/../lib/gcc/arm-none-eabi/4.8.3/../../../../arm-none-eabi/lib/armv7-m\libc.a(lib_a-strtol.o)
 .debug_loc     0x00006d3b     0x1987 c:/program files (x86)/atmel/atmel toolchain/arm gcc/native/4.8.1429/arm-gnu-toolchain/bin/../lib/gcc/arm-none-eabi/4.8.3/../../../../arm-none-eabi/lib/armv7-m\libc.a(lib_a-svfprintf.o)