Archive member included because of file (symbol)

c:/program files (x86)/atmel/atmel toolchain/arm gcc/native/4.8.1443/arm-gnu-toolchain/bin/../lib/gcc/arm-none-eabi/4.8.4/../../../../arm-none-eabi/lib/armv7-m\libc.a(lib_a-atoi.o)
                              src/parser.o (atoi)
c:/program files (x86)/atmel/atmel toolchain/arm gcc/native/4.8.1443/arm-gnu-toolchain/bin/../lib/gcc/arm-none-eabi/4.8.4/../../../../arm-none-eabi/lib/armv7-m\libc.a(lib_a-exit.o)
                              c:/program files (x86)/atmel/atmel toolchain/arm gcc/native/4.8.1443/arm-gnu-toolchain/bin/../lib/gcc/arm-none-eabi/4.8.4/../../../../arm-none-eabi/lib/armv7-m/crt0.o (exit)
c:/program files (x86)/atmel/atmel toolchain/arm gcc/native/4.8.1443/arm-gnu-toolchain/bin/../lib/gcc/arm-none-eabi/4.8.4/../../../../arm-none-eabi/lib/armv7-m\libc.a(lib_a-impure.o)
                              c:/program files (x86)/atmel/atmel toolchain/arm gcc/native/4.8.1443/arm-gnu-toolchain/bin/../lib/gcc/arm-none-eabi/4.8.4/../../../../arm-none-eabi/lib/armv7-m\libc.a(lib_a-exit.o) (_global_impure_ptr)
c:/program files (x86)/atmel/atmel toolchain/arm gcc/native/4.8.1443/arm-gnu-toolchain/bin/../lib/gcc/arm-none-eabi/4.8.4/../../../../arm-none-eabi/lib/armv7-m\libc.a(lib_a-init.o)
                              c:/program files (x86)/atmel/atmel toolchain/arm gcc/native/4.8.1443/arm-gnu-toolchain/bin/../lib/gcc/arm-none-eabi/4.8.4/../../../../arm-none-eabi/lib/armv7-m/crt0.o (__libc_init_array)
c:/program files (x86)/atmel/atmel toolchain/arm gcc/native/4.8.1443/arm-gnu-toolchain/bin/../lib/gcc/arm-none-eabi/4.8.4/../../../../arm-none-eabi/lib/armv7-m\libc.a(lib_a-iprintf.o)
                              src/ASF/sam/drivers/adc/adc.o (iprintf)
c:/program files (x86)/atmel/atmel toolchain/arm gcc/native/4.8.1443/arm-gnu-toolchain/bin/../lib/gcc/arm-none-eabi/4.8.4/../../../../arm-none-eabi/lib/armv7-m\libc.a(lib_a-memcpy.o)
                              src/ASF/common/services/usb/class/cdc/device/udi_cdc.o (memcpy)
c:/program files (x86)/atmel/atmel toolchain/arm gcc/native/4.8.1443/arm-gnu-toolchain/bin/../lib/gcc/arm-none-eabi/4.8.4/../../../../arm-none-eabi/lib/armv7-m\libc.a(lib_a-memset.o)
                              c:/program files (x86)/atmel/atmel toolchain/arm gcc/native/4.8.1443/arm-gnu-toolchain/bin/../lib/gcc/arm-none-eabi/4.8.4/../../../../arm-none-eabi/lib/armv7-m/crt0.o (memset)
c:/program files (x86)/atmel/atmel toolchain/arm gcc/native/4.8.1443/arm-gnu-toolchain/bin/../lib/gcc/arm-none-eabi/4.8.4/../../../../arm-none-eabi/lib/armv7-m\libc.a(lib_a-puts.o)
                              src/ASF/sam/drivers/adc/adc.o (puts)
c:/program files (x86)/atmel/atmel toolchain/arm gcc/native/4.8.1443/arm-gnu-toolchain/bin/../lib/gcc/arm-none-eabi/4.8.4/../../../../arm-none-eabi/lib/armv7-m\libc.a(lib_a-sprintf.o)
                              src/parser.o (sprintf)
c:/program files (x86)/atmel/atmel toolchain/arm gcc/native/4.8.1443/arm-gnu-toolchain/bin/../lib/gcc/arm-none-eabi/4.8.4/../../../../arm-none-eabi/lib/armv7-m\libc.a(lib_a-strlen.o)
                              c:/program files (x86)/atmel/atmel toolchain/arm gcc/native/4.8.1443/arm-gnu-toolchain/bin/../lib/gcc/arm-none-eabi/4.8.4/../../../../arm-none-eabi/lib/armv7-m\libc.a(lib_a-puts.o) (strlen)
c:/program files (x86)/atmel/atmel toolchain/arm gcc/native/4.8.1443/arm-gnu-toolchain/bin/../lib/gcc/arm-none-eabi/4.8.4/../../../../arm-none-eabi/lib/armv7-m\libc.a(lib_a-strpbrk.o)
                              src/parser.o (strpbrk)
c:/program files (x86)/atmel/atmel toolchain/arm gcc/native/4.8.1443/arm-gnu-toolchain/bin/../lib/gcc/arm-none-eabi/4.8.4/../../../../arm-none-eabi/lib/armv7-m\libc.a(lib_a-strtol.o)
                              c:/program files (x86)/atmel/atmel toolchain/arm gcc/native/4.8.1443/arm-gnu-toolchain/bin/../lib/gcc/arm-none-eabi/4.8.4/../../../../arm-none-eabi/lib/armv7-m\libc.a(lib_a-atoi.o) (_strtol_r)
c:/program files (x86)/atmel/atmel toolchain/arm gcc/native/4.8.1443/arm-gnu-toolchain/bin/../lib/gcc/arm-none-eabi/4.8.4/../../../../arm-none-eabi/lib/armv7-m\libc.a(lib_a-svfprintf.o)
                              c:/program files (x86)/atmel/atmel toolchain/arm gcc/native/4.8.1443/arm-gnu-toolchain/bin/../lib/gcc/arm-none-eabi/4.8.4/../../../../arm-none-eabi/lib/armv7-m\libc.a(lib_a-sprintf.o) (_svfprintf_r)
c:/program files (x86)/atmel/atmel toolchain/arm gcc/native/4.8.1443/arm-gnu-toolchain/bin/../lib/gcc/arm-none-eabi/4.8.4/../../../../arm-none-eabi/lib/armv7-m\libc.a(lib_a-vfiprintf.o)
                              c:/program files (x86)/atmel/atmel toolchain/arm gcc/native/4.8.1443/arm-gnu-toolchain/bin/../lib/gcc/arm-none-eabi/4.8.4/../../../../arm-none-eabi/lib/armv7-m\libc.a(lib_a-iprintf.o) (_vfiprintf_r)
c:/program files (x86)/atmel/atmel toolchain/arm gcc/native/4.8.1443/arm-gnu-toolchain/bin/../lib/gcc/arm-none-eabi/4.8.4/../../../../arm-none-eabi/lib/armv7-m\libc.a(lib_a-wsetup.o)
[...]
Memory Configuration

Name             Origin             Length             Attributes
rom              0x00400000         0x00040000         xr
ram              0x20000000         0x0000c000         xrw
*default*        0x00000000         0xffffffff

Linker script and memory map

LOAD c:/program files (x86)/atmel/atmel toolchain/arm gcc/native/4.8.1443/arm-gnu-toolchain/bin/../lib/gcc/arm-none-eabi/4.8.4/armv7-m/crti.o
LOAD c:/program files (x86)/atmel/atmel toolchain/arm gcc/native/4.8.1443/arm-gnu-toolchain/bin/../lib/gcc/arm-none-eabi/4.8.4/armv7-m/crtbegin.o
LOAD c:/program files (x86)/atmel/atmel toolchain/arm gcc/native/4.8.1443/arm-gnu-toolchain/bin/../lib/gcc/arm-none-eabi/4.8.4/../../../../arm-none-eabi/lib/armv7-m/crt0.o
LOAD src/ADC_core.o
LOAD src/DAC.o
LOAD src/parser.o
LOAD src/ASF/common/boards/user_board/init.o
LOAD src/ASF/common/services/clock/sam3s/sysclk.o
LOAD src/ASF/common/services/delay/sam/cycle_counter.o
LOAD src/ASF/common/services/sleepmgr/sam/sleepmgr.o
LOAD src/ASF/common/services/usb/class/cdc/device/udi_cdc.o
LOAD src/ASF/common/services/usb/class/cdc/device/udi_cdc_desc.o
LOAD src/ASF/common/services/usb/udc/udc.o
LOAD src/ASF/common/utils/interrupt/interrupt_sam_nvic.o
LOAD src/ASF/sam/drivers/adc/adc.o
LOAD src/ASF/sam/drivers/adc/adc_sam3u.o
LOAD src/ASF/sam/drivers/dacc/dacc.o
LOAD src/ASF/sam/drivers/pio/pio.o
LOAD src/ASF/sam/drivers/pio/pio_handler.o
LOAD src/ASF/sam/drivers/pmc/pmc.o
LOAD src/ASF/sam/drivers/pmc/sleep.o
LOAD src/ASF/sam/drivers/tc/tc.o
LOAD src/ASF/sam/drivers/udp/udp_device.o
LOAD src/ASF/sam/drivers/wdt/wdt.o
LOAD src/ASF/sam/utils/cmsis/sam3s/source/templates/exceptions.o
LOAD src/ASF/sam/utils/cmsis/sam3s/source/templates/gcc/startup_sam3s.o
LOAD src/ASF/sam/utils/cmsis/sam3s/source/templates/system_sam3s.o
LOAD src/ASF/sam/utils/syscalls/gcc/syscalls.o
LOAD src/main.o
START GROUP
LOAD ../src/ASF/thirdparty/CMSIS/Lib/GCC\libarm_cortexM3l_math.a
LOAD c:/program files (x86)/atmel/atmel toolchain/arm gcc/native/4.8.1443/arm-gnu-toolchain/bin/../lib/gcc/arm-none-eabi/4.8.4/../../../../arm-none-eabi/lib/armv7-m\libm.a
END GROUP
START GROUP
LOAD c:/program files (x86)/atmel/atmel toolchain/arm gcc/native/4.8.1443/arm-gnu-toolchain/bin/../lib/gcc/arm-none-eabi/4.8.4/armv7-m\libgcc.a
LOAD c:/program files (x86)/atmel/atmel toolchain/arm gcc/native/4.8.1443/arm-gnu-toolchain/bin/../lib/gcc/arm-none-eabi/4.8.4/../../../../arm-none-eabi/lib/armv7-m\libc.a
END GROUP
LOAD c:/program files (x86)/atmel/atmel toolchain/arm gcc/native/4.8.1443/arm-gnu-toolchain/bin/../lib/gcc/arm-none-eabi/4.8.4/armv7-m/crtend.o
LOAD c:/program files (x86)/atmel/atmel toolchain/arm gcc/native/4.8.1443/arm-gnu-toolchain/bin/../lib/gcc/arm-none-eabi/4.8.4/armv7-m/crtn.o
                0x00002000                __stack_size__ = DEFINED (__stack_size__)?__stack_size__:0x2000
                0x2000bffc                __ram_end__ = ((ORIGIN (ram) + 0xc000) - 0x4)

.text           0x00400000     0x83b0
                0x00400000                . = ALIGN (0x4)
                0x00400000                _sfixed = .
 *(.vectors .vectors.*)
 .vectors       0x00400000       0xd0 src/ASF/sam/utils/cmsis/sam3s/source/templates/gcc/startup_sam3s.o
                0x00400000                exception_table
 *(.text .text.* .gnu.linkonce.t.*)
 .text          0x004000d0       0x54 c:/program files (x86)/atmel/atmel toolchain/arm gcc/native/4.8.1443/arm-gnu-toolchain/bin/../lib/gcc/arm-none-eabi/4.8.4/armv7-m/crtbegin.o
 .text.ADC_Handler
                0x00400124       0x94 src/ADC_core.o
                0x00400124                ADC_Handler
 .text.dac_init
                0x004001b8       0x80 src/DAC.o
                0x004001b8                dac_init
 .text.dac_set  0x00400238       0x3c src/DAC.o
                0x00400238                dac_set
 .text.print_formating_error
                0x00400274       0x30 src/parser.o
                0x00400274                print_formating_error
 .text.parse_comands
                0x004002a4      0x420 src/parser.o
                0x004002a4                parse_comands
 .text.get_current_DAQ_settings
                0x004006c4       0x14 src/parser.o
                0x004006c4                get_current_DAQ_settings
 .text.board_init
                0x004006d8       0x54 src/ASF/common/boards/user_board/init.o
                0x004006d8                board_init
 .text.sysclk_enable_usb
                0x0040072c       0x50 src/ASF/common/services/clock/sam3s/sysclk.o
                0x0040072c                sysclk_enable_usb
 .text.sysclk_init
                0x0040077c       0x60 src/ASF/common/services/clock/sam3s/sysclk.o
                0x0040077c                sysclk_init
 .text.udi_cdc_comm_enable
                0x004007dc       0x4c src/ASF/common/services/usb/class/cdc/device/udi_cdc.o
                0x004007dc                udi_cdc_comm_enable
 .text.udi_cdc_comm_disable
                0x00400828       0x10 src/ASF/common/services/usb/class/cdc/device/udi_cdc.o
                0x00400828                udi_cdc_comm_disable
 .text.udi_cdc_data_disable
                0x00400838       0x1c src/ASF/common/services/usb/class/cdc/device/udi_cdc.o
                0x00400838                udi_cdc_data_disable
 .text.udi_cdc_data_setup
                0x00400854        0x4 src/ASF/common/services/usb/class/cdc/device/udi_cdc.o
                0x00400854                udi_cdc_data_setup
 .text.udi_cdc_getsetting
                0x00400858        0x4 src/ASF/common/services/usb/class/cdc/device/udi_cdc.o
                0x00400858                udi_cdc_getsetting
 .text.udi_cdc_comm_setup
                0x0040085c       0x84 src/ASF/common/services/usb/class/cdc/device/udi_cdc.o
                0x0040085c                udi_cdc_comm_setup
 .text.udi_cdc_line_coding_received
                0x004008e0        0x4 src/ASF/common/services/usb/class/cdc/device/udi_cdc.o
 .text.udi_cdc_tx_send
                0x004008e4      0x144 src/ASF/common/services/usb/class/cdc/device/udi_cdc.o
 .text.udi_cdc_data_sent
                0x00400a28       0x3c src/ASF/common/services/usb/class/cdc/device/udi_cdc.o
 .text.udi_cdc_data_sof_notify
                0x00400a64       0x10 src/ASF/common/services/usb/class/cdc/device/udi_cdc.o
                0x00400a64                udi_cdc_data_sof_notify
 .text.udi_cdc_multi_get_nb_received_data
                0x00400a74       0x44 src/ASF/common/services/usb/class/cdc/device/udi_cdc.o
                0x00400a74                udi_cdc_multi_get_nb_received_data
 .text.udi_cdc_multi_is_rx_ready
                0x00400ab8       0x14 src/ASF/common/services/usb/class/cdc/device/udi_cdc.o
                0x00400ab8                udi_cdc_multi_is_rx_ready
 .text.udi_cdc_rx_start
                0x00400acc       0xb8 src/ASF/common/services/usb/class/cdc/device/udi_cdc.o
 .text.udi_cdc_data_enable
                0x00400b84       0x90 src/ASF/common/services/usb/class/cdc/device/udi_cdc.o
                0x00400b84                udi_cdc_data_enable
 .text.udi_cdc_data_received
                0x00400c14       0x5c src/ASF/common/services/usb/class/cdc/device/udi_cdc.o
 .text.udi_cdc_is_rx_ready
                0x00400c70       0x10 src/ASF/common/services/usb/class/cdc/device/udi_cdc.o
                0x00400c70                udi_cdc_is_rx_ready
 .text.udi_cdc_multi_getc
                0x00400c80       0xac src/ASF/common/services/usb/class/cdc/device/udi_cdc.o
                0x00400c80                udi_cdc_multi_getc
 .text.udi_cdc_getc
                0x00400d2c       0x10 src/ASF/common/services/usb/class/cdc/device/udi_cdc.o
                0x00400d2c                udi_cdc_getc
 .text.udi_cdc_multi_get_free_tx_buffer
                0x00400d3c       0x80 src/ASF/common/services/usb/class/cdc/device/udi_cdc.o
                0x00400d3c                udi_cdc_multi_get_free_tx_buffer
 .text.udi_cdc_multi_is_tx_ready
                0x00400dbc       0x14 src/ASF/common/services/usb/class/cdc/device/udi_cdc.o
                0x00400dbc                udi_cdc_multi_is_tx_ready
 .text.udi_cdc_multi_putc
                0x00400dd0       0x90 src/ASF/common/services/usb/class/cdc/device/udi_cdc.o
                0x00400dd0                udi_cdc_multi_putc
 .text.udi_cdc_putc
                0x00400e60       0x10 src/ASF/common/services/usb/class/cdc/device/udi_cdc.o
                0x00400e60                udi_cdc_putc
 .text.udi_cdc_multi_write_buf
                0x00400e70       0xa8 src/ASF/common/services/usb/class/cdc/device/udi_cdc.o
                0x00400e70                udi_cdc_multi_write_buf
 .text.udi_cdc_write_buf
                0x00400f18       0x14 src/ASF/common/services/usb/class/cdc/device/udi_cdc.o
                0x00400f18                udi_cdc_write_buf
 .text.udc_next_desc_in_iface
                0x00400f2c       0x44 src/ASF/common/services/usb/udc/udc.o
 .text.udc_valid_address
                0x00400f70       0x18 src/ASF/common/services/usb/udc/udc.o
 .text.udc_update_iface_desc
                0x00400f88       0x68 src/ASF/common/services/usb/udc/udc.o
 .text.udc_iface_disable
                0x00400ff0       0x68 src/ASF/common/services/usb/udc/udc.o
 .text.udc_iface_enable
                0x00401058       0x5c src/ASF/common/services/usb/udc/udc.o
 .text.udc_start
                0x004010b4        0xc src/ASF/common/services/usb/udc/udc.o
                0x004010b4                udc_start
 .text.udc_reset
                0x004010c0       0x48 src/ASF/common/services/usb/udc/udc.o
                0x004010c0                udc_reset
 .text.udc_sof_notify
                0x00401108       0x3c src/ASF/common/services/usb/udc/udc.o
                0x00401108                udc_sof_notify
 .text.udc_process_setup
                0x00401144      0x42c src/ASF/common/services/usb/udc/udc.o
                0x00401144                udc_process_setup
 .text.adc_enable_channel
                0x00401570        0xc src/ASF/sam/drivers/adc/adc.o
                0x00401570                adc_enable_channel
 .text.adc_disable_all_channel
                0x0040157c        0x8 src/ASF/sam/drivers/adc/adc.o
                0x0040157c                adc_disable_all_channel
 .text.adc_get_latest_value
                0x00401584        0x4 src/ASF/sam/drivers/adc/adc.o
                0x00401584                adc_get_latest_value
 .text.dacc_reset
                0x00401588        0x8 src/ASF/sam/drivers/dacc/dacc.o
                0x00401588                dacc_reset
 .text.dacc_disable_trigger
                0x00401590        0xc src/ASF/sam/drivers/dacc/dacc.o
                0x00401590                dacc_disable_trigger
 .text.dacc_write_conversion_data
                0x0040159c        0x4 src/ASF/sam/drivers/dacc/dacc.o
                0x0040159c                dacc_write_conversion_data
 .text.dacc_set_writeprotect
                0x004015a0       0x1c src/ASF/sam/drivers/dacc/dacc.o
                0x004015a0                dacc_set_writeprotect
 .text.dacc_set_channel_selection
                0x004015bc       0x18 src/ASF/sam/drivers/dacc/dacc.o
                0x004015bc                dacc_set_channel_selection
 .text.dacc_set_timing
                0x004015d4       0x30 src/ASF/sam/drivers/dacc/dacc.o
                0x004015d4                dacc_set_timing
 .text.dacc_enable_channel
                0x00401604       0x14 src/ASF/sam/drivers/dacc/dacc.o
                0x00401604                dacc_enable_channel
 .text.pio_set_peripheral
                0x00401618       0x90 src/ASF/sam/drivers/pio/pio.o
                0x00401618                pio_set_peripheral
 .text.pio_set_output
                0x004016a8       0x28 src/ASF/sam/drivers/pio/pio.o
                0x004016a8                pio_set_output
 .text.pio_get_interrupt_status
                0x004016d0        0x4 src/ASF/sam/drivers/pio/pio.o
                0x004016d0                pio_get_interrupt_status
 .text.pio_get_interrupt_mask
                0x004016d4        0x4 src/ASF/sam/drivers/pio/pio.o
                0x004016d4                pio_get_interrupt_mask
 .text.pio_handler_process
                0x004016d8       0x68 src/ASF/sam/drivers/pio/pio_handler.o
                0x004016d8                pio_handler_process
 .text.PIOA_Handler
                0x00401740       0x14 src/ASF/sam/drivers/pio/pio_handler.o
                0x00401740                PIOA_Handler
 .text.PIOB_Handler
                0x00401754       0x14 src/ASF/sam/drivers/pio/pio_handler.o
                0x00401754                PIOB_Handler
 .text.pmc_switch_mck_to_pllack
                0x00401768       0x64 src/ASF/sam/drivers/pmc/pmc.o
                0x00401768                pmc_switch_mck_to_pllack
 .text.pmc_switch_mainck_to_xtal
                0x004017cc       0x54 src/ASF/sam/drivers/pmc/pmc.o
                0x004017cc                pmc_switch_mainck_to_xtal
 .text.pmc_osc_is_ready_mainck
                0x00401820       0x10 src/ASF/sam/drivers/pmc/pmc.o
                0x00401820                pmc_osc_is_ready_mainck
 .text.pmc_disable_pllack
                0x00401830       0x10 src/ASF/sam/drivers/pmc/pmc.o
                0x00401830                pmc_disable_pllack
 .text.pmc_is_locked_pllack
                0x00401840       0x10 src/ASF/sam/drivers/pmc/pmc.o
                0x00401840                pmc_is_locked_pllack
 .text.pmc_disable_pllbck
                0x00401850        0xc src/ASF/sam/drivers/pmc/pmc.o
                0x00401850                pmc_disable_pllbck
 .text.pmc_is_locked_pllbck
                0x0040185c       0x10 src/ASF/sam/drivers/pmc/pmc.o
                0x0040185c                pmc_is_locked_pllbck
 .text.pmc_enable_periph_clk
                0x0040186c       0x58 src/ASF/sam/drivers/pmc/pmc.o
                0x0040186c                pmc_enable_periph_clk
 .text.pmc_disable_periph_clk
                0x004018c4       0x58 src/ASF/sam/drivers/pmc/pmc.o
                0x004018c4                pmc_disable_periph_clk
 .text.pmc_switch_udpck_to_pllbck
                0x0040191c       0x14 src/ASF/sam/drivers/pmc/pmc.o
                0x0040191c                pmc_switch_udpck_to_pllbck
 .text.pmc_enable_udpck
                0x00401930        0xc src/ASF/sam/drivers/pmc/pmc.o
                0x00401930                pmc_enable_udpck
 .text.pmc_set_fast_startup_input
                0x0040193c       0x14 src/ASF/sam/drivers/pmc/pmc.o
                0x0040193c                pmc_set_fast_startup_input
 .text.pmc_is_wakeup_clocks_restored
                0x00401950       0x10 src/ASF/sam/drivers/pmc/sleep.o
                0x00401950                pmc_is_wakeup_clocks_restored
 .text.tc_stop  0x00401960        0x8 src/ASF/sam/drivers/tc/tc.o
                0x00401960                tc_stop
 .text.udd_sleep_mode
                0x00401968       0x74 src/ASF/sam/drivers/udp/udp_device.o
 .text.udd_ctrl_init
                0x004019dc       0x18 src/ASF/sam/drivers/udp/udp_device.o
 .text.udd_ctrl_stall_data
                0x004019f4       0x48 src/ASF/sam/drivers/udp/udp_device.o
 .text.udd_ctrl_send_zlp_in
                0x00401a3c       0x48 src/ASF/sam/drivers/udp/udp_device.o
 .text.udd_ctrl_endofrequest
                0x00401a84       0x10 src/ASF/sam/drivers/udp/udp_device.o
 .text.udd_ctrl_in_sent
                0x00401a94      0x200 src/ASF/sam/drivers/udp/udp_device.o
 .text.udd_ep_finish_job
                0x00401c94       0x40 src/ASF/sam/drivers/udp/udp_device.o
 .text.udd_ep_ack_out_received
                0x00401cd4       0xcc src/ASF/sam/drivers/udp/udp_device.o
 .text.udd_ep_in_sent
                0x00401da0      0x160 src/ASF/sam/drivers/udp/udp_device.o
 .text.UDP_Handler
                0x00401f00      0xa70 src/ASF/sam/drivers/udp/udp_device.o
                0x00401f00                UDP_Handler
 .text.udd_attach
                0x00402970       0x70 src/ASF/sam/drivers/udp/udp_device.o
                0x00402970                udd_attach
 .text.udd_enable
                0x004029e0       0xb8 src/ASF/sam/drivers/udp/udp_device.o
                0x004029e0                udd_enable
 .text.udd_is_high_speed
                0x00402a98        0x4 src/ASF/sam/drivers/udp/udp_device.o
                0x00402a98                udd_is_high_speed
 .text.udd_set_address
                0x00402a9c       0x38 src/ASF/sam/drivers/udp/udp_device.o
                0x00402a9c                udd_set_address
 .text.udd_getaddress
                0x00402ad4       0x1c src/ASF/sam/drivers/udp/udp_device.o
                0x00402ad4                udd_getaddress
 .text.udd_get_frame_number
                0x00402af0       0x10 src/ASF/sam/drivers/udp/udp_device.o
                0x00402af0                udd_get_frame_number
 .text.udd_get_micro_frame_number
                0x00402b00        0x4 src/ASF/sam/drivers/udp/udp_device.o
                0x00402b00                udd_get_micro_frame_number
 .text.udd_set_setup_payload
                0x00402b04        0xc src/ASF/sam/drivers/udp/udp_device.o
                0x00402b04                udd_set_setup_payload
 .text.udd_ep_alloc
                0x00402b10      0x104 src/ASF/sam/drivers/udp/udp_device.o
                0x00402b10                udd_ep_alloc
 .text.udd_ep_free
                0x00402c14       0x38 src/ASF/sam/drivers/udp/udp_device.o
                0x00402c14                udd_ep_free
 .text.udd_ep_is_halted
                0x00402c4c       0x40 src/ASF/sam/drivers/udp/udp_device.o
                0x00402c4c                udd_ep_is_halted
 .text.udd_ep_set_halt
                0x00402c8c       0xe8 src/ASF/sam/drivers/udp/udp_device.o
                0x00402c8c                udd_ep_set_halt
 .text.udd_ep_clear_halt
                0x00402d74       0xd8 src/ASF/sam/drivers/udp/udp_device.o
                0x00402d74                udd_ep_clear_halt
 .text.udd_ep_run
                0x00402e4c      0x154 src/ASF/sam/drivers/udp/udp_device.o
                0x00402e4c                udd_ep_run
 .text.udd_ep_abort
                0x00402fa0      0x148 src/ASF/sam/drivers/udp/udp_device.o
                0x00402fa0                udd_ep_abort
 .text.wdt_disable
                0x004030e8        0x8 src/ASF/sam/drivers/wdt/wdt.o
                0x004030e8                wdt_disable
 .text.Dummy_Handler
                0x004030f0        0x4 src/ASF/sam/utils/cmsis/sam3s/source/templates/exceptions.o
                0x004030f0                DACC_Handler
                0x004030f0                DebugMon_Handler
                0x004030f0                HardFault_Handler
                0x004030f0                TC2_Handler
                0x004030f0                SPI_Handler
                0x004030f0                SysTick_Handler
                0x004030f0                TWI1_Handler
                0x004030f0                PendSV_Handler
                0x004030f0                NMI_Handler
                0x004030f0                CRCCU_Handler
                0x004030f0                USART0_Handler
                0x004030f0                RTT_Handler
                0x004030f0                RTC_Handler
                0x004030f0                UsageFault_Handler
                0x004030f0                WDT_Handler
                0x004030f0                TC1_Handler
                0x004030f0                HSMCI_Handler
                0x004030f0                UART1_Handler
                0x004030f0                Dummy_Handler
                0x004030f0                TWI0_Handler
                0x004030f0                USART1_Handler
                0x004030f0                SSC_Handler
                0x004030f0                ACC_Handler
                0x004030f0                PMC_Handler
                0x004030f0                PWM_Handler
                0x004030f0                MemManage_Handler
                0x004030f0                SUPC_Handler
                0x004030f0                SVC_Handler
                0x004030f0                EFC_Handler
                0x004030f0                UART0_Handler
                0x004030f0                BusFault_Handler
                0x004030f0                RSTC_Handler
                0x004030f0                TC0_Handler
 .text.Reset_Handler
                0x004030f4       0xb0 src/ASF/sam/utils/cmsis/sam3s/source/templates/gcc/startup_sam3s.o
                0x004030f4                Reset_Handler
 .text.SystemCoreClockUpdate
                0x004031a4      0x114 src/ASF/sam/utils/cmsis/sam3s/source/templates/system_sam3s.o
                0x004031a4                SystemCoreClockUpdate
 .text.system_init_flash
                0x004032b8       0x44 src/ASF/sam/utils/cmsis/sam3s/source/templates/system_sam3s.o
                0x004032b8                system_init_flash
 .text._sbrk    0x004032fc       0x34 src/ASF/sam/utils/syscalls/gcc/syscalls.o
                0x004032fc                _sbrk
 .text.main     0x00403330       0x34 src/main.o
                0x00403330                main
 .text.atoi     0x00403364        0x8 c:/program files (x86)/atmel/atmel toolchain/arm gcc/native/4.8.1443/arm-gnu-toolchain/bin/../lib/gcc/arm-none-eabi/4.8.4/../../../../arm-none-eabi/lib/armv7-m\libc.a(lib_a-atoi.o)
                0x00403364                atoi
 .text.__libc_init_array
                0x0040336c       0x50 c:/program files (x86)/atmel/atmel toolchain/arm gcc/native/4.8.1443/arm-gnu-toolchain/bin/../lib/gcc/arm-none-eabi/4.8.4/../../../../arm-none-eabi/lib/armv7-m\libc.a(lib_a-init.o)
                0x0040336c                __libc_init_array
 .text          0x004033bc       0xec c:/program files (x86)/atmel/atmel toolchain/arm gcc/native/4.8.1443/arm-gnu-toolchain/bin/../lib/gcc/arm-none-eabi/4.8.4/../../../../arm-none-eabi/lib/armv7-m\libc.a(lib_a-memcpy.o)
                0x004033bc                memcpy
 .text.memset   0x004034a8       0x94 c:/program files (x86)/atmel/atmel toolchain/arm gcc/native/4.8.1443/arm-gnu-toolchain/bin/../lib/gcc/arm-none-eabi/4.8.4/../../../../arm-none-eabi/lib/armv7-m\libc.a(lib_a-memset.o)
                0x004034a8                memset
 .text.sprintf  0x0040353c       0x4c c:/program files (x86)/atmel/atmel toolchain/arm gcc/native/4.8.1443/arm-gnu-toolchain/bin/../lib/gcc/arm-none-eabi/4.8.4/../../../../arm-none-eabi/lib/armv7-m\libc.a(lib_a-sprintf.o)
                0x0040353c                sprintf
 .text.strlen   0x00403588       0x60 c:/program files (x86)/atmel/atmel toolchain/arm gcc/native/4.8.1443/arm-gnu-toolchain/bin/../lib/gcc/arm-none-eabi/4.8.4/../../../../arm-none-eabi/lib/armv7-m\libc.a(lib_a-strlen.o)
                0x00403588                strlen
 .text.strpbrk  0x004035e8       0x50 c:/program files (x86)/atmel/atmel toolchain/arm gcc/native/4.8.1443/arm-gnu-toolchain/bin/../lib/gcc/arm-none-eabi/4.8.4/../../../../arm-none-eabi/lib/armv7-m\libc.a(lib_a-strpbrk.o)
                0x004035e8                strpbrk
 .text._strtol_r
                0x00403638      0x114 c:/program files (x86)/atmel/atmel toolchain/arm gcc/native/4.8.1443/arm-gnu-toolchain/bin/../lib/gcc/arm-none-eabi/4.8.4/../../../../arm-none-eabi/lib/armv7-m\libc.a(lib_a-strtol.o)
                0x00403638                _strtol_r
 .text.strtol   0x0040374c       0x18 c:/program files (x86)/atmel/atmel toolchain/arm gcc/native/4.8.1443/arm-gnu-toolchain/bin/../lib/gcc/arm-none-eabi/4.8.4/../../../../arm-none-eabi/lib/armv7-m\libc.a(lib_a-strtol.o)
                0x0040374c                strtol
 .text._svfprintf_r
                0x00403764     0x14e0 c:/program files (x86)/atmel/atmel toolchain/arm gcc/native/4.8.1443/arm-gnu-toolchain/bin/../lib/gcc/arm-none-eabi/4.8.4/../../../../arm-none-eabi/lib/armv7-m\libc.a(lib_a-svfprintf.o)
                0x00403764                _svfprintf_r
 .text.startup.register_fini
                0x00404c44       0x14 c:/program files (x86)/atmel/atmel toolchain/arm gcc/native/4.8.1443/arm-gnu-toolchain/bin/../lib/gcc/arm-none-eabi/4.8.4/../../../../arm-none-eabi/lib/armv7-m\libc.a(lib_a-__call_atexit.o)
 .text.atexit   0x00404c58        0xc c:/program files (x86)/atmel/atmel toolchain/arm gcc/native/4.8.1443/arm-gnu-toolchain/bin/../lib/gcc/arm-none-eabi/4.8.4/../../../../arm-none-eabi/lib/armv7-m\libc.a(lib_a-atexit.o)
                0x00404c58                atexit
 .text.quorem   0x00404c64      0x134 c:/program files (x86)/atmel/atmel toolchain/arm gcc/native/4.8.1443/arm-gnu-toolchain/bin/../lib/gcc/arm-none-eabi/4.8.4/../../../../arm-none-eabi/lib/armv7-m\libc.a(lib_a-dtoa.o)
 .text._dtoa_r  0x00404d98      0xe38 c:/program files (x86)/atmel/atmel toolchain/arm gcc/native/4.8.1443/arm-gnu-toolchain/bin/../lib/gcc/arm-none-eabi/4.8.4/../../../../arm-none-eabi/lib/armv7-m\libc.a(lib_a-dtoa.o)
                0x00404d98                _dtoa_r
 .text.__libc_fini_array
                0x00405bd0       0x30 c:/program files (x86)/atmel/atmel toolchain/arm gcc/native/4.8.1443/arm-gnu-toolchain/bin/../lib/gcc/arm-none-eabi/4.8.4/../../../../arm-none-eabi/lib/armv7-m\libc.a(lib_a-fini.o)
                0x00405bd0                __libc_fini_array
 .text._malloc_trim_r
                0x00405c00       0x9c c:/program files (x86)/atmel/atmel toolchain/arm gcc/native/4.8.1443/arm-gnu-toolchain/bin/../lib/gcc/arm-none-eabi/4.8.4/../../../../arm-none-eabi/lib/armv7-m\libc.a(lib_a-freer.o)
                0x00405c00                _malloc_trim_r
 .text._free_r  0x00405c9c      0x198 c:/program files (x86)/atmel/atmel toolchain/arm gcc/native/4.8.1443/arm-gnu-toolchain/bin/../lib/gcc/arm-none-eabi/4.8.4/../../../../arm-none-eabi/lib/armv7-m\libc.a(lib_a-freer.o)
                0x00405c9c                _free_r
 .text._localeconv_r
                0x00405e34        0x8 c:/program files (x86)/atmel/atmel toolchain/arm gcc/native/4.8.1443/arm-gnu-toolchain/bin/../lib/gcc/arm-none-eabi/4.8.4/../../../../arm-none-eabi/lib/armv7-m\libc.a(lib_a-locale.o)
                0x00405e34                _localeconv_r
 .text._malloc_r
                0x00405e3c      0x538 c:/program files (x86)/atmel/atmel toolchain/arm gcc/native/4.8.1443/arm-gnu-toolchain/bin/../lib/gcc/arm-none-eabi/4.8.4/../../../../arm-none-eabi/lib/armv7-m\libc.a(lib_a-mallocr.o)
                0x00405e3c                _malloc_r
 .text.memchr   0x00406374       0x94 c:/program files (x86)/atmel/atmel toolchain/arm gcc/native/4.8.1443/arm-gnu-toolchain/bin/../lib/gcc/arm-none-eabi/4.8.4/../../../../arm-none-eabi/lib/armv7-m\libc.a(lib_a-memchr-stub.o)
                0x00406374                memchr
 .text.memmove  0x00406408       0xcc c:/program files (x86)/atmel/atmel toolchain/arm gcc/native/4.8.1443/arm-gnu-toolchain/bin/../lib/gcc/arm-none-eabi/4.8.4/../../../../arm-none-eabi/lib/armv7-m\libc.a(lib_a-memmove.o)
                0x00406408                memmove
 .text.__malloc_lock
                0x004064d4        0x4 c:/program files (x86)/atmel/atmel toolchain/arm gcc/native/4.8.1443/arm-gnu-toolchain/bin/../lib/gcc/arm-none-eabi/4.8.4/../../../../arm-none-eabi/lib/armv7-m\libc.a(lib_a-mlock.o)
                0x004064d4                __malloc_lock
 .text.__malloc_unlock
                0x004064d8        0x4 c:/program files (x86)/atmel/atmel toolchain/arm gcc/native/4.8.1443/arm-gnu-toolchain/bin/../lib/gcc/arm-none-eabi/4.8.4/../../../../arm-none-eabi/lib/armv7-m\libc.a(lib_a-mlock.o)
                0x004064d8                __malloc_unlock
 .text._Balloc  0x004064dc       0x4c c:/program files (x86)/atmel/atmel toolchain/arm gcc/native/4.8.1443/arm-gnu-toolchain/bin/../lib/gcc/arm-none-eabi/4.8.4/../../../../arm-none-eabi/lib/armv7-m\libc.a(lib_a-mprec.o)
                0x004064dc                _Balloc
 .text._Bfree   0x00406528       0x14 c:/program files (x86)/atmel/atmel toolchain/arm gcc/native/4.8.1443/arm-gnu-toolchain/bin/../lib/gcc/arm-none-eabi/4.8.4/../../../../arm-none-eabi/lib/armv7-m\libc.a(lib_a-mprec.o)
                0x00406528                _Bfree
 .text.__multadd
                0x0040653c       0x94 c:/program files (x86)/atmel/atmel toolchain/arm gcc/native/4.8.1443/arm-gnu-toolchain/bin/../lib/gcc/arm-none-eabi/4.8.4/../../../../arm-none-eabi/lib/armv7-m\libc.a(lib_a-mprec.o)
                0x0040653c                __multadd
 .text.__hi0bits
                0x004065d0       0x40 c:/program files (x86)/atmel/atmel toolchain/arm gcc/native/4.8.1443/arm-gnu-toolchain/bin/../lib/gcc/arm-none-eabi/4.8.4/../../../../arm-none-eabi/lib/armv7-m\libc.a(lib_a-mprec.o)
                0x004065d0                __hi0bits
 .text.__lo0bits
                0x00406610       0x5c c:/program files (x86)/atmel/atmel toolchain/arm gcc/native/4.8.1443/arm-gnu-toolchain/bin/../lib/gcc/arm-none-eabi/4.8.4/../../../../arm-none-eabi/lib/armv7-m\libc.a(lib_a-mprec.o)
                0x00406610                __lo0bits
 .text.__i2b    0x0040666c       0x14 c:/program files (x86)/atmel/atmel toolchain/arm gcc/native/4.8.1443/arm-gnu-toolchain/bin/../lib/gcc/arm-none-eabi/4.8.4/../../../../arm-none-eabi/lib/armv7-m\libc.a(lib_a-mprec.o)
                0x0040666c                __i2b
 .text.__multiply
                0x00406680      0x13c c:/program files (x86)/atmel/atmel toolchain/arm gcc/native/4.8.1443/arm-gnu-toolchain/bin/../lib/gcc/arm-none-eabi/4.8.4/../../../../arm-none-eabi/lib/armv7-m\libc.a(lib_a-mprec.o)
                0x00406680                __multiply
 .text.__pow5mult
                0x004067bc       0x9c c:/program files (x86)/atmel/atmel toolchain/arm gcc/native/4.8.1443/arm-gnu-toolchain/bin/../lib/gcc/arm-none-eabi/4.8.4/../../../../arm-none-eabi/lib/armv7-m\libc.a(lib_a-mprec.o)
                0x004067bc                __pow5mult
 .text.__lshift
                0x00406858       0xbc c:/program files (x86)/atmel/atmel toolchain/arm gcc/native/4.8.1443/arm-gnu-toolchain/bin/../lib/gcc/arm-none-eabi/4.8.4/../../../../arm-none-eabi/lib/armv7-m\libc.a(lib_a-mprec.o)
                0x00406858                __lshift
 .text.__mcmp   0x00406914       0x48 c:/program files (x86)/atmel/atmel toolchain/arm gcc/native/4.8.1443/arm-gnu-toolchain/bin/../lib/gcc/arm-none-eabi/4.8.4/../../../../arm-none-eabi/lib/armv7-m\libc.a(lib_a-mprec.o)
                0x00406914                __mcmp
 .text.__mdiff  0x0040695c       0xd8 c:/program files (x86)/atmel/atmel toolchain/arm gcc/native/4.8.1443/arm-gnu-toolchain/bin/../lib/gcc/arm-none-eabi/4.8.4/../../../../arm-none-eabi/lib/armv7-m\libc.a(lib_a-mprec.o)
                0x0040695c                __mdiff
 .text.__d2b    0x00406a34       0xbc c:/program files (x86)/atmel/atmel toolchain/arm gcc/native/4.8.1443/arm-gnu-toolchain/bin/../lib/gcc/arm-none-eabi/4.8.4/../../../../arm-none-eabi/lib/armv7-m\libc.a(lib_a-mprec.o)
                0x00406a34                __d2b
 .text._realloc_r
                0x00406af0      0x3c0 c:/program files (x86)/atmel/atmel toolchain/arm gcc/native/4.8.1443/arm-gnu-toolchain/bin/../lib/gcc/arm-none-eabi/4.8.4/../../../../arm-none-eabi/lib/armv7-m\libc.a(lib_a-reallocr.o)
                0x00406af0                _realloc_r
 .text.__fpclassifyd
                0x00406eb0       0x50 c:/program files (x86)/atmel/atmel toolchain/arm gcc/native/4.8.1443/arm-gnu-toolchain/bin/../lib/gcc/arm-none-eabi/4.8.4/../../../../arm-none-eabi/lib/armv7-m\libc.a(lib_a-s_fpclassify.o)
                0x00406eb0                __fpclassifyd
 .text._sbrk_r  0x00406f00       0x24 c:/program files (x86)/atmel/atmel toolchain/arm gcc/native/4.8.1443/arm-gnu-toolchain/bin/../lib/gcc/arm-none-eabi/4.8.4/../../../../arm-none-eabi/lib/armv7-m\libc.a(lib_a-sbrkr.o)
                0x00406f00                _sbrk_r
 .text.__ssprint_r
                0x00406f24      0x100 c:/program files (x86)/atmel/atmel toolchain/arm gcc/native/4.8.1443/arm-gnu-toolchain/bin/../lib/gcc/arm-none-eabi/4.8.4/../../../../arm-none-eabi/lib/armv7-m\libc.a(lib_a-svfiprintf.o)
                0x00406f24                __ssprint_r
 .text.__register_exitproc
                0x00407024       0xa8 c:/program files (x86)/atmel/atmel toolchain/arm gcc/native/4.8.1443/arm-gnu-toolchain/bin/../lib/gcc/arm-none-eabi/4.8.4/../../../../arm-none-eabi/lib/armv7-m\libc.a(lib_a-__atexit.o)
                0x00407024                __register_exitproc
 .text._calloc_r
                0x004070cc       0x60 c:/program files (x86)/atmel/atmel toolchain/arm gcc/native/4.8.1443/arm-gnu-toolchain/bin/../lib/gcc/arm-none-eabi/4.8.4/../../../../arm-none-eabi/lib/armv7-m\libc.a(lib_a-callocr.o)
                0x004070cc                _calloc_r
 .text          0x0040712c      0x370 c:/program files (x86)/atmel/atmel toolchain/arm gcc/native/4.8.1443/arm-gnu-toolchain/bin/../lib/gcc/arm-none-eabi/4.8.4/armv7-m\libgcc.a(_arm_addsubdf3.o)
                0x0040712c                __aeabi_drsub
                0x00407134                __aeabi_dsub
                0x00407134                __subdf3
                0x00407138                __aeabi_dadd
                0x00407138                __adddf3
                0x004073b0                __floatunsidf
                0x004073b0                __aeabi_ui2d
                0x004073d0                __floatsidf
                0x004073d0                __aeabi_i2d
                0x004073f4                __aeabi_f2d
                0x004073f4                __extendsfdf2
                0x00407430                __floatundidf
                0x00407430                __aeabi_ul2d
                0x00407440                __floatdidf
                0x00407440                __aeabi_l2d
 .text          0x0040749c      0x424 c:/program files (x86)/atmel/atmel toolchain/arm gcc/native/4.8.1443/arm-gnu-toolchain/bin/../lib/gcc/arm-none-eabi/4.8.4/armv7-m\libgcc.a(_arm_muldivdf3.o)
                0x0040749c                __aeabi_dmul
                0x0040749c                __muldf3
                0x004076f0                __divdf3
                0x004076f0                __aeabi_ddiv
 .text          0x004078c0      0x110 c:/program files (x86)/atmel/atmel toolchain/arm gcc/native/4.8.1443/arm-gnu-toolchain/bin/../lib/gcc/arm-none-eabi/4.8.4/armv7-m\libgcc.a(_arm_cmpdf2.o)
                0x004078c0                __gtdf2
                0x004078c0                __gedf2
                0x004078c8                __ltdf2
                0x004078c8                __ledf2
                0x004078d0                __nedf2
                0x004078d0                __eqdf2
                0x004078d0                __cmpdf2
                0x0040794c                __aeabi_cdrcmple
                0x0040795c                __aeabi_cdcmpeq
                0x0040795c                __aeabi_cdcmple
                0x0040796c                __aeabi_dcmpeq
                0x00407980                __aeabi_dcmplt
                0x00407994                __aeabi_dcmple
                0x004079a8                __aeabi_dcmpge
                0x004079bc                __aeabi_dcmpgt
 .text          0x004079d0       0x50 c:/program files (x86)/atmel/atmel toolchain/arm gcc/native/4.8.1443/arm-gnu-toolchain/bin/../lib/gcc/arm-none-eabi/4.8.4/armv7-m\libgcc.a(_arm_fixdfsi.o)
                0x004079d0                __aeabi_d2iz
                0x004079d0                __fixdfsi
 .text          0x00407a20       0x2c c:/program files (x86)/atmel/atmel toolchain/arm gcc/native/4.8.1443/arm-gnu-toolchain/bin/../lib/gcc/arm-none-eabi/4.8.4/armv7-m\libgcc.a(_aeabi_uldivmod.o)
                0x00407a20                __aeabi_uldivmod
 .text          0x00407a4c       0x60 c:/program files (x86)/atmel/atmel toolchain/arm gcc/native/4.8.1443/arm-gnu-toolchain/bin/../lib/gcc/arm-none-eabi/4.8.4/armv7-m\libgcc.a(bpabi.o)
                0x00407a4c                __gnu_ldivmod_helper
                0x00407a7c                __gnu_uldivmod_helper
 .text          0x00407aac        0x4 c:/program files (x86)/atmel/atmel toolchain/arm gcc/native/4.8.1443/arm-gnu-toolchain/bin/../lib/gcc/arm-none-eabi/4.8.4/armv7-m\libgcc.a(_dvmd_tls.o)
                0x00407aac                __aeabi_idiv0
                0x00407aac                __aeabi_ldiv0
 .text          0x00407ab0      0x2a0 c:/program files (x86)/atmel/atmel toolchain/arm gcc/native/4.8.1443/arm-gnu-toolchain/bin/../lib/gcc/arm-none-eabi/4.8.4/armv7-m\libgcc.a(_divdi3.o)
                0x00407ab0                __divdi3
 .text          0x00407d50      0x290 c:/program files (x86)/atmel/atmel toolchain/arm gcc/native/4.8.1443/arm-gnu-toolchain/bin/../lib/gcc/arm-none-eabi/4.8.4/armv7-m\libgcc.a(_udivdi3.o)
                0x00407d50                __udivdi3
 *(.glue_7t)
 .glue_7t       0x00000000        0x0 linker stubs
 *(.glue_7)
 .glue_7        0x00000000        0x0 linker stubs
 *(.rodata .rodata* .gnu.linkonce.r.*)
 .rodata.str1.4
                0x00407fe0      0x11e src/parser.o
                                0x120 (size before relaxing)
 *fill*         0x004080fe        0x2 
 .rodata.str1.4
                0x00408100        0x2 c:/program files (x86)/atmel/atmel toolchain/arm gcc/native/4.8.1443/arm-gnu-toolchain/bin/../lib/gcc/arm-none-eabi/4.8.4/../../../../arm-none-eabi/lib/armv7-m\libc.a(lib_a-impure.o)
                                  0x4 (size before relaxing)
 *fill*         0x00408102        0x2 
 .rodata._global_impure_ptr
                0x00408104        0x4 c:/program files (x86)/atmel/atmel toolchain/arm gcc/native/4.8.1443/arm-gnu-toolchain/bin/../lib/gcc/arm-none-eabi/4.8.4/../../../../arm-none-eabi/lib/armv7-m\libc.a(lib_a-impure.o)
                0x00408104                _global_impure_ptr
 .rodata.zeroes.6763
                0x00408108       0x10 c:/program files (x86)/atmel/atmel toolchain/arm gcc/native/4.8.1443/arm-gnu-toolchain/bin/../lib/gcc/arm-none-eabi/4.8.4/../../../../arm-none-eabi/lib/armv7-m\libc.a(lib_a-svfprintf.o)
 .rodata.str1.4
                0x00408118       0x42 c:/program files (x86)/atmel/atmel toolchain/arm gcc/native/4.8.1443/arm-gnu-toolchain/bin/../lib/gcc/arm-none-eabi/4.8.4/../../../../arm-none-eabi/lib/armv7-m\libc.a(lib_a-svfprintf.o)
                                 0x44 (size before relaxing)
 *fill*         0x0040815a        0x2 
 .rodata.blanks.6762
                0x0040815c       0x10 c:/program files (x86)/atmel/atmel toolchain/arm gcc/native/4.8.1443/arm-gnu-toolchain/bin/../lib/gcc/arm-none-eabi/4.8.4/../../../../arm-none-eabi/lib/armv7-m\libc.a(lib_a-svfprintf.o)
 .rodata._ctype_
                0x0040816c      0x104 c:/program files (x86)/atmel/atmel toolchain/arm gcc/native/4.8.1443/arm-gnu-toolchain/bin/../lib/gcc/arm-none-eabi/4.8.4/../../../../arm-none-eabi/lib/armv7-m\libc.a(lib_a-ctype_.o)
                0x0040816c                _ctype_
 .rodata.str1.4
                0x00408270       0x10 c:/program files (x86)/atmel/atmel toolchain/arm gcc/native/4.8.1443/arm-gnu-toolchain/bin/../lib/gcc/arm-none-eabi/4.8.4/../../../../arm-none-eabi/lib/armv7-m\libc.a(lib_a-dtoa.o)
                                 0x14 (size before relaxing)
 .rodata.str1.4
                0x00408280        0xc c:/program files (x86)/atmel/atmel toolchain/arm gcc/native/4.8.1443/arm-gnu-toolchain/bin/../lib/gcc/arm-none-eabi/4.8.4/../../../../arm-none-eabi/lib/armv7-m\libc.a(lib_a-locale.o)
                                 0x14 (size before relaxing)
 *fill*         0x0040828c        0x4 
 .rodata.__mprec_tens
                0x00408290       0xc8 c:/program files (x86)/atmel/atmel toolchain/arm gcc/native/4.8.1443/arm-gnu-toolchain/bin/../lib/gcc/arm-none-eabi/4.8.4/../../../../arm-none-eabi/lib/armv7-m\libc.a(lib_a-mprec.o)
                0x00408290                __mprec_tens
 .rodata.__mprec_bigtens
                0x00408358       0x28 c:/program files (x86)/atmel/atmel toolchain/arm gcc/native/4.8.1443/arm-gnu-toolchain/bin/../lib/gcc/arm-none-eabi/4.8.4/../../../../arm-none-eabi/lib/armv7-m\libc.a(lib_a-mprec.o)
                0x00408358                __mprec_bigtens
 .rodata.p05.5269
                0x00408380        0xc c:/program files (x86)/atmel/atmel toolchain/arm gcc/native/4.8.1443/arm-gnu-toolchain/bin/../lib/gcc/arm-none-eabi/4.8.4/../../../../arm-none-eabi/lib/armv7-m\libc.a(lib_a-mprec.o)
 *(.ARM.extab* .gnu.linkonce.armextab.*)
                0x0040838c                . = ALIGN (0x4)
 *(.init)
 .init          0x0040838c        0x4 c:/program files (x86)/atmel/atmel toolchain/arm gcc/native/4.8.1443/arm-gnu-toolchain/bin/../lib/gcc/arm-none-eabi/4.8.4/armv7-m/crti.o
                0x0040838c                _init
 .init          0x00408390        0x8 c:/program files (x86)/atmel/atmel toolchain/arm gcc/native/4.8.1443/arm-gnu-toolchain/bin/../lib/gcc/arm-none-eabi/4.8.4/armv7-m/crtn.o
                0x00408398                . = ALIGN (0x4)
                0x00408398                __preinit_array_start = .
 *(.preinit_array)
                0x00408398                __preinit_array_end = .
                0x00408398                . = ALIGN (0x4)
                0x00408398                __init_array_start = .
 *(SORT(.init_array.*))
 .init_array.00000
                0x00408398        0x4 c:/program files (x86)/atmel/atmel toolchain/arm gcc/native/4.8.1443/arm-gnu-toolchain/bin/../lib/gcc/arm-none-eabi/4.8.4/../../../../arm-none-eabi/lib/armv7-m\libc.a(lib_a-__call_atexit.o)
 *(.init_array)
 .init_array    0x0040839c        0x4 c:/program files (x86)/atmel/atmel toolchain/arm gcc/native/4.8.1443/arm-gnu-toolchain/bin/../lib/gcc/arm-none-eabi/4.8.4/armv7-m/crtbegin.o
                0x004083a0                __init_array_end = .
                0x004083a0                . = ALIGN (0x4)
 *crtbegin.o(.ctors)
 *(EXCLUDE_FILE(*crtend.o) .ctors)
 *(SORT(.ctors.*))
 *crtend.o(.ctors)
                0x004083a0                . = ALIGN (0x4)
 *(.fini)
 .fini          0x004083a0        0x4 c:/program files (x86)/atmel/atmel toolchain/arm gcc/native/4.8.1443/arm-gnu-toolchain/bin/../lib/gcc/arm-none-eabi/4.8.4/armv7-m/crti.o
                0x004083a0                _fini
 .fini          0x004083a4        0x8 c:/program files (x86)/atmel/atmel toolchain/arm gcc/native/4.8.1443/arm-gnu-toolchain/bin/../lib/gcc/arm-none-eabi/4.8.4/armv7-m/crtn.o
                0x004083ac                . = ALIGN (0x4)
                0x004083ac                __fini_array_start = .
 *(.fini_array)
 .fini_array    0x004083ac        0x4 c:/program files (x86)/atmel/atmel toolchain/arm gcc/native/4.8.1443/arm-gnu-toolchain/bin/../lib/gcc/arm-none-eabi/4.8.4/armv7-m/crtbegin.o
 *(SORT(.fini_array.*))
                0x004083b0                __fini_array_end = .
 *crtbegin.o(.dtors)
 *(EXCLUDE_FILE(*crtend.o) .dtors)
 *(SORT(.dtors.*))
 *crtend.o(.dtors)
                0x004083b0                . = ALIGN (0x4)
                0x004083b0                _efixed = .
                0x004083b0                PROVIDE (__exidx_start, .)

.vfp11_veneer   0x004083b0        0x0
 .vfp11_veneer  0x00000000        0x0 linker stubs

.v4_bx          0x004083b0        0x0
 .v4_bx         0x00000000        0x0 linker stubs

.iplt           0x004083b0        0x0
 .iplt          0x00000000        0x0 c:/program files (x86)/atmel/atmel toolchain/arm gcc/native/4.8.1443/arm-gnu-toolchain/bin/../lib/gcc/arm-none-eabi/4.8.4/armv7-m/crtbegin.o

.ARM.exidx      0x004083b0        0x8
 *(.ARM.exidx* .gnu.linkonce.armexidx.*)
 .ARM.exidx     0x004083b0        0x8 c:/program files (x86)/atmel/atmel toolchain/arm gcc/native/4.8.1443/arm-gnu-toolchain/bin/../lib/gcc/arm-none-eabi/4.8.4/armv7-m\libgcc.a(_divdi3.o)
 .ARM.exidx     0x004083b8        0x0 c:/program files (x86)/atmel/atmel toolchain/arm gcc/native/4.8.1443/arm-gnu-toolchain/bin/../lib/gcc/arm-none-eabi/4.8.4/armv7-m\libgcc.a(_udivdi3.o)
                                  0x8 (size before relaxing)
                0x004083b8                PROVIDE (__exidx_end, .)

.eh_frame       0x004083b8        0x0
 .eh_frame      0x004083b8        0x0 c:/program files (x86)/atmel/atmel toolchain/arm gcc/native/4.8.1443/arm-gnu-toolchain/bin/../lib/gcc/arm-none-eabi/4.8.4/armv7-m/crtbegin.o

.rel.dyn        0x004083b8        0x0
 .rel.iplt      0x00000000        0x0 c:/program files (x86)/atmel/atmel toolchain/arm gcc/native/4.8.1443/arm-gnu-toolchain/bin/../lib/gcc/arm-none-eabi/4.8.4/armv7-m/crtbegin.o

.jcr            0x004083b8        0x0
 .jcr           0x004083b8        0x0 c:/program files (x86)/atmel/atmel toolchain/arm gcc/native/4.8.1443/arm-gnu-toolchain/bin/../lib/gcc/arm-none-eabi/4.8.4/armv7-m/crtbegin.o

.igot.plt       0x004083b8        0x0
 .igot.plt      0x00000000        0x0 c:/program files (x86)/atmel/atmel toolchain/arm gcc/native/4.8.1443/arm-gnu-toolchain/bin/../lib/gcc/arm-none-eabi/4.8.4/armv7-m/crtbegin.o
                0x004083b8                . = ALIGN (0x4)
                0x004083b8                _etext = .

.relocate       0x20000000      0x930 load address 0x004083b8
                0x20000000                . = ALIGN (0x4)
                0x20000000                _srelocate = .
 *(.ramfunc .ramfunc.*)
 .ramfunc       0x20000000        0xc src/ASF/common/services/delay/sam/cycle_counter.o
                0x20000000                portable_delay_cycles
 *(.data .data.*)
 .data.sequencePosition
                0x2000000c        0x4 src/ADC_core.o
                0x2000000c                sequencePosition
 .data.udi_api_cdc_data
                0x20000010       0x14 src/ASF/common/services/usb/class/cdc/device/udi_cdc.o
                0x20000010                udi_api_cdc_data
 .data.udi_api_cdc_comm
                0x20000024       0x14 src/ASF/common/services/usb/class/cdc/device/udi_cdc.o
                0x20000024                udi_api_cdc_comm
 .data.udc_config
                0x20000038        0xc src/ASF/common/services/usb/class/cdc/device/udi_cdc_desc.o
                0x20000038                udc_config
 .data.udi_apis
                0x20000044        0x8 src/ASF/common/services/usb/class/cdc/device/udi_cdc_desc.o
                0x20000044                udi_apis
 .data.udc_config_fs
                0x2000004c        0x8 src/ASF/common/services/usb/class/cdc/device/udi_cdc_desc.o
                0x2000004c                udc_config_fs
 .data.udc_device_desc
                0x20000054       0x14 src/ASF/common/services/usb/class/cdc/device/udi_cdc_desc.o
                0x20000054                udc_device_desc
 .data.udc_desc_fs
                0x20000068       0x44 src/ASF/common/services/usb/class/cdc/device/udi_cdc_desc.o
                0x20000068                udc_desc_fs
 .data.udc_string_desc_languageid
                0x200000ac        0x4 src/ASF/common/services/usb/udc/udc.o
 .data.g_interrupt_enabled
                0x200000b0        0x1 src/ASF/common/utils/interrupt/interrupt_sam_nvic.o
                0x200000b0                g_interrupt_enabled
 *fill*         0x200000b1        0x3 
 .data.SystemCoreClock
                0x200000b4        0x4 src/ASF/sam/utils/cmsis/sam3s/source/templates/system_sam3s.o
                0x200000b4                SystemCoreClock
 .data.impure_data
                0x200000b8      0x428 c:/program files (x86)/atmel/atmel toolchain/arm gcc/native/4.8.1443/arm-gnu-toolchain/bin/../lib/gcc/arm-none-eabi/4.8.4/../../../../arm-none-eabi/lib/armv7-m\libc.a(lib_a-impure.o)
 .data._impure_ptr
                0x200004e0        0x4 c:/program files (x86)/atmel/atmel toolchain/arm gcc/native/4.8.1443/arm-gnu-toolchain/bin/../lib/gcc/arm-none-eabi/4.8.4/../../../../arm-none-eabi/lib/armv7-m\libc.a(lib_a-impure.o)
                0x200004e0                _impure_ptr
 .data.__ctype_ptr__
                0x200004e4        0x4 c:/program files (x86)/atmel/atmel toolchain/arm gcc/native/4.8.1443/arm-gnu-toolchain/bin/../lib/gcc/arm-none-eabi/4.8.4/../../../../arm-none-eabi/lib/armv7-m\libc.a(lib_a-ctype_.o)
                0x200004e4                __ctype_ptr__
 .data.lconv    0x200004e8       0x38 c:/program files (x86)/atmel/atmel toolchain/arm gcc/native/4.8.1443/arm-gnu-toolchain/bin/../lib/gcc/arm-none-eabi/4.8.4/../../../../arm-none-eabi/lib/armv7-m\libc.a(lib_a-locale.o)
 .data.__malloc_av_
                0x20000520      0x408 c:/program files (x86)/atmel/atmel toolchain/arm gcc/native/4.8.1443/arm-gnu-toolchain/bin/../lib/gcc/arm-none-eabi/4.8.4/../../../../arm-none-eabi/lib/armv7-m\libc.a(lib_a-mallocr.o)
                0x20000520                __malloc_av_
 .data.__malloc_trim_threshold
                0x20000928        0x4 c:/program files (x86)/atmel/atmel toolchain/arm gcc/native/4.8.1443/arm-gnu-toolchain/bin/../lib/gcc/arm-none-eabi/4.8.4/../../../../arm-none-eabi/lib/armv7-m\libc.a(lib_a-mallocr.o)
                0x20000928                __malloc_trim_threshold
 .data.__malloc_sbrk_base
                0x2000092c        0x4 c:/program files (x86)/atmel/atmel toolchain/arm gcc/native/4.8.1443/arm-gnu-toolchain/bin/../lib/gcc/arm-none-eabi/4.8.4/../../../../arm-none-eabi/lib/armv7-m\libc.a(lib_a-mallocr.o)
                0x2000092c                __malloc_sbrk_base
                0x20000930                . = ALIGN (0x4)
                0x20000930                _erelocate = .

.bss            0x20000930      0x2dc load address 0x00408ce8
                0x20000930                . = ALIGN (0x4)
                0x20000930                _sbss = .
                0x20000930                _szero = .
 *(.bss .bss.*)
 .bss           0x20000930       0x1c c:/program files (x86)/atmel/atmel toolchain/arm gcc/native/4.8.1443/arm-gnu-toolchain/bin/../lib/gcc/arm-none-eabi/4.8.4/armv7-m/crtbegin.o
 .bss.holdingBuffer.7551
                0x2000094c       0x14 src/parser.o
 .bss.tempBuffer.7552
                0x20000960        0xc src/parser.o
 .bss.insertPointer.7548
                0x2000096c        0x1 src/parser.o
 .bss.comandByte.7547
                0x2000096d        0x1 src/parser.o
 .bss.sof_zlp_counter.7499
                0x2000096e        0x2 src/ASF/common/services/usb/class/cdc/device/udi_cdc.o
 .bss.udi_cdc_line_coding
                0x20000970        0x8 src/ASF/common/services/usb/class/cdc/device/udi_cdc.o
 .bss.udi_cdc_nb_data_enabled
                0x20000978        0x1 src/ASF/common/services/usb/class/cdc/device/udi_cdc.o
 *fill*         0x20000979        0x3 
 .bss.udi_cdc_tx_buf_sel
                0x2000097c        0x4 src/ASF/common/services/usb/class/cdc/device/udi_cdc.o
 .bss.udi_cdc_tx_buf_nb
                0x20000980        0x4 src/ASF/common/services/usb/class/cdc/device/udi_cdc.o
 .bss.udi_cdc_tx_buf
                0x20000984       0x80 src/ASF/common/services/usb/class/cdc/device/udi_cdc.o
 .bss.udi_cdc_rx_buf_nb
                0x20000a04        0x4 src/ASF/common/services/usb/class/cdc/device/udi_cdc.o
 .bss.udi_cdc_nb_comm_enabled
                0x20000a08        0x1 src/ASF/common/services/usb/class/cdc/device/udi_cdc.o
 *fill*         0x20000a09        0x3 
 .bss.udi_cdc_rx_pos
                0x20000a0c        0x4 src/ASF/common/services/usb/class/cdc/device/udi_cdc.o
 .bss.udi_cdc_tx_sof_num
                0x20000a10        0x4 src/ASF/common/services/usb/class/cdc/device/udi_cdc.o
 .bss.udi_cdc_data_running
                0x20000a14        0x1 src/ASF/common/services/usb/class/cdc/device/udi_cdc.o
 *fill*         0x20000a15        0x3 
 .bss.udi_cdc_rx_buf_sel
                0x20000a18        0x4 src/ASF/common/services/usb/class/cdc/device/udi_cdc.o
 .bss.udi_cdc_tx_trans_ongoing
                0x20000a1c        0x4 src/ASF/common/services/usb/class/cdc/device/udi_cdc.o
 .bss.uid_cdc_state_msg
                0x20000a20        0xc src/ASF/common/services/usb/class/cdc/device/udi_cdc.o
 .bss.udi_cdc_rx_buf
                0x20000a2c       0x80 src/ASF/common/services/usb/class/cdc/device/udi_cdc.o
 .bss.udi_cdc_rx_trans_ongoing
                0x20000aac        0x4 src/ASF/common/services/usb/class/cdc/device/udi_cdc.o
 .bss.udi_cdc_tx_both_buf_to_send
                0x20000ab0        0x4 src/ASF/common/services/usb/class/cdc/device/udi_cdc.o
 .bss.udi_cdc_state
                0x20000ab4        0x4 src/ASF/common/services/usb/class/cdc/device/udi_cdc.o
 .bss.udc_ptr_conf
                0x20000ab8        0x4 src/ASF/common/services/usb/udc/udc.o
 .bss.udc_iface_setting.7205
                0x20000abc        0x1 src/ASF/common/services/usb/udc/udc.o
 *fill*         0x20000abd        0x1 
 .bss.udc_ep_status.7148
                0x20000abe        0x2 src/ASF/common/services/usb/udc/udc.o
 .bss.udc_device_status
                0x20000ac0        0x2 src/ASF/common/services/usb/udc/udc.o
 .bss.udc_num_configuration
                0x20000ac2        0x1 src/ASF/common/services/usb/udc/udc.o
 *fill*         0x20000ac3        0x1 
 .bss.udc_ptr_iface
                0x20000ac4        0x4 src/ASF/common/services/usb/udc/udc.o
 .bss.pio_capture_handler
                0x20000ac8        0x4 src/ASF/sam/drivers/pio/pio_handler.o
 .bss.gs_interrupt_sources
                0x20000acc       0x70 src/ASF/sam/drivers/pio/pio_handler.o
 .bss.b_is_sleep_clock_used
                0x20000b3c        0x1 src/ASF/sam/drivers/pmc/sleep.o
 *fill*         0x20000b3d        0x1 
 .bss.udd_ctrl_prev_payload_nb_trans
                0x20000b3e        0x2 src/ASF/sam/drivers/udp/udp_device.o
 .bss.udd_ep_job
                0x20000b40       0x3c src/ASF/sam/drivers/udp/udp_device.o
 .bss.udd_b_idle
                0x20000b7c        0x1 src/ASF/sam/drivers/udp/udp_device.o
 *fill*         0x20000b7d        0x1 
 .bss.udd_ctrl_payload_nb_trans
                0x20000b7e        0x2 src/ASF/sam/drivers/udp/udp_device.o
 .bss.b_shortpacket.8194
                0x20000b80        0x1 src/ASF/sam/drivers/udp/udp_device.o
 .bss.udd_ep_control_state
                0x20000b81        0x1 src/ASF/sam/drivers/udp/udp_device.o
 *fill*         0x20000b82        0x2 
 .bss.heap.5098
                0x20000b84        0x4 src/ASF/sam/utils/syscalls/gcc/syscalls.o
 .bss.__malloc_max_total_mem
                0x20000b88        0x4 c:/program files (x86)/atmel/atmel toolchain/arm gcc/native/4.8.1443/arm-gnu-toolchain/bin/../lib/gcc/arm-none-eabi/4.8.4/../../../../arm-none-eabi/lib/armv7-m\libc.a(lib_a-mallocr.o)
                0x20000b88                __malloc_max_total_mem
 .bss.__malloc_max_sbrked_mem
                0x20000b8c        0x4 c:/program files (x86)/atmel/atmel toolchain/arm gcc/native/4.8.1443/arm-gnu-toolchain/bin/../lib/gcc/arm-none-eabi/4.8.4/../../../../arm-none-eabi/lib/armv7-m\libc.a(lib_a-mallocr.o)
                0x20000b8c                __malloc_max_sbrked_mem
 .bss.__malloc_top_pad
                0x20000b90        0x4 c:/program files (x86)/atmel/atmel toolchain/arm gcc/native/4.8.1443/arm-gnu-toolchain/bin/../lib/gcc/arm-none-eabi/4.8.4/../../../../arm-none-eabi/lib/armv7-m\libc.a(lib_a-mallocr.o)
                0x20000b90                __malloc_top_pad
 .bss.__malloc_current_mallinfo
                0x20000b94       0x28 c:/program files (x86)/atmel/atmel toolchain/arm gcc/native/4.8.1443/arm-gnu-toolchain/bin/../lib/gcc/arm-none-eabi/4.8.4/../../../../arm-none-eabi/lib/armv7-m\libc.a(lib_a-mallocr.o)
                0x20000b94                __malloc_current_mallinfo
 *(COMMON)
 COMMON         0x20000bbc       0x10 src/ADC_core.o
                0x20000bbc                sampleCounter
                0x20000bc0                repetitionCounter
                0x20000bc4                result
                0x20000bc8                DAQSettingsPtr
 COMMON         0x20000bcc       0x18 src/parser.o
                0x20000bcc                daqSettings
 COMMON         0x20000be4        0x6 src/ASF/common/services/sleepmgr/sam/sleepmgr.o
                0x20000be4                sleepmgr_locks
 *fill*         0x20000bea        0x2 
 COMMON         0x20000bec        0x4 src/ASF/sam/drivers/pio/pio.o
                0x20000bec                pio_capture_enable_flag
 COMMON         0x20000bf0       0x18 src/ASF/sam/drivers/udp/udp_device.o
                0x20000bf0                udd_g_ctrlreq
 COMMON         0x20000c08        0x4 c:/program files (x86)/atmel/atmel toolchain/arm gcc/native/4.8.1443/arm-gnu-toolchain/bin/../lib/gcc/arm-none-eabi/4.8.4/../../../../arm-none-eabi/lib/armv7-m\libc.a(lib_a-reent.o)
                0x20000c08                errno
                0x20000c0c                . = ALIGN (0x4)
                0x20000c0c                _ebss = .
                0x20000c0c                _ezero = .

.stack          0x20000c0c     0x2004 load address 0x00408fc4
                0x20000c10                . = ALIGN (0x8)
 *fill*         0x20000c0c        0x4 
                0x20000c10                _sstack = .
                0x20002c10                . = (. + __stack_size__)
 *fill*         0x20000c10     0x2000 
                0x20002c10                . = ALIGN (0x8)
                0x20002c10                _estack = .
                0x20002c10                . = ALIGN (0x4)
                0x20002c10                _end = .
OUTPUT(USB_DAQ.elf elf32-littlearm)

.ARM.attributes
                0x00000000       0x29
 .ARM.attributes
                0x00000000       0x1d c:/program files (x86)/atmel/atmel toolchain/arm gcc/native/4.8.1443/arm-gnu-toolchain/bin/../lib/gcc/arm-none-eabi/4.8.4/armv7-m/crti.o
 .ARM.attributes
                0x0000001d       0x2d c:/program files (x86)/atmel/atmel toolchain/arm gcc/native/4.8.1443/arm-gnu-toolchain/bin/../lib/gcc/arm-none-eabi/4.8.4/armv7-m/crtbegin.o
 .ARM.attributes
                0x0000004a       0x33 src/ADC_core.o
 .ARM.attributes
                0x0000007d       0x33 src/DAC.o
 .ARM.attributes
                0x000000b0       0x33 src/parser.o
 .ARM.attributes
                0x000000e3       0x33 src/ASF/common/boards/user_board/init.o
 .ARM.attributes
                0x00000116       0x33 src/ASF/common/services/clock/sam3s/sysclk.o
 .ARM.attributes
                0x00000149       0x33 src/ASF/common/services/delay/sam/cycle_counter.o
 .ARM.attributes
                0x0000017c       0x33 src/ASF/common/services/sleepmgr/sam/sleepmgr.o
 .ARM.attributes
                0x000001af       0x33 src/ASF/common/services/usb/class/cdc/device/udi_cdc.o
 .ARM.attributes
                0x000001e2       0x33 src/ASF/common/services/usb/class/cdc/device/udi_cdc_desc.o
 .ARM.attributes
                0x00000215       0x33 src/ASF/common/services/usb/udc/udc.o
 .ARM.attributes
                0x00000248       0x33 src/ASF/common/utils/interrupt/interrupt_sam_nvic.o
 .ARM.attributes
                0x0000027b       0x33 src/ASF/sam/drivers/adc/adc.o
 .ARM.attributes
                0x000002ae       0x33 src/ASF/sam/drivers/dacc/dacc.o
 .ARM.attributes
                0x000002e1       0x33 src/ASF/sam/drivers/pio/pio.o
 .ARM.attributes
                0x00000314       0x33 src/ASF/sam/drivers/pio/pio_handler.o
 .ARM.attributes
                0x00000347       0x33 src/ASF/sam/drivers/pmc/pmc.o
 .ARM.attributes
                0x0000037a       0x33 src/ASF/sam/drivers/pmc/sleep.o
 .ARM.attributes
                0x000003ad       0x33 src/ASF/sam/drivers/tc/tc.o
 .ARM.attributes
                0x000003e0       0x33 src/ASF/sam/drivers/udp/udp_device.o
 .ARM.attributes
                0x00000413       0x33 src/ASF/sam/drivers/wdt/wdt.o
 .ARM.attributes
                0x00000446       0x33 src/ASF/sam/utils/cmsis/sam3s/source/templates/exceptions.o
 .ARM.attributes
                0x00000479       0x33 src/ASF/sam/utils/cmsis/sam3s/source/templates/gcc/startup_sam3s.o
 .ARM.attributes
                0x000004ac       0x33 src/ASF/sam/utils/cmsis/sam3s/source/templates/system_sam3s.o
 .ARM.attributes
                0x000004df       0x33 src/ASF/sam/utils/syscalls/gcc/syscalls.o
 .ARM.attributes
                0x00000512       0x33 src/main.o
 .ARM.attributes
                0x00000545       0x2d c:/program files (x86)/atmel/atmel toolchain/arm gcc/native/4.8.1443/arm-gnu-toolchain/bin/../lib/gcc/arm-none-eabi/4.8.4/../../../../arm-none-eabi/lib/armv7-m\libc.a(lib_a-atoi.o)
 .ARM.attributes
                0x00000572       0x2d c:/program files (x86)/atmel/atmel toolchain/arm gcc/native/4.8.1443/arm-gnu-toolchain/bin/../lib/gcc/arm-none-eabi/4.8.4/../../../../arm-none-eabi/lib/armv7-m\libc.a(lib_a-impure.o)
 .ARM.attributes
                0x0000059f       0x2d c:/program files (x86)/atmel/atmel toolchain/arm gcc/native/4.8.1443/arm-gnu-toolchain/bin/../lib/gcc/arm-none-eabi/4.8.4/../../../../arm-none-eabi/lib/armv7-m\libc.a(lib_a-init.o)
 .ARM.attributes
                0x000005cc       0x1b c:/program files (x86)/atmel/atmel toolchain/arm gcc/native/4.8.1443/arm-gnu-toolchain/bin/../lib/gcc/arm-none-eabi/4.8.4/../../../../arm-none-eabi/lib/armv7-m\libc.a(lib_a-memcpy.o)
 .ARM.attributes
                0x000005e7       0x2d c:/program files (x86)/atmel/atmel toolchain/arm gcc/native/4.8.1443/arm-gnu-toolchain/bin/../lib/gcc/arm-none-eabi/4.8.4/../../../../arm-none-eabi/lib/armv7-m\libc.a(lib_a-memset.o)
 .ARM.attributes
                0x00000614       0x2d c:/program files (x86)/atmel/atmel toolchain/arm gcc/native/4.8.1443/arm-gnu-toolchain/bin/../lib/gcc/arm-none-eabi/4.8.4/../../../../arm-none-eabi/lib/armv7-m\libc.a(lib_a-sprintf.o)
 .ARM.attributes
                0x00000641       0x2d c:/program files (x86)/atmel/atmel toolchain/arm gcc/native/4.8.1443/arm-gnu-toolchain/bin/../lib/gcc/arm-none-eabi/4.8.4/../../../../arm-none-eabi/lib/armv7-m\libc.a(lib_a-strlen.o)
 .ARM.attributes
                0x0000066e       0x2d c:/program files (x86)/atmel/atmel toolchain/arm gcc/native/4.8.1443/arm-gnu-toolchain/bin/../lib/gcc/arm-none-eabi/4.8.4/../../../../arm-none-eabi/lib/armv7-m\libc.a(lib_a-strpbrk.o)
 .ARM.attributes
                0x0000069b       0x2d c:/program files (x86)/atmel/atmel toolchain/arm gcc/native/4.8.1443/arm-gnu-toolchain/bin/../lib/gcc/arm-none-eabi/4.8.4/../../../../arm-none-eabi/lib/armv7-m\libc.a(lib_a-strtol.o)
 .ARM.attributes
                0x000006c8       0x2d c:/program files (x86)/atmel/atmel toolchain/arm gcc/native/4.8.1443/arm-gnu-toolchain/bin/../lib/gcc/arm-none-eabi/4.8.4/../../../../arm-none-eabi/lib/armv7-m\libc.a(lib_a-svfprintf.o)
 .ARM.attributes
                0x000006f5       0x2d c:/program files (x86)/atmel/atmel toolchain/arm gcc/native/4.8.1443/arm-gnu-toolchain/bin/../lib/gcc/arm-none-eabi/4.8.4/../../../../arm-none-eabi/lib/armv7-m\libc.a(lib_a-__call_atexit.o)
 .ARM.attributes
                0x00000722       0x2d c:/program files (x86)/atmel/atmel toolchain/arm gcc/native/4.8.1443/arm-gnu-toolchain/bin/../lib/gcc/arm-none-eabi/4.8.4/../../../../arm-none-eabi/lib/armv7-m\libc.a(lib_a-atexit.o)
 .ARM.attributes
                0x0000074f       0x2d c:/program files (x86)/atmel/atmel toolchain/arm gcc/native/4.8.1443/arm-gnu-toolchain/bin/../lib/gcc/arm-none-eabi/4.8.4/../../../../arm-none-eabi/lib/armv7-m\libc.a(lib_a-ctype_.o)
 .ARM.attributes
                0x0000077c       0x2d c:/program files (x86)/atmel/atmel toolchain/arm gcc/native/4.8.1443/arm-gnu-toolchain/bin/../lib/gcc/arm-none-eabi/4.8.4/../../../../arm-none-eabi/lib/armv7-m\libc.a(lib_a-dtoa.o)
 .ARM.attributes
                0x000007a9       0x2d c:/program files (x86)/atmel/atmel toolchain/arm gcc/native/4.8.1443/arm-gnu-toolchain/bin/../lib/gcc/arm-none-eabi/4.8.4/../../../../arm-none-eabi/lib/armv7-m\libc.a(lib_a-fini.o)
 .ARM.attributes
                0x000007d6       0x2d c:/program files (x86)/atmel/atmel toolchain/arm gcc/native/4.8.1443/arm-gnu-toolchain/bin/../lib/gcc/arm-none-eabi/4.8.4/../../../../arm-none-eabi/lib/armv7-m\libc.a(lib_a-freer.o)
 .ARM.attributes
                0x00000803       0x2d c:/program files (x86)/atmel/atmel toolchain/arm gcc/native/4.8.1443/arm-gnu-toolchain/bin/../lib/gcc/arm-none-eabi/4.8.4/../../../../arm-none-eabi/lib/armv7-m\libc.a(lib_a-locale.o)
 .ARM.attributes
                0x00000830       0x2d c:/program files (x86)/atmel/atmel toolchain/arm gcc/native/4.8.1443/arm-gnu-toolchain/bin/../lib/gcc/arm-none-eabi/4.8.4/../../../../arm-none-eabi/lib/armv7-m\libc.a(lib_a-mallocr.o)
 .ARM.attributes
                0x0000085d       0x2d c:/program files (x86)/atmel/atmel toolchain/arm gcc/native/4.8.1443/arm-gnu-toolchain/bin/../lib/gcc/arm-none-eabi/4.8.4/../../../../arm-none-eabi/lib/armv7-m\libc.a(lib_a-memchr-stub.o)
 .ARM.attributes
                0x0000088a       0x2d c:/program files (x86)/atmel/atmel toolchain/arm gcc/native/4.8.1443/arm-gnu-toolchain/bin/../lib/gcc/arm-none-eabi/4.8.4/../../../../arm-none-eabi/lib/armv7-m\libc.a(lib_a-memmove.o)
 .ARM.attributes
                0x000008b7       0x2d c:/program files (x86)/atmel/atmel toolchain/arm gcc/native/4.8.1443/arm-gnu-toolchain/bin/../lib/gcc/arm-none-eabi/4.8.4/../../../../arm-none-eabi/lib/armv7-m\libc.a(lib_a-mlock.o)
 .ARM.attributes
                0x000008e4       0x2d c:/program files (x86)/atmel/atmel toolchain/arm gcc/native/4.8.1443/arm-gnu-toolchain/bin/../lib/gcc/arm-none-eabi/4.8.4/../../../../arm-none-eabi/lib/armv7-m\libc.a(lib_a-mprec.o)
 .ARM.attributes
                0x00000911       0x2d c:/program files (x86)/atmel/atmel toolchain/arm gcc/native/4.8.1443/arm-gnu-toolchain/bin/../lib/gcc/arm-none-eabi/4.8.4/../../../../arm-none-eabi/lib/armv7-m\libc.a(lib_a-reallocr.o)
 .ARM.attributes
                0x0000093e       0x2d c:/program files (x86)/atmel/atmel toolchain/arm gcc/native/4.8.1443/arm-gnu-toolchain/bin/../lib/gcc/arm-none-eabi/4.8.4/../../../../arm-none-eabi/lib/armv7-m\libc.a(lib_a-s_fpclassify.o)
 .ARM.attributes
                0x0000096b       0x2d c:/program files (x86)/atmel/atmel toolchain/arm gcc/native/4.8.1443/arm-gnu-toolchain/bin/../lib/gcc/arm-none-eabi/4.8.4/../../../../arm-none-eabi/lib/armv7-m\libc.a(lib_a-sbrkr.o)
 .ARM.attributes
                0x00000998       0x2d c:/program files (x86)/atmel/atmel toolchain/arm gcc/native/4.8.1443/arm-gnu-toolchain/bin/../lib/gcc/arm-none-eabi/4.8.4/../../../../arm-none-eabi/lib/armv7-m\libc.a(lib_a-svfiprintf.o)
 .ARM.attributes
                0x000009c5       0x2d c:/program files (x86)/atmel/atmel toolchain/arm gcc/native/4.8.1443/arm-gnu-toolchain/bin/../lib/gcc/arm-none-eabi/4.8.4/../../../../arm-none-eabi/lib/armv7-m\libc.a(lib_a-__atexit.o)
 .ARM.attributes
                0x000009f2       0x2d c:/program files (x86)/atmel/atmel toolchain/arm gcc/native/4.8.1443/arm-gnu-toolchain/bin/../lib/gcc/arm-none-eabi/4.8.4/../../../../arm-none-eabi/lib/armv7-m\libc.a(lib_a-callocr.o)
 .ARM.attributes
                0x00000a1f       0x2d c:/program files (x86)/atmel/atmel toolchain/arm gcc/native/4.8.1443/arm-gnu-toolchain/bin/../lib/gcc/arm-none-eabi/4.8.4/../../../../arm-none-eabi/lib/armv7-m\libc.a(lib_a-reent.o)
 .ARM.attributes
                0x00000a4c       0x1d c:/program files (x86)/atmel/atmel toolchain/arm gcc/native/4.8.1443/arm-gnu-toolchain/bin/../lib/gcc/arm-none-eabi/4.8.4/armv7-m\libgcc.a(_arm_addsubdf3.o)
 .ARM.attributes
                0x00000a69       0x1d c:/program files (x86)/atmel/atmel toolchain/arm gcc/native/4.8.1443/arm-gnu-toolchain/bin/../lib/gcc/arm-none-eabi/4.8.4/armv7-m\libgcc.a(_arm_muldivdf3.o)
 .ARM.attributes
                0x00000a86       0x1d c:/program files (x86)/atmel/atmel toolchain/arm gcc/native/4.8.1443/arm-gnu-toolchain/bin/../lib/gcc/arm-none-eabi/4.8.4/armv7-m\libgcc.a(_arm_cmpdf2.o)
 .ARM.attributes
                0x00000aa3       0x1d c:/program files (x86)/atmel/atmel toolchain/arm gcc/native/4.8.1443/arm-gnu-toolchain/bin/../lib/gcc/arm-none-eabi/4.8.4/armv7-m\libgcc.a(_arm_fixdfsi.o)
 .ARM.attributes
                0x00000ac0       0x1d c:/program files (x86)/atmel/atmel toolchain/arm gcc/native/4.8.1443/arm-gnu-toolchain/bin/../lib/gcc/arm-none-eabi/4.8.4/armv7-m\libgcc.a(_aeabi_uldivmod.o)
 .ARM.attributes
                0x00000add       0x2d c:/program files (x86)/atmel/atmel toolchain/arm gcc/native/4.8.1443/arm-gnu-toolchain/bin/../lib/gcc/arm-none-eabi/4.8.4/armv7-m\libgcc.a(bpabi.o)
 .ARM.attributes
                0x00000b0a       0x1d c:/program files (x86)/atmel/atmel toolchain/arm gcc/native/4.8.1443/arm-gnu-toolchain/bin/../lib/gcc/arm-none-eabi/4.8.4/armv7-m\libgcc.a(_dvmd_tls.o)
 .ARM.attributes
                0x00000b27       0x2d c:/program files (x86)/atmel/atmel toolchain/arm gcc/native/4.8.1443/arm-gnu-toolchain/bin/../lib/gcc/arm-none-eabi/4.8.4/armv7-m\libgcc.a(_divdi3.o)
 .ARM.attributes
                0x00000b54       0x2d c:/program files (x86)/atmel/atmel toolchain/arm gcc/native/4.8.1443/arm-gnu-toolchain/bin/../lib/gcc/arm-none-eabi/4.8.4/armv7-m\libgcc.a(_udivdi3.o)
 .ARM.attributes
                0x00000b81       0x1d c:/program files (x86)/atmel/atmel toolchain/arm gcc/native/4.8.1443/arm-gnu-toolchain/bin/../lib/gcc/arm-none-eabi/4.8.4/armv7-m/crtn.o

.comment        0x00000000       0x5b
 .comment       0x00000000       0x5b src/ADC_core.o
                                 0x5c (size before relaxing)
 .comment       0x00000000       0x5c src/DAC.o
 .comment       0x00000000       0x5c src/parser.o
 .comment       0x00000000       0x5c src/ASF/common/boards/user_board/init.o
 .comment       0x00000000       0x5c src/ASF/common/services/clock/sam3s/sysclk.o
 .comment       0x00000000       0x5c src/ASF/common/services/delay/sam/cycle_counter.o
 .comment       0x00000000       0x5c src/ASF/common/services/sleepmgr/sam/sleepmgr.o
 .comment       0x00000000       0x5c src/ASF/common/services/usb/class/cdc/device/udi_cdc.o
 .comment       0x00000000       0x5c src/ASF/common/services/usb/class/cdc/device/udi_cdc_desc.o
 .comment       0x00000000       0x5c src/ASF/common/services/usb/udc/udc.o
 .comment       0x00000000       0x5c src/ASF/common/utils/interrupt/interrupt_sam_nvic.o
 .comment       0x00000000       0x5c src/ASF/sam/drivers/adc/adc.o
 .comment       0x00000000       0x5c src/ASF/sam/drivers/dacc/dacc.o
 .comment       0x00000000       0x5c src/ASF/sam/drivers/pio/pio.o
 .comment       0x00000000       0x5c src/ASF/sam/drivers/pio/pio_handler.o
 .comment       0x00000000       0x5c src/ASF/sam/drivers/pmc/pmc.o
 .comment       0x00000000       0x5c src/ASF/sam/drivers/pmc/sleep.o
 .comment       0x00000000       0x5c src/ASF/sam/drivers/tc/tc.o
 .comment       0x00000000       0x5c src/ASF/sam/drivers/udp/udp_device.o
 .comment       0x00000000       0x5c src/ASF/sam/drivers/wdt/wdt.o
 .comment       0x00000000       0x5c src/ASF/sam/utils/cmsis/sam3s/source/templates/exceptions.o
 .comment       0x00000000       0x5c src/ASF/sam/utils/cmsis/sam3s/source/templates/gcc/startup_sam3s.o
 .comment       0x00000000       0x5c src/ASF/sam/utils/cmsis/sam3s/source/templates/system_sam3s.o
 .comment       0x00000000       0x5c src/ASF/sam/utils/syscalls/gcc/syscalls.o
 .comment       0x00000000       0x5c src/main.o

.debug_info     0x00000000    0x11035
 .debug_info    0x00000000     0x123c src/ADC_core.o
 .debug_info    0x0000123c      0x9c5 src/DAC.o
 .debug_info    0x00001c01      0x59a src/parser.o
 .debug_info    0x0000219b      0x77a src/ASF/common/boards/user_board/init.o
 .debug_info    0x00002915      0x87c src/ASF/common/services/clock/sam3s/sysclk.o
 .debug_info    0x00003191      0x134 src/ASF/common/services/delay/sam/cycle_counter.o
 .debug_info    0x000032c5      0x172 src/ASF/common/services/sleepmgr/sam/sleepmgr.o
 .debug_info    0x00003437     0x1a8c src/ASF/common/services/usb/class/cdc/device/udi_cdc.o
 .debug_info    0x00004ec3      0x860 src/ASF/common/services/usb/class/cdc/device/udi_cdc_desc.o
 .debug_info    0x00005723     0x1004 src/ASF/common/services/usb/udc/udc.o
 .debug_info    0x00006727      0x1e8 src/ASF/common/utils/interrupt/interrupt_sam_nvic.o
 .debug_info    0x0000690f     0x1188 src/ASF/sam/drivers/adc/adc.o
 .debug_info    0x00007a97      0x8ac src/ASF/sam/drivers/dacc/dacc.o
 .debug_info    0x00008343     0x197f src/ASF/sam/drivers/pio/pio.o
 .debug_info    0x00009cc2      0xf75 src/ASF/sam/drivers/pio/pio_handler.o
 .debug_info    0x0000ac37     0x1092 src/ASF/sam/drivers/pmc/pmc.o
 .debug_info    0x0000bcc9      0x9e1 src/ASF/sam/drivers/pmc/sleep.o
 .debug_info    0x0000c6aa      0x946 src/ASF/sam/drivers/tc/tc.o
 .debug_info    0x0000cff0     0x2e62 src/ASF/sam/drivers/udp/udp_device.o
 .debug_info    0x0000fe52      0x2fc src/ASF/sam/drivers/wdt/wdt.o
 .debug_info    0x0001014e       0xb9 src/ASF/sam/utils/cmsis/sam3s/source/templates/exceptions.o
 .debug_info    0x00010207      0x36d src/ASF/sam/utils/cmsis/sam3s/source/templates/gcc/startup_sam3s.o
 .debug_info    0x00010574      0x48f src/ASF/sam/utils/cmsis/sam3s/source/templates/system_sam3s.o
 .debug_info    0x00010a03      0x43f src/ASF/sam/utils/syscalls/gcc/syscalls.o
 .debug_info    0x00010e42      0x1f3 src/main.o

.debug_abbrev   0x00000000     0x2d47
 .debug_abbrev  0x00000000      0x1f0 src/ADC_core.o
 .debug_abbrev  0x000001f0      0x10d src/DAC.o
 .debug_abbrev  0x000002fd      0x198 src/parser.o
 .debug_abbrev  0x00000495      0x110 src/ASF/common/boards/user_board/init.o
 .debug_abbrev  0x000005a5      0x22a src/ASF/common/services/clock/sam3s/sysclk.o
 .debug_abbrev  0x000007cf       0x9d src/ASF/common/services/delay/sam/cycle_counter.o
 .debug_abbrev  0x0000086c       0xa9 src/ASF/common/services/sleepmgr/sam/sleepmgr.o
 .debug_abbrev  0x00000915      0x3d5 src/ASF/common/services/usb/class/cdc/device/udi_cdc.o
 .debug_abbrev  0x00000cea      0x125 src/ASF/common/services/usb/class/cdc/device/udi_cdc_desc.o
 .debug_abbrev  0x00000e0f      0x34e src/ASF/common/services/usb/udc/udc.o
 .debug_abbrev  0x0000115d       0xef src/ASF/common/utils/interrupt/interrupt_sam_nvic.o
 .debug_abbrev  0x0000124c      0x226 src/ASF/sam/drivers/adc/adc.o
 .debug_abbrev  0x00001472      0x1c6 src/ASF/sam/drivers/dacc/dacc.o
 .debug_abbrev  0x00001638      0x30d src/ASF/sam/drivers/pio/pio.o
 .debug_abbrev  0x00001945      0x280 src/ASF/sam/drivers/pio/pio_handler.o
 .debug_abbrev  0x00001bc5      0x268 src/ASF/sam/drivers/pmc/pmc.o
 .debug_abbrev  0x00001e2d      0x211 src/ASF/sam/drivers/pmc/sleep.o
 .debug_abbrev  0x0000203e      0x1bb src/ASF/sam/drivers/tc/tc.o
 .debug_abbrev  0x000021f9      0x556 src/ASF/sam/drivers/udp/udp_device.o
 .debug_abbrev  0x0000274f      0x12a src/ASF/sam/drivers/wdt/wdt.o
 .debug_abbrev  0x00002879       0x6c src/ASF/sam/utils/cmsis/sam3s/source/templates/exceptions.o
 .debug_abbrev  0x000028e5      0x109 src/ASF/sam/utils/cmsis/sam3s/source/templates/gcc/startup_sam3s.o
 .debug_abbrev  0x000029ee       0xf5 src/ASF/sam/utils/cmsis/sam3s/source/templates/system_sam3s.o
 .debug_abbrev  0x00002ae3      0x14e src/ASF/sam/utils/syscalls/gcc/syscalls.o
 .debug_abbrev  0x00002c31      0x116 src/main.o

.debug_loc      0x00000000     0x6635
 .debug_loc     0x00000000       0x80 src/ADC_core.o
 .debug_loc     0x00000080       0xbc src/DAC.o
 .debug_loc     0x0000013c      0x391 src/parser.o
 .debug_loc     0x000004cd       0x2c src/ASF/common/boards/user_board/init.o
 .debug_loc     0x000004f9      0x12d src/ASF/common/services/clock/sam3s/sysclk.o
 .debug_loc     0x00000626      0xef6 src/ASF/common/services/usb/class/cdc/device/udi_cdc.o
 .debug_loc     0x0000151c      0x511 src/ASF/common/services/usb/udc/udc.o
 .debug_loc     0x00001a2d       0x1e src/ASF/common/utils/interrupt/interrupt_sam_nvic.o
 .debug_loc     0x00001a4b      0x980 src/ASF/sam/drivers/adc/adc.o
 .debug_loc     0x000023cb      0x3a7 src/ASF/sam/drivers/dacc/dacc.o
 .debug_loc     0x00002772      0xdc1 src/ASF/sam/drivers/pio/pio.o
 .debug_loc     0x00003533      0x4fd src/ASF/sam/drivers/pio/pio_handler.o
 .debug_loc     0x00003a30      0xc55 src/ASF/sam/drivers/pmc/pmc.o
 .debug_loc     0x00004685      0x2a8 src/ASF/sam/drivers/pmc/sleep.o
 .debug_loc     0x0000492d      0x57a src/ASF/sam/drivers/tc/tc.o
 .debug_loc     0x00004ea7     0x146b src/ASF/sam/drivers/udp/udp_device.o
 .debug_loc     0x00006312      0x15a src/ASF/sam/drivers/wdt/wdt.o
 .debug_loc     0x0000646c       0x7e src/ASF/sam/utils/cmsis/sam3s/source/templates/gcc/startup_sam3s.o
 .debug_loc     0x000064ea      0x12b src/ASF/sam/utils/syscalls/gcc/syscalls.o
 .debug_loc     0x00006615       0x20 src/main.o

.debug_aranges  0x00000000      0xcb0
 .debug_aranges
                0x00000000       0x38 src/ADC_core.o
 .debug_aranges
                0x00000038       0x28 src/DAC.o
 .debug_aranges
                0x00000060       0x38 src/parser.o
 .debug_aranges
                0x00000098       0x20 src/ASF/common/boards/user_board/init.o
 .debug_aranges
                0x000000b8       0x40 src/ASF/common/services/clock/sam3s/sysclk.o
 .debug_aranges
                0x000000f8       0x20 src/ASF/common/services/delay/sam/cycle_counter.o
 .debug_aranges
                0x00000118       0x18 src/ASF/common/services/sleepmgr/sam/sleepmgr.o
 .debug_aranges
                0x00000130      0x168 src/ASF/common/services/usb/class/cdc/device/udi_cdc.o
 .debug_aranges
                0x00000298       0x18 src/ASF/common/services/usb/class/cdc/device/udi_cdc_desc.o
 .debug_aranges
                0x000002b0       0x70 src/ASF/common/services/usb/udc/udc.o
 .debug_aranges
                0x00000320       0x28 src/ASF/common/utils/interrupt/interrupt_sam_nvic.o
 .debug_aranges
                0x00000348      0x178 src/ASF/sam/drivers/adc/adc.o
 .debug_aranges
                0x000004c0       0xc0 src/ASF/sam/drivers/dacc/dacc.o
 .debug_aranges
                0x00000580      0x1a8 src/ASF/sam/drivers/pio/pio.o
 .debug_aranges
                0x00000728       0x50 src/ASF/sam/drivers/pio/pio_handler.o
 .debug_aranges
                0x00000778      0x1f8 src/ASF/sam/drivers/pmc/pmc.o
 .debug_aranges
                0x00000970       0x30 src/ASF/sam/drivers/pmc/sleep.o
 .debug_aranges
                0x000009a0       0xd0 src/ASF/sam/drivers/tc/tc.o
 .debug_aranges
                0x00000a70      0x108 src/ASF/sam/drivers/udp/udp_device.o
 .debug_aranges
                0x00000b78       0x48 src/ASF/sam/drivers/wdt/wdt.o
 .debug_aranges
                0x00000bc0       0x20 src/ASF/sam/utils/cmsis/sam3s/source/templates/exceptions.o
 .debug_aranges
                0x00000be0       0x20 src/ASF/sam/utils/cmsis/sam3s/source/templates/gcc/startup_sam3s.o
 .debug_aranges
                0x00000c00       0x30 src/ASF/sam/utils/cmsis/sam3s/source/templates/system_sam3s.o
 .debug_aranges
                0x00000c30       0x60 src/ASF/sam/utils/syscalls/gcc/syscalls.o
 .debug_aranges
                0x00000c90       0x20 src/main.o

.debug_ranges   0x00000000      0xbf0
 .debug_ranges  0x00000000       0x28 src/ADC_core.o
 .debug_ranges  0x00000028       0x18 src/DAC.o
 .debug_ranges  0x00000040       0x28 src/parser.o
 .debug_ranges  0x00000068       0x10 src/ASF/common/boards/user_board/init.o
 .debug_ranges  0x00000078       0x30 src/ASF/common/services/clock/sam3s/sysclk.o
 .debug_ranges  0x000000a8       0x10 src/ASF/common/services/delay/sam/cycle_counter.o
 .debug_ranges  0x000000b8      0x1a0 src/ASF/common/services/usb/class/cdc/device/udi_cdc.o
 .debug_ranges  0x00000258       0x60 src/ASF/common/services/usb/udc/udc.o
 .debug_ranges  0x000002b8       0x18 src/ASF/common/utils/interrupt/interrupt_sam_nvic.o
 .debug_ranges  0x000002d0      0x168 src/ASF/sam/drivers/adc/adc.o
 .debug_ranges  0x00000438       0xb0 src/ASF/sam/drivers/dacc/dacc.o
 .debug_ranges  0x000004e8      0x198 src/ASF/sam/drivers/pio/pio.o
 .debug_ranges  0x00000680       0x40 src/ASF/sam/drivers/pio/pio_handler.o
 .debug_ranges  0x000006c0      0x1e8 src/ASF/sam/drivers/pmc/pmc.o
 .debug_ranges  0x000008a8       0x20 src/ASF/sam/drivers/pmc/sleep.o
 .debug_ranges  0x000008c8       0xc0 src/ASF/sam/drivers/tc/tc.o
 .debug_ranges  0x00000988      0x190 src/ASF/sam/drivers/udp/udp_device.o
 .debug_ranges  0x00000b18       0x38 src/ASF/sam/drivers/wdt/wdt.o
 .debug_ranges  0x00000b50       0x10 src/ASF/sam/utils/cmsis/sam3s/source/templates/exceptions.o
 .debug_ranges  0x00000b60       0x10 src/ASF/sam/utils/cmsis/sam3s/source/templates/gcc/startup_sam3s.o
 .debug_ranges  0x00000b70       0x20 src/ASF/sam/utils/cmsis/sam3s/source/templates/system_sam3s.o
 .debug_ranges  0x00000b90       0x50 src/ASF/sam/utils/syscalls/gcc/syscalls.o
 .debug_ranges  0x00000be0       0x10 src/main.o

.debug_macro    0x00000000    0x1564a
 .debug_macro   0x00000000      0x4e2 src/ADC_core.o
 .debug_macro   0x000004e2      0x874 src/ADC_core.o
 .debug_macro   0x00000d56      0x34e src/ADC_core.o
 .debug_macro   0x000010a4       0x6a src/ADC_core.o
 .debug_macro   0x0000110e      0x166 src/ADC_core.o
 .debug_macro   0x00001274      0x476 src/ADC_core.o
 .debug_macro   0x000016ea       0x76 src/ADC_core.o
 .debug_macro   0x00001760       0x16 src/ADC_core.o
 .debug_macro   0x00001776      0x6e1 src/ADC_core.o
 .debug_macro   0x00001e57       0x16 src/ADC_core.o
 .debug_macro   0x00001e6d       0x44 src/ADC_core.o
 .debug_macro   0x00001eb1      0x209 src/ADC_core.o
 .debug_macro   0x000020ba       0x20 src/ADC_core.o
 .debug_macro   0x000020da       0x3a src/ADC_core.o
 .debug_macro   0x00002114       0x18 src/ADC_core.o
 .debug_macro   0x0000212c      0xb08 src/ADC_core.o
 .debug_macro   0x00002c34      0x157 src/ADC_core.o
 .debug_macro   0x00002d8b      0xa9e src/ADC_core.o
 .debug_macro   0x00003829      0x2b2 src/ADC_core.o
 .debug_macro   0x00003adb       0xac src/ADC_core.o
 .debug_macro   0x00003b87      0x317 src/ADC_core.o
 .debug_macro   0x00003e9e       0x82 src/ADC_core.o
 .debug_macro   0x00003f20       0x1c src/ADC_core.o
 .debug_macro   0x00003f3c      0x766 src/ADC_core.o
 .debug_macro   0x000046a2      0x2d0 src/ADC_core.o
 .debug_macro   0x00004972       0xbe src/ADC_core.o
 .debug_macro   0x00004a30     0x280b src/ADC_core.o
 .debug_macro   0x0000723b      0x790 src/ADC_core.o
 .debug_macro   0x000079cb      0xa7d src/ADC_core.o
 .debug_macro   0x00008448       0x7c src/ADC_core.o
 .debug_macro   0x000084c4      0x243 src/ADC_core.o
 .debug_macro   0x00008707       0x58 src/ADC_core.o
 .debug_macro   0x0000875f      0x391 src/ADC_core.o
 .debug_macro   0x00008af0      0x628 src/ADC_core.o
 .debug_macro   0x00009118      0x647 src/ADC_core.o
 .debug_macro   0x0000975f      0x59c src/ADC_core.o
 .debug_macro   0x00009cfb      0x34a src/ADC_core.o
 .debug_macro   0x0000a045      0x289 src/ADC_core.o
 .debug_macro   0x0000a2ce      0x2d3 src/ADC_core.o
 .debug_macro   0x0000a5a1      0x6cf src/ADC_core.o
 .debug_macro   0x0000ac70       0x76 src/ADC_core.o
 .debug_macro   0x0000ace6       0xb8 src/ADC_core.o
 .debug_macro   0x0000ad9e       0xb2 src/ADC_core.o
 .debug_macro   0x0000ae50       0x88 src/ADC_core.o
 .debug_macro   0x0000aed8      0x102 src/ADC_core.o
 .debug_macro   0x0000afda       0x88 src/ADC_core.o
 .debug_macro   0x0000b062       0x88 src/ADC_core.o
 .debug_macro   0x0000b0ea      0x2cd src/ADC_core.o
 .debug_macro   0x0000b3b7       0xb2 src/ADC_core.o
 .debug_macro   0x0000b469       0xb2 src/ADC_core.o
 .debug_macro   0x0000b51b       0x52 src/ADC_core.o
 .debug_macro   0x0000b56d       0xac src/ADC_core.o
 .debug_macro   0x0000b619       0x7c src/ADC_core.o
 .debug_macro   0x0000b695       0x40 src/ADC_core.o
 .debug_macro   0x0000b6d5       0x64 src/ADC_core.o
 .debug_macro   0x0000b739       0x4c src/ADC_core.o
 .debug_macro   0x0000b785       0xa6 src/ADC_core.o
 .debug_macro   0x0000b82b       0x7c src/ADC_core.o
 .debug_macro   0x0000b8a7       0x16 src/ADC_core.o
 .debug_macro   0x0000b8bd       0x7c src/ADC_core.o
 .debug_macro   0x0000b939       0x22 src/ADC_core.o
 .debug_macro   0x0000b95b      0x192 src/ADC_core.o
 .debug_macro   0x0000baed      0x162 src/ADC_core.o
 .debug_macro   0x0000bc4f       0x1c src/ADC_core.o
 .debug_macro   0x0000bc6b       0x2e src/ADC_core.o
 .debug_macro   0x0000bc99       0x22 src/ADC_core.o
 .debug_macro   0x0000bcbb       0x1c src/ADC_core.o
 .debug_macro   0x0000bcd7       0x52 src/ADC_core.o
 .debug_macro   0x0000bd29       0x10 src/ADC_core.o
 .debug_macro   0x0000bd39      0x1e0 src/ADC_core.o
 .debug_macro   0x0000bf19      0x5f0 src/ADC_core.o
 .debug_macro   0x0000c509       0xc1 src/ADC_core.o
 .debug_macro   0x0000c5ca       0x58 src/ADC_core.o
 .debug_macro   0x0000c622       0x35 src/ADC_core.o
 .debug_macro   0x0000c657       0xa3 src/ADC_core.o
 .debug_macro   0x0000c6fa       0x16 src/ADC_core.o
 .debug_macro   0x0000c710       0x35 src/ADC_core.o
 .debug_macro   0x0000c745       0x10 src/ADC_core.o
 .debug_macro   0x0000c755       0x52 src/ADC_core.o
 .debug_macro   0x0000c7a7       0x16 src/ADC_core.o
 .debug_macro   0x0000c7bd       0x43 src/ADC_core.o
 .debug_macro   0x0000c800      0x180 src/ADC_core.o
 .debug_macro   0x0000c980       0x10 src/ADC_core.o
 .debug_macro   0x0000c990       0x22 src/ADC_core.o
 .debug_macro   0x0000c9b2       0xbd src/ADC_core.o
 .debug_macro   0x0000ca6f       0x16 src/ADC_core.o
 .debug_macro   0x0000ca85      0x16c src/ADC_core.o
 .debug_macro   0x0000cbf1       0x22 src/ADC_core.o
 .debug_macro   0x0000cc13       0x16 src/ADC_core.o
 .debug_macro   0x0000cc29       0x16 src/ADC_core.o
 .debug_macro   0x0000cc3f       0x29 src/ADC_core.o
 .debug_macro   0x0000cc68       0x6d src/ADC_core.o
 .debug_macro   0x0000ccd5       0x3f src/ADC_core.o
 .debug_macro   0x0000cd14      0x3c3 src/ADC_core.o
 .debug_macro   0x0000d0d7       0x58 src/ADC_core.o
 .debug_macro   0x0000d12f       0x94 src/ADC_core.o
 .debug_macro   0x0000d1c3       0x8e src/ADC_core.o
 .debug_macro   0x0000d251       0x22 src/ADC_core.o
 .debug_macro   0x0000d273       0x46 src/ADC_core.o
 .debug_macro   0x0000d2b9      0x229 src/ADC_core.o
 .debug_macro   0x0000d4e2       0x34 src/ADC_core.o
 .debug_macro   0x0000d516       0x64 src/ADC_core.o
 .debug_macro   0x0000d57a       0x46 src/ADC_core.o
 .debug_macro   0x0000d5c0       0x90 src/ADC_core.o
 .debug_macro   0x0000d650      0x45e src/DAC.o
 .debug_macro   0x0000daae       0x16 src/DAC.o
 .debug_macro   0x0000dac4       0x10 src/DAC.o
 .debug_macro   0x0000dad4       0x5e src/DAC.o
 .debug_macro   0x0000db32      0x507 src/parser.o
 .debug_macro   0x0000e039       0x7c src/parser.o
 .debug_macro   0x0000e0b5      0x225 src/parser.o
 .debug_macro   0x0000e2da       0x96 src/parser.o
 .debug_macro   0x0000e370      0x241 src/parser.o
 .debug_macro   0x0000e5b1      0x17e src/parser.o
 .debug_macro   0x0000e72f       0x16 src/parser.o
 .debug_macro   0x0000e745       0x1c src/parser.o
 .debug_macro   0x0000e761      0x190 src/parser.o
 .debug_macro   0x0000e8f1      0x2a6 src/parser.o
 .debug_macro   0x0000eb97       0x10 src/parser.o
 .debug_macro   0x0000eba7       0x1f src/parser.o
 .debug_macro   0x0000ebc6      0x5f8 src/ASF/common/boards/user_board/init.o
 .debug_macro   0x0000f1be       0x1c src/ASF/common/boards/user_board/init.o
 .debug_macro   0x0000f1da       0x16 src/ASF/common/boards/user_board/init.o
 .debug_macro   0x0000f1f0       0x28 src/ASF/common/boards/user_board/init.o
 .debug_macro   0x0000f218       0x22 src/ASF/common/boards/user_board/init.o
 .debug_macro   0x0000f23a       0x88 src/ASF/common/boards/user_board/init.o
 .debug_macro   0x0000f2c2       0x34 src/ASF/common/boards/user_board/init.o
 .debug_macro   0x0000f2f6       0x10 src/ASF/common/boards/user_board/init.o
 .debug_macro   0x0000f306       0x82 src/ASF/common/boards/user_board/init.o
 .debug_macro   0x0000f388       0x10 src/ASF/common/boards/user_board/init.o
 .debug_macro   0x0000f398      0x4ab src/ASF/common/services/clock/sam3s/sysclk.o
 .debug_macro   0x0000f843      0x223 src/ASF/common/services/clock/sam3s/sysclk.o
 .debug_macro   0x0000fa66      0x43a src/ASF/common/services/delay/sam/cycle_counter.o
 .debug_macro   0x0000fea0       0x22 src/ASF/common/services/delay/sam/cycle_counter.o
 .debug_macro   0x0000fec2      0x451 src/ASF/common/services/sleepmgr/sam/sleepmgr.o
 .debug_macro   0x00010313      0x574 src/ASF/common/services/usb/class/cdc/device/udi_cdc.o
 .debug_macro   0x00010887      0x4c8 src/ASF/common/services/usb/class/cdc/device/udi_cdc_desc.o
 .debug_macro   0x00010d4f      0x4b4 src/ASF/common/services/usb/udc/udc.o
 .debug_macro   0x00011203      0x42b src/ASF/common/utils/interrupt/interrupt_sam_nvic.o
 .debug_macro   0x0001162e      0x44b src/ASF/sam/drivers/adc/adc.o
 .debug_macro   0x00011a79      0x446 src/ASF/sam/drivers/dacc/dacc.o
 .debug_macro   0x00011ebf      0x446 src/ASF/sam/drivers/pio/pio.o
 .debug_macro   0x00012305       0x8e src/ASF/sam/drivers/pio/pio.o
 .debug_macro   0x00012393      0x44a src/ASF/sam/drivers/pio/pio_handler.o
 .debug_macro   0x000127dd      0x440 src/ASF/sam/drivers/pmc/pmc.o
 .debug_macro   0x00012c1d      0x466 src/ASF/sam/drivers/pmc/sleep.o
 .debug_macro   0x00013083      0x446 src/ASF/sam/drivers/tc/tc.o
 .debug_macro   0x000134c9       0x16 src/ASF/sam/drivers/tc/tc.o
 .debug_macro   0x000134df       0x4a src/ASF/sam/drivers/tc/tc.o
 .debug_macro   0x00013529       0x1c src/ASF/sam/drivers/tc/tc.o
 .debug_macro   0x00013545      0x5ca src/ASF/sam/drivers/udp/udp_device.o
 .debug_macro   0x00013b0f      0x3f2 src/ASF/sam/drivers/udp/udp_device.o
 .debug_macro   0x00013f01      0x44d src/ASF/sam/drivers/wdt/wdt.o
 .debug_macro   0x0001434e      0x2b8 src/ASF/sam/utils/cmsis/sam3s/source/templates/exceptions.o
 .debug_macro   0x00014606      0x2c6 src/ASF/sam/utils/cmsis/sam3s/source/templates/gcc/startup_sam3s.o
 .debug_macro   0x000148cc      0x2c4 src/ASF/sam/utils/cmsis/sam3s/source/templates/system_sam3s.o
 .debug_macro   0x00014b90       0x26 src/ASF/sam/utils/cmsis/sam3s/source/templates/system_sam3s.o
 .debug_macro   0x00014bb6      0x129 src/ASF/sam/utils/syscalls/gcc/syscalls.o
 .debug_macro   0x00014cdf       0x97 src/ASF/sam/utils/syscalls/gcc/syscalls.o
 .debug_macro   0x00014d76       0xef src/ASF/sam/utils/syscalls/gcc/syscalls.o
 .debug_macro   0x00014e65       0x52 src/ASF/sam/utils/syscalls/gcc/syscalls.o
 .debug_macro   0x00014eb7       0x16 src/ASF/sam/utils/syscalls/gcc/syscalls.o
 .debug_macro   0x00014ecd       0x10 src/ASF/sam/utils/syscalls/gcc/syscalls.o
 .debug_macro   0x00014edd       0x41 src/ASF/sam/utils/syscalls/gcc/syscalls.o
 .debug_macro   0x00014f1e      0x120 src/ASF/sam/utils/syscalls/gcc/syscalls.o
 .debug_macro   0x0001503e      0x60c src/main.o

.debug_line     0x00000000    0x12721
 .debug_line    0x00000000      0xbc7 src/ADC_core.o
 .debug_line    0x00000bc7      0xa49 src/DAC.o
 .debug_line    0x00001610      0xc9b src/parser.o
 .debug_line    0x000022ab      0xe58 src/ASF/common/boards/user_board/init.o
 .debug_line    0x00003103      0xb64 src/ASF/common/services/clock/sam3s/sysclk.o
 .debug_line    0x00003c67      0x9e0 src/ASF/common/services/delay/sam/cycle_counter.o
 .debug_line    0x00004647      0xa42 src/ASF/common/services/sleepmgr/sam/sleepmgr.o
 .debug_line    0x00005089     0x1151 src/ASF/common/services/usb/class/cdc/device/udi_cdc.o
 .debug_line    0x000061da      0xac4 src/ASF/common/services/usb/class/cdc/device/udi_cdc_desc.o
 .debug_line    0x00006c9e      0xcf6 src/ASF/common/services/usb/udc/udc.o
 .debug_line    0x00007994      0x9f2 src/ASF/common/utils/interrupt/interrupt_sam_nvic.o
 .debug_line    0x00008386      0xd5e src/ASF/sam/drivers/adc/adc.o
 .debug_line    0x000090e4      0xb43 src/ASF/sam/drivers/dacc/dacc.o
 .debug_line    0x00009c27      0xe5c src/ASF/sam/drivers/pio/pio.o
 .debug_line    0x0000aa83      0xa7c src/ASF/sam/drivers/pio/pio_handler.o
 .debug_line    0x0000b4ff      0xf32 src/ASF/sam/drivers/pmc/pmc.o
 .debug_line    0x0000c431      0xb40 src/ASF/sam/drivers/pmc/sleep.o
 .debug_line    0x0000cf71      0xb7a src/ASF/sam/drivers/tc/tc.o
 .debug_line    0x0000daeb     0x17c0 src/ASF/sam/drivers/udp/udp_device.o
 .debug_line    0x0000f2ab      0xa2e src/ASF/sam/drivers/wdt/wdt.o
 .debug_line    0x0000fcd9      0x7d1 src/ASF/sam/utils/cmsis/sam3s/source/templates/exceptions.o
 .debug_line    0x000104aa      0x821 src/ASF/sam/utils/cmsis/sam3s/source/templates/gcc/startup_sam3s.o
 .debug_line    0x00010ccb      0x840 src/ASF/sam/utils/cmsis/sam3s/source/templates/system_sam3s.o
 .debug_line    0x0001150b      0x39b src/ASF/sam/utils/syscalls/gcc/syscalls.o
 .debug_line    0x000118a6      0xe7b src/main.o

.debug_str      0x00000000    0x50151
 .debug_str     0x00000000    0x438e6 src/ADC_core.o
                              0x43d3e (size before relaxing)
 .debug_str     0x000438e6      0x147 src/DAC.o
                              0x423ba (size before relaxing)
 .debug_str     0x00043a2d     0x48e5 src/parser.o
                              0x46609 (size before relaxing)
 .debug_str     0x00048312      0x66d src/ASF/common/boards/user_board/init.o
                              0x47152 (size before relaxing)
 .debug_str     0x0004897f      0x248 src/ASF/common/services/clock/sam3s/sysclk.o
                              0x428a1 (size before relaxing)
 .debug_str     0x00048bc7       0x35 src/ASF/common/services/delay/sam/cycle_counter.o
                              0x41628 (size before relaxing)
 .debug_str     0x00048bfc       0x97 src/ASF/common/services/sleepmgr/sam/sleepmgr.o
                              0x41644 (size before relaxing)
 .debug_str     0x00048c93      0xd9a src/ASF/common/services/usb/class/cdc/device/udi_cdc.o
                              0x46aba (size before relaxing)
 .debug_str     0x00049a2d      0x5e8 src/ASF/common/services/usb/class/cdc/device/udi_cdc_desc.o
                              0x4538e (size before relaxing)
 .debug_str     0x0004a015      0x697 src/ASF/common/services/usb/udc/udc.o
                              0x443ab (size before relaxing)
 .debug_str     0x0004a6ac       0x65 src/ASF/common/utils/interrupt/interrupt_sam_nvic.o
                              0x41508 (size before relaxing)
 .debug_str     0x0004a711      0x621 src/ASF/sam/drivers/adc/adc.o
                              0x41f80 (size before relaxing)
 .debug_str     0x0004ad32      0x2c3 src/ASF/sam/drivers/dacc/dacc.o
                              0x41915 (size before relaxing)
 .debug_str     0x0004aff5      0x5ec src/ASF/sam/drivers/pio/pio.o
                              0x4210e (size before relaxing)
 .debug_str     0x0004b5e1      0x1d1 src/ASF/sam/drivers/pio/pio_handler.o
                              0x41f0a (size before relaxing)
 .debug_str     0x0004b7b2      0x67f src/ASF/sam/drivers/pmc/pmc.o
                              0x41ed5 (size before relaxing)
 .debug_str     0x0004be31      0x17e src/ASF/sam/drivers/pmc/sleep.o
                              0x4222d (size before relaxing)
 .debug_str     0x0004bfaf      0x2da src/ASF/sam/drivers/tc/tc.o
                              0x41860 (size before relaxing)
 .debug_str     0x0004c289     0x33eb src/ASF/sam/drivers/udp/udp_device.o
                              0x4992c (size before relaxing)